 ConEmu.x64

 Timestamp is 55d7cc65 (Sat Aug 22 04:12:05 2015)

 Preferred load address is 0000000180000000

 Start         Length     Name                   Class
 0001:00000000 000473d4H .text                   CODE
 0001:000473e0 0000005eH .text$00                CODE
 0001:00047440 0000058cH .text$x                 CODE
 0001:000479d0 00000015H .text$yc                CODE
 0002:00000000 000007c8H .idata$5                DATA
 0002:000007c8 00000008H .CRT$XCA                DATA
 0002:000007d0 00000008H .CRT$XCU                DATA
 0002:000007d8 00000008H .CRT$XCZ                DATA
 0002:000007e0 00000008H .CRT$XIA                DATA
 0002:000007e8 00000008H .CRT$XIC                DATA
 0002:000007f0 00000008H .CRT$XIZ                DATA
 0002:000007f8 00000008H .CRT$XPA                DATA
 0002:00000800 00000008H .CRT$XPZ                DATA
 0002:00000808 00000008H .CRT$XTA                DATA
 0002:00000810 00000008H .CRT$XTZ                DATA
 0002:00000820 000067ebH .rdata                  DATA
 0002:0000700c 00000073H .rdata$debug            DATA
 0002:00007080 00002868H .xdata                  DATA
 0002:000098e8 00000078H .idata$2                DATA
 0002:00009960 00000014H .idata$3                DATA
 0002:00009978 000007c8H .idata$4                DATA
 0002:0000a140 000011f6H .idata$6                DATA
 0002:0000b340 000002e1H .edata                  DATA
 0003:00000000 000014bcH .data                   DATA
 0003:000014c0 0000bab8H .bss                    DATA
 0004:00000000 00002c4cH .pdata                  DATA
 0005:00000000 00000058H .rsrc$01                DATA
 0005:00000060 000002d8H .rsrc$02                DATA

  Address         Publics by Value              Rva+Base               Lib:Object

 0000:00000000       ___safe_se_handler_count   0000000000000000     <absolute>
 0000:00000000       ___safe_se_handler_table   0000000000000000     <absolute>
 0000:00000000       __ImageBase                0000000180000000     <linker-defined>
 0001:00000000       ??0CmdArg@@QEAA@XZ         0000000180001000 f   CmdArg.obj
 0001:00000050       ??0CmdArg@@QEAA@PEA_W@Z    0000000180001050 f   CmdArg.obj
 0001:000000c0       ??4CmdArg@@QEAAAEAU0@PEA_W@Z 00000001800010c0 f   CmdArg.obj
 0001:000000f0       ??4CmdArg@@QEAAAEAU0@PEB_W@Z 00000001800010f0 f   CmdArg.obj
 0001:00000120       ??1CmdArg@@QEAA@XZ         0000000180001120 f   CmdArg.obj
 0001:000001a0       ?GetBuffer@CmdArg@@QEAAPEA_W_J@Z 00000001800011a0 f   CmdArg.obj
 0001:00000300       ?Detach@CmdArg@@QEAAPEA_WXZ 0000000180001300 f   CmdArg.obj
 0001:00000340       ?Attach@CmdArg@@QEAAPEB_WPEA_W@Z 0000000180001340 f   CmdArg.obj
 0001:00000370       ?AttachInt@CmdArg@@AEAAPEB_WAEAPEA_W@Z 0000000180001370 f   CmdArg.obj
 0001:00000410       ?Empty@CmdArg@@QEAAXXZ     0000000180001410 f   CmdArg.obj
 0001:00000470       ?IsEmpty@CmdArg@@QEAA_NXZ  0000000180001470 f   CmdArg.obj
 0001:000004b0       ?Set@CmdArg@@QEAAPEB_WPEB_W_J@Z 00000001800014b0 f   CmdArg.obj
 0001:00000580       ?StringCchCopyNW@@YAJPEA_W_KPEB_W1@Z 0000000180001580 f i CmdArg.obj
 0001:00000740       ?SavePathVar@CmdArg@@QEAAXPEB_W@Z 0000000180001740 f   CmdArg.obj
 0001:000007a0       ?SaveEnvVar@CmdArg@@QEAAXPEB_W0@Z 00000001800017a0 f   CmdArg.obj
 0001:00000850       ?SetAt@CmdArg@@QEAAX_J_W@Z 0000000180001850 f   CmdArg.obj
 0001:000008a0       ?GetPosFrom@CmdArg@@QEAAXAEBU1@@Z 00000001800018a0 f   CmdArg.obj
 0001:000008e0       ?IsNeedDequote@@YA_NPEB_W_NPEAPEB_W@Z 00000001800018e0 f   CmdLine.obj
 0001:00000b90       ??BCmdArg@@QEBAPEB_WXZ     0000000180001b90 f i CmdLine.obj
 0001:00000ba0       ?NextArg@@YAHPEAPEB_WAEAUCmdArg@@0@Z 0000000180001ba0 f   CmdLine.obj
 0001:00001110       ?NextLine@@YAHPEAPEB_WAEAUCmdArg@@K@Z 0000000180002110 f   CmdLine.obj
 0001:00001300       ?AddEndSlash@@YAHPEA_WH@Z  0000000180002300 f   CmdLine.obj
 0001:00001390       ?SkipNonPrintable@@YAPEB_WPEB_W@Z 0000000180002390 f   CmdLine.obj
 0001:00001400       ?CompareFileMask@@YA_NPEB_W0@Z 0000000180002400 f   CmdLine.obj
 0001:00001620       ?wcschr@@YAPEA_WPEA_W_W@Z  0000000180002620 f i CmdLine.obj
 0001:00001650       ?GetDrive@@YAPEB_WPEB_WPEA_WH@Z 0000000180002650 f   CmdLine.obj
 0001:00001900       ?GetDirectory@@YAHAEAUCmdArg@@@Z 0000000180002900 f   CmdLine.obj
 0001:000019a0       ?IsNeedCmd@@YA_NHPEB_WAEAUCmdArg@@PEAPEB_WPEAH333@Z 00000001800029a0 f   CmdLine.obj
 0001:00002410       ?Disable@MWow64Disable@@QEAAXXZ 0000000180003410 f i CmdLine.obj
 0001:00002450       ??0MWow64Disable@@QEAA@XZ  0000000180003450 f i CmdLine.obj
 0001:000024f0       ??1MWow64Disable@@QEAA@XZ  00000001800034f0 f i CmdLine.obj
 0001:00002510       ?Restore@MWow64Disable@@QEAAXXZ 0000000180003510 f i CmdLine.obj
 0001:00002560       ?IsExecutable@@YA_NPEB_WPEAPEA_W@Z 0000000180003560 f   CmdLine.obj
 0001:00002680       ?CheckProcessName@@YA_NPEB_WPEAPEB_W1@Z 0000000180003680 f   CmdLine.obj
 0001:00002780       ?IsConsoleService@@YA_NPEB_W@Z 0000000180003780 f   CmdLine.obj
 0001:000027f0       ?IsConsoleServer@@YA_NPEB_W@Z 00000001800037f0 f   CmdLine.obj
 0001:00002860       ?IsFarExe@@YA_NPEB_W@Z     0000000180003860 f   CmdLine.obj
 0001:000028d0       ?IsCmdProcessor@@YA_NPEB_W@Z 00000001800038d0 f   CmdLine.obj
 0001:00002940       ?IsQuotationNeeded@@YA_NPEB_W@Z 0000000180003940 f   CmdLine.obj
 0001:00002990       ?MergeCmdLine@@YAPEA_WPEB_W0@Z 0000000180003990 f   CmdLine.obj
 0001:00002a70       ?JoinPath@@YAPEA_WPEB_W00@Z 0000000180003a70 f   CmdLine.obj
 0001:00002ca0       ?IsFilePath@@YA_NPEB_W_N@Z 0000000180003ca0 f   CmdLine.obj
 0001:00002ea0       ?PointToName@@YAPEB_WPEB_W@Z 0000000180003ea0 f   CmdLine.obj
 0001:00002f50       ?PointToName@@YAPEBDPEBD@Z 0000000180003f50 f   CmdLine.obj
 0001:00003000       ?PointToExt@@YAPEB_WPEB_W@Z 0000000180004000 f   CmdLine.obj
 0001:00003050       ?Unquote@@YAPEB_WPEA_W_N@Z 0000000180004050 f   CmdLine.obj
 0001:00003100       ?wcsrchr@@YAPEA_WPEA_W_W@Z 0000000180004100 f i CmdLine.obj
 0001:00003130       ?IsNewConsoleArg@@YA_NPEB_W0@Z 0000000180004130 f   CmdLine.obj
 0001:00003250       ?PackInputRecord@@YAHPEBU_INPUT_RECORD@@PEAUMsgStr@MSG64@@@Z 0000000180004250 f   Common.obj
 0001:00003500       ?UnpackInputRecord@@YAHPEBUMsgStr@MSG64@@PEAU_INPUT_RECORD@@@Z 0000000180004500 f   Common.obj
 0001:000037f0       ?TranslateKeyPress@@YAXGK_WHPEAU_INPUT_RECORD@@1@Z 00000001800047f0 f   Common.obj
 0001:00003a40       ?GetCommand@CESERVER_REQ_NEWCMD@@QEAAPEA_WXZ 0000000180004a40 f   Common.obj
 0001:00003a90       ?GetEnvStrings@CESERVER_REQ_NEWCMD@@QEAAPEA_WXZ 0000000180004a90 f   Common.obj
 0001:00003ae0       ?SetCommand@CESERVER_REQ_NEWCMD@@QEAAXPEB_W@Z 0000000180004ae0 f   Common.obj
 0001:00003b80       ?SetEnvStrings@CESERVER_REQ_NEWCMD@@QEAAXPEB_WK@Z 0000000180004b80 f   Common.obj
 0001:00003d20       ?IsEnvBlockVariableValid@@YA_NPEB_WAEAPEB_W@Z 0000000180004d20 f   Common.obj
 0001:00003d90       ?IsEnvBlockVariableValid@@YA_NPEB_W@Z 0000000180004d90 f   Common.obj
 0001:00003de0       ?CommonShutdown@@YAXXZ     0000000180004de0 f   Common.obj
 0001:00003e10       ?ModuleName@@YAPEB_WPEB_W@Z 0000000180004e10 f   ConEmuCheck.obj
 0001:00003f00       ?ExecuteOpenPipe@@YAPEAXPEB_WAEAY0CAI@_W0KKHPEAXH@Z 0000000180004f00 f   ConEmuCheck.obj
 0001:00004200       ?ExecutePrepareCmd@@YAXPEAUCESERVER_REQ@@K_K@Z 0000000180005200 f   ConEmuCheck.obj
 0001:00004260       ?ExecutePrepareCmd@@YAXPEAUCESERVER_REQ_HDR@@K_K@Z 0000000180005260 f   ConEmuCheck.obj
 0001:00004330       ?ExecuteNewCmd@@YAPEAUCESERVER_REQ@@K_K@Z 0000000180005330 f   ConEmuCheck.obj
 0001:000043a0       ?ExecuteNewCmd@@YA_NAEAPEAUCESERVER_REQ@@AEAKK_K@Z 00000001800053a0 f   ConEmuCheck.obj
 0001:00004470       ?LoadSrvMapping@@YAHPEAUHWND__@@AEAUCESERVER_CONSOLE_MAPPING_HDR@@@Z 0000000180005470 f   ConEmuCheck.obj
 0001:000045e0       ?LoadGuiMapping@@YAHKAEAUConEmuGuiMapping@@@Z 00000001800055e0 f   ConEmuCheck.obj
 0001:00004740       ?ExecuteNewCmdOnCreate@@YAPEAUCESERVER_REQ@@PEAUCESERVER_CONSOLE_MAPPING_HDR@@PEAUHWND__@@W4CmdOnCreateType@@PEB_W33PEAK444HHPEAX55@Z 0000000180005740 f   ConEmuCheck.obj
 0001:00004c30       ?StringCchCopyW@@YAJPEA_W_KPEB_W@Z 0000000180005c30 f i ConEmuCheck.obj
 0001:00004dc0       ?ExecuteGuiCmd@@YAPEAUCESERVER_REQ@@PEAUHWND__@@PEAU1@0H@Z 0000000180005dc0 f   ConEmuCheck.obj
 0001:00004e80       ?ExecuteSrvCmd@@YAPEAUCESERVER_REQ@@KPEAU1@PEAUHWND__@@HKH@Z 0000000180005e80 f   ConEmuCheck.obj
 0001:00004f50       ?ExecuteHkCmd@@YAPEAUCESERVER_REQ@@KPEAU1@PEAUHWND__@@HH@Z 0000000180005f50 f   ConEmuCheck.obj
 0001:00005020       ?ExecuteCmd@@YAPEAUCESERVER_REQ@@PEB_WPEAU1@KPEAUHWND__@@HKH@Z 0000000180006020 f   ConEmuCheck.obj
 0001:00005420       ?ExecuteFreeResult@@YAXAEAPEAUCESERVER_REQ@@@Z 0000000180006420 f   ConEmuCheck.obj
 0001:00005460       ?AllocateSendCurrentDirectory@@YA_NAEAPEAUCESERVER_REQ@@AEAKPEB_W2@Z 0000000180006460 f   ConEmuCheck.obj
 0001:000055b0       ?SendCurrentDirectory@@YAXPEAUHWND__@@PEB_W1@Z 00000001800065b0 f   ConEmuCheck.obj
 0001:00005630       ?isConsoleClass@@YA_NPEB_W@Z 0000000180006630 f   ConEmuCheck.obj
 0001:00005690       ?isConsoleWindow@@YA_NPEAUHWND__@@@Z 0000000180006690 f   ConEmuCheck.obj
 0001:000057a0       ?myGetConsoleWindow@@YAPEAUHWND__@@XZ 00000001800067a0 f   ConEmuCheck.obj
 0001:00005870       ?GetConEmuHWND@@YAPEAUHWND__@@H@Z 0000000180006870 f   ConEmuCheck.obj
 0001:00005a90       ??BHWND2@@QEBAPEAUHWND__@@XZ 0000000180006a90 f i ConEmuCheck.obj
 0001:00005aa0       ??BHWND2@@QEBAKXZ          0000000180006aa0 f i ConEmuCheck.obj
 0001:00005ab0       ?ConEmuCheck@@YAHPEAPEAUHWND__@@@Z 0000000180006ab0 f   ConEmuCheck.obj
 0001:00005b00       ?GuiMessageBox@@YAHPEAUHWND__@@PEB_W1H@Z 0000000180006b00 f   ConEmuCheck.obj
 0001:00005d30       ?InitName@?$MFileMapping@UCESERVER_CONSOLE_MAPPING_HDR@@@@QEAAPEB_WPEB_WKK@Z 0000000180006d30 f i ConEmuCheck.obj
 0001:00005d90       ?CloseMap@?$MFileMapping@UCESERVER_CONSOLE_MAPPING_HDR@@@@QEAAXXZ 0000000180006d90 f i ConEmuCheck.obj
 0001:00005e20       ?Open@?$MFileMapping@UCESERVER_CONSOLE_MAPPING_HDR@@@@QEAAPEAUCESERVER_CONSOLE_MAPPING_HDR@@HH@Z 0000000180006e20 f i ConEmuCheck.obj
 0001:00005e50       ??0?$MFileMapping@UCESERVER_CONSOLE_MAPPING_HDR@@@@QEAA@XZ 0000000180006e50 f i ConEmuCheck.obj
 0001:00005ec0       ??1?$MFileMapping@UCESERVER_CONSOLE_MAPPING_HDR@@@@QEAA@XZ 0000000180006ec0 f i ConEmuCheck.obj
 0001:00005ef0       ?InitName@?$MFileMapping@UConEmuGuiMapping@@@@QEAAPEB_WPEB_WKK@Z 0000000180006ef0 f i ConEmuCheck.obj
 0001:00005f50       ?CloseMap@?$MFileMapping@UConEmuGuiMapping@@@@QEAAXXZ 0000000180006f50 f i ConEmuCheck.obj
 0001:00005fe0       ?Open@?$MFileMapping@UConEmuGuiMapping@@@@QEAAPEAUConEmuGuiMapping@@HH@Z 0000000180006fe0 f i ConEmuCheck.obj
 0001:00006010       ??0?$MFileMapping@UConEmuGuiMapping@@@@QEAA@XZ 0000000180007010 f i ConEmuCheck.obj
 0001:00006080       ??1?$MFileMapping@UConEmuGuiMapping@@@@QEAA@XZ 0000000180007080 f i ConEmuCheck.obj
 0001:000060b0       ?ClosePtr@?$MFileMapping@UCESERVER_CONSOLE_MAPPING_HDR@@@@QEAAXXZ 00000001800070b0 f i ConEmuCheck.obj
 0001:000060f0       ?InternalOpenCreate@?$MFileMapping@UCESERVER_CONSOLE_MAPPING_HDR@@@@IEAAPEAUCESERVER_CONSOLE_MAPPING_HDR@@HHH@Z 00000001800070f0 f i ConEmuCheck.obj
 0001:000063a0       ?ClosePtr@?$MFileMapping@UConEmuGuiMapping@@@@QEAAXXZ 00000001800073a0 f i ConEmuCheck.obj
 0001:000063e0       ?InternalOpenCreate@?$MFileMapping@UConEmuGuiMapping@@@@IEAAPEAUConEmuGuiMapping@@HHH@Z 00000001800073e0 f i ConEmuCheck.obj
 0001:00006690       ??$wcscpy_c@$0CA@@@YAHAEAY0CA@_WPEB_W@Z 0000000180007690 f i ConEmuCheck.obj
 0001:000066c0       ??$wcscpy_c@$0CAI@@@YAHAEAY0CAI@_WPEB_W@Z 00000001800076c0 f i ConEmuCheck.obj
 0001:000066f0       ?LoadGuiMapping@@YAHPEAUHWND__@@AEAUConEmuGuiMapping@@@Z 00000001800076f0 f   ConEmuCheckEx.obj
 0001:00006740       ?IsConEmuExeExist@@YAHPEB_WAEAY0BAF@_W@Z 0000000180007740 f   ConEmuCheckEx.obj
 0001:00006820       ?FindConEmuBaseDir@@YAHAEAY0BAF@_W0PEAUHINSTANCE__@@@Z 0000000180007820 f   ConEmuCheckEx.obj
 0001:00006e90       ??$wcscpy_c@$0BAF@@@YAHAEAY0BAF@_WPEB_W@Z 0000000180007e90 f i ConEmuCheckEx.obj
 0001:00006ff0       ??$wcscpy_add@$0BAF@@@YAHPEA_WAEAY0BAF@_WPEB_W@Z 0000000180007ff0 f i ConEmuCheckEx.obj
 0001:00007060       ??$wcscat_c@$0BAF@@@YAHAEAY0BAF@_WPEB_W@Z 0000000180008060 f i ConEmuCheckEx.obj
 0001:00007090       ?StringCchCatW@@YAJPEA_W_KPEB_W@Z 0000000180008090 f i ConEmuCheckEx.obj
 0001:00007220       ?StartupHooks@@YA_NPEAUHINSTANCE__@@@Z 0000000180008220 f   ConEmuInjects.obj
 0001:00007720       ?ShutdownHooks@@YAXXZ      0000000180008720 f   ConEmuInjects.obj
 0001:000079b0       ??$wcscpy_c@$0EA@@@YAHAEAY0EA@_WPEB_W@Z 00000001800089b0 f i ConEmuInjects.obj
 0001:00007b10       DllMain                    0000000180008b10 f   ConEmuPlugin.obj
 0001:00007b60       ?GetPluginInfo@@YAXPEAX@Z  0000000180008b60 f   ConEmuPlugin.obj
 0001:00007bd0       ?GetPluginInfoW@@YAXPEAX@Z 0000000180008bd0 f   ConEmuPlugin.obj
 0001:00007c00       ?IsConsoleActive@@YAHXZ    0000000180008c00 f   ConEmuPlugin.obj
 0001:00007c80       ?GetFarHWND2@@YAPEAUHWND__@@H@Z 0000000180008c80 f   ConEmuPlugin.obj
 0001:00007d10       ?GetFarHWND@@YAPEAUHWND__@@XZ 0000000180008d10 f   ConEmuPlugin.obj
 0001:00007d20       ?IsTerminalMode@@YAHXZ     0000000180008d20 f   ConEmuPlugin.obj
 0001:00007d30       ?GetFarVersion@@YAXPEAUFarVersion@@@Z 0000000180008d30 f   ConEmuPlugin.obj
 0001:00007d60       ?RegisterPanelView@@YAHPEAUPanelViewInit@@@Z 0000000180008d60 f   ConEmuPlugin.obj
 0001:00008030       ?RegisterBackground@@YAHPEAURegisterBackgroundArg@@@Z 0000000180009030 f   ConEmuPlugin.obj
 0001:000080d0       ?SyncExecute@@YAHPEAUHINSTANCE__@@P6AX_J@Z1@Z 00000001800090d0 f   ConEmuPlugin.obj
 0001:00008150       ?ActivateConsole@@YAHXZ    0000000180009150 f   ConEmuPlugin.obj
 0001:00008210       ??4HWND2@@QEAAAEAU0@PEAUHWND__@@@Z 0000000180009210 f i ConEmuPlugin.obj
 0001:00008230       ?SetStartupInfo@@YAXPEAX@Z 0000000180009230 f   ConEmuPlugin.obj
 0001:000082b0       SetStartupInfoW            00000001800092b0 f   ConEmuPlugin.obj
 0001:000082f0       ?GetMinFarVersion@@YAHXZ   00000001800092f0 f   ConEmuPlugin.obj
 0001:00008360       GetMinFarVersionW          0000000180009360 f   ConEmuPlugin.obj
 0001:00008370       ProcessSynchroEventW       0000000180009370 f   ConEmuPlugin.obj
 0001:000083a0       ?ProcessSynchroEventW3@@YA_JPEAX@Z 00000001800093a0 f   ConEmuPlugin.obj
 0001:000083e0       ?ProcessEditorEvent@@YAHHPEAX@Z 00000001800093e0 f   ConEmuPlugin.obj
 0001:00008410       ProcessEditorEventW        0000000180009410 f   ConEmuPlugin.obj
 0001:00008440       ?ProcessEditorEventW3@@YA_JPEAX@Z 0000000180009440 f   ConEmuPlugin.obj
 0001:00008480       ?ProcessViewerEvent@@YAHHPEAX@Z 0000000180009480 f   ConEmuPlugin.obj
 0001:000084b0       ProcessViewerEventW        00000001800094b0 f   ConEmuPlugin.obj
 0001:000084e0       ?ProcessViewerEventW3@@YA_JPEAX@Z 00000001800094e0 f   ConEmuPlugin.obj
 0001:00008520       ?ProcessEditorInput@@YAHPEBU_INPUT_RECORD@@@Z 0000000180009520 f   ConEmuPlugin.obj
 0001:00008550       ProcessEditorInputW        0000000180009550 f   ConEmuPlugin.obj
 0001:00008580       ?OpenPlugin@@YAPEAXH_J@Z   0000000180009580 f   ConEmuPlugin.obj
 0001:000085b0       OpenPluginW                00000001800095b0 f   ConEmuPlugin.obj
 0001:00008610       ?OpenW@@YAPEAXPEBX@Z       0000000180009610 f   ConEmuPlugin.obj
 0001:00008640       ?ExitFAR@@YAXXZ            0000000180009640 f   ConEmuPlugin.obj
 0001:000086b0       ExitFARW                   00000001800096b0 f   ConEmuPlugin.obj
 0001:00008720       ?ExitFARW3@@YAXPEAX@Z      0000000180009720 f   ConEmuPlugin.obj
 0001:00008790       ?SetupExportsFar3@@YAXXZ   0000000180009790 f   ConEmuPlugin.obj
 0001:00008a90       ?_calloc@@YAPEAX_K0@Z      0000000180009a90 f   ConEmuPlugin.obj
 0001:00008ac0       ?_malloc@@YAPEAX_K@Z       0000000180009ac0 f   ConEmuPlugin.obj
 0001:00008ae0       ?_free@@YAXPEAX@Z          0000000180009ae0 f   ConEmuPlugin.obj
 0001:00008b00       ??0CPluginW1900@@QEAA@XZ   0000000180009b00 f   ConEmuPlugin1900.obj
 0001:00008e00       ??_GCPluginW1900@@UEAAPEAXI@Z 0000000180009e00 f i ConEmuPlugin1900.obj
 0001:00008e00       ??_ECPluginW1900@@UEAAPEAXI@Z 0000000180009e00 f i ConEmuPlugin1900.obj
 0001:00008e40       ??1CPluginW1900@@UEAA@XZ   0000000180009e40 f i ConEmuPlugin1900.obj
 0001:00008e70       ?ProcessEditorEventPtr@CPluginW1900@@UEAAHPEAX@Z 0000000180009e70 f   ConEmuPlugin1900.obj
 0001:00008eb0       ?ProcessViewerEventPtr@CPluginW1900@@UEAAHPEAX@Z 0000000180009eb0 f   ConEmuPlugin1900.obj
 0001:00008ef0       ?ProcessSynchroEventPtr@CPluginW1900@@UEAAHPEAX@Z 0000000180009ef0 f   ConEmuPlugin1900.obj
 0001:00008f30       ?GetPanelDir@CPluginW1900@@UEAAPEA_WKPEA_WH@Z 0000000180009f30 f   ConEmuPlugin1900.obj
 0001:00009160       ?GetPanelInfo@CPluginW1900@@UEAA_NKPEAUCEPanelInfo@@@Z 000000018000a160 f   ConEmuPlugin1900.obj
 0001:00009710       ?GetPanelItemInfo@CPluginW1900@@UEAA_NAEBUCEPanelInfo@@_N_JAEAU_WIN32_FIND_DATAW@@PEAPEA_W@Z 000000018000a710 f   ConEmuPlugin1900.obj
 0001:00009a40       ?PanelControlApi@CPluginW1900@@UEAA_JPEAXH_J0@Z 000000018000aa40 f   ConEmuPlugin1900.obj
 0001:00009ab0       ?GetPluginInfoPtr@CPluginW1900@@UEAAXPEAX@Z 000000018000aab0 f   ConEmuPlugin1900.obj
 0001:00009b50       ?SetStartupInfoPtr@CPluginW1900@@UEAAXPEAX@Z 000000018000ab50 f   ConEmuPlugin1900.obj
 0001:00009d20       ?GetEditorModifiedState@CPluginW1900@@UEAAKXZ 000000018000ad20 f   ConEmuPlugin1900.obj
 0001:00009d90       ?ProcessEditorInputPtr@CPluginW1900@@UEAAHPEBX@Z 000000018000ad90 f   ConEmuPlugin1900.obj
 0001:00009dd0       ?GetWindowCount@CPluginW1900@@UEAAHXZ 000000018000add0 f   ConEmuPlugin1900.obj
 0001:00009e30       ?UpdateConEmuTabsApi@CPluginW1900@@UEAA_NH@Z 000000018000ae30 f   ConEmuPlugin1900.obj
 0001:0000a4d0       ?ExitFar@CPluginW1900@@UEAAXXZ 000000018000b4d0 f   ConEmuPlugin1900.obj
 0001:0000a580       ?ShowMessage@CPluginW1900@@UEAAHPEB_WH_N@Z 000000018000b580 f   ConEmuPlugin1900.obj
 0001:0000a640       ?GetMsg@CPluginW1900@@UEAAPEB_WHPEA_W_K@Z 000000018000b640 f   ConEmuPlugin1900.obj
 0001:0000a6e0       ?SetWindow@CPluginW1900@@UEAAXH@Z 000000018000b6e0 f   ConEmuPlugin1900.obj
 0001:0000a760       ?PostMacroApi@CPluginW1900@@UEAAXPEB_WPEAU_INPUT_RECORD@@_N@Z 000000018000b760 f   ConEmuPlugin1900.obj
 0001:0000b3b0       ?wcsstr@@YAPEA_WPEA_WPEB_W@Z 000000018000c3b0 f i ConEmuPlugin1900.obj
 0001:0000b3e0       ?ShowPluginMenu@CPluginW1900@@UEAAHPEAUConEmuPluginMenuItem@@HH@Z 000000018000c3e0 f   ConEmuPlugin1900.obj
 0001:0000b6c0       ?OpenEditor@CPluginW1900@@UEAA_NPEB_W_N11HH@Z 000000018000c6c0 f   ConEmuPlugin1900.obj
 0001:0000b8f0       ?ExecuteSynchroApi@CPluginW1900@@UEAA_NXZ 000000018000c8f0 f   ConEmuPlugin1900.obj
 0001:0000b940       ?WaitEndSynchro@CPluginW1900@@UEAAXXZ 000000018000c940 f   ConEmuPlugin1900.obj
 0001:0000b950       ?StopWaitEndSynchro@CPluginW1900@@UEAAXXZ 000000018000c950 f   ConEmuPlugin1900.obj
 0001:0000b960       ?IsMacroActive@CPluginW1900@@UEAA_NXZ 000000018000c960 f   ConEmuPlugin1900.obj
 0001:0000b9c0       ?GetMacroArea@CPluginW1900@@UEAAHXZ 000000018000c9c0 f   ConEmuPlugin1900.obj
 0001:0000ba00       ?RedrawAll@CPluginW1900@@UEAAXXZ 000000018000ca00 f   ConEmuPlugin1900.obj
 0001:0000ba50       ?InputBox@CPluginW1900@@UEAA_NPEB_W000AEAPEA_W@Z 000000018000ca50 f   ConEmuPlugin1900.obj
 0001:0000bb20       ?ShowUserScreen@CPluginW1900@@UEAAX_N@Z 000000018000cb20 f   ConEmuPlugin1900.obj
 0001:0000bb90       ?LoadFarColors@CPluginW1900@@UEAAXAEAY0BAA@E@Z 000000018000cb90 f   ConEmuPlugin1900.obj
 0001:0000bdc0       ?FarColor_3_2@@YAEAEBUFarColor@@@Z 000000018000cdc0 f i ConEmuPlugin1900.obj
 0001:0000bef0       ?Color2FgIndex@Far3Color@@SAXKAEAGPEBK@Z 000000018000cef0 f i ConEmuPlugin1900.obj
 0001:0000c080       ?Max@Far3Color@@SAHHH@Z    000000018000d080 f i ConEmuPlugin1900.obj
 0001:0000c0b0       ?GetStdIndex@Far3Color@@SAHKPEBK@Z 000000018000d0b0 f i ConEmuPlugin1900.obj
 0001:0000c130       ?GetStdPalette@Far3Color@@SAPEBKXZ 000000018000d130 f i ConEmuPlugin1900.obj
 0001:0000c140       ?Color2BgIndex@Far3Color@@SAXKHAEAGPEBK@Z 000000018000d140 f i ConEmuPlugin1900.obj
 0001:0000c320       ?LoadFarSettings@CPluginW1900@@UEAAXPEAUCEFarInterfaceSettings@@PEAUCEFarPanelSettings@@@Z 000000018000d320 f   ConEmuPlugin1900.obj
 0001:0000c5c0       ?GetFarRect@CPluginW1900@@UEAA_NAEAU_SMALL_RECT@@@Z 000000018000d5c0 f   ConEmuPlugin1900.obj
 0001:0000c650       ?CheckPanelExist@CPluginW1900@@UEAA_NXZ 000000018000d650 f   ConEmuPlugin1900.obj
 0001:0000c6c0       ?GetActiveWindowType@CPluginW1900@@UEAAHXZ 000000018000d6c0 f   ConEmuPlugin1900.obj
 0001:0000c7c0       ?GetWindowTypeName@CPluginW1900@@UEAAPEB_WH@Z 000000018000d7c0 f   ConEmuPlugin1900.obj
 0001:0000c880       ?GuiMacroDlg@CPluginW1900@@UEAAXXZ 000000018000d880 f   ConEmuPlugin1900.obj
 0001:0000cfd0       ?Open@CPluginW1900@@UEAAPEAXPEBX@Z 000000018000dfd0 f   ConEmuPlugin1900.obj
 0001:0000d230       GetGlobalInfoW             000000018000e230 f   ConEmuPlugin2800.obj
 0001:0000d450       ??0CPluginW2800@@QEAA@XZ   000000018000e450 f   ConEmuPlugin2800.obj
 0001:0000d750       ??_GCPluginW2800@@UEAAPEAXI@Z 000000018000e750 f i ConEmuPlugin2800.obj
 0001:0000d750       ??_ECPluginW2800@@UEAAPEAXI@Z 000000018000e750 f i ConEmuPlugin2800.obj
 0001:0000d790       ??1CPluginW2800@@UEAA@XZ   000000018000e790 f i ConEmuPlugin2800.obj
 0001:0000d7c0       ?GetPanelDir@CPluginW2800@@UEAAPEA_WKPEA_WH@Z 000000018000e7c0 f   ConEmuPlugin2800.obj
 0001:0000d9f0       ?GetPanelInfo@CPluginW2800@@UEAA_NKPEAUCEPanelInfo@@@Z 000000018000e9f0 f   ConEmuPlugin2800.obj
 0001:0000dfa0       ?GetPanelItemInfo@CPluginW2800@@UEAA_NAEBUCEPanelInfo@@_N_JAEAU_WIN32_FIND_DATAW@@PEAPEA_W@Z 000000018000efa0 f   ConEmuPlugin2800.obj
 0001:0000e2d0       ?PanelControlApi@CPluginW2800@@UEAA_JPEAXH_J0@Z 000000018000f2d0 f   ConEmuPlugin2800.obj
 0001:0000e340       ?GetPluginInfoPtr@CPluginW2800@@UEAAXPEAX@Z 000000018000f340 f   ConEmuPlugin2800.obj
 0001:0000e3e0       ?SetStartupInfoPtr@CPluginW2800@@UEAAXPEAX@Z 000000018000f3e0 f   ConEmuPlugin2800.obj
 0001:0000e5b0       ?GetEditorModifiedState@CPluginW2800@@UEAAKXZ 000000018000f5b0 f   ConEmuPlugin2800.obj
 0001:0000e620       ?ProcessEditorEventPtr@CPluginW2800@@UEAAHPEAX@Z 000000018000f620 f   ConEmuPlugin2800.obj
 0001:0000e660       ?ProcessViewerEventPtr@CPluginW2800@@UEAAHPEAX@Z 000000018000f660 f   ConEmuPlugin2800.obj
 0001:0000e6a0       ?ProcessSynchroEventPtr@CPluginW2800@@UEAAHPEAX@Z 000000018000f6a0 f   ConEmuPlugin2800.obj
 0001:0000e6e0       ?ProcessEditorInputPtr@CPluginW2800@@UEAAHPEBX@Z 000000018000f6e0 f   ConEmuPlugin2800.obj
 0001:0000e720       ?GetWindowCount@CPluginW2800@@UEAAHXZ 000000018000f720 f   ConEmuPlugin2800.obj
 0001:0000e780       ?UpdateConEmuTabsApi@CPluginW2800@@UEAA_NH@Z 000000018000f780 f   ConEmuPlugin2800.obj
 0001:0000f1d0       ?ExitFar@CPluginW2800@@UEAAXXZ 00000001800101d0 f   ConEmuPlugin2800.obj
 0001:0000f280       ?ShowMessage@CPluginW2800@@UEAAHPEB_WH_N@Z 0000000180010280 f   ConEmuPlugin2800.obj
 0001:0000f340       ?GetMsg@CPluginW2800@@UEAAPEB_WHPEA_W_K@Z 0000000180010340 f   ConEmuPlugin2800.obj
 0001:0000f3e0       ?SetWindow@CPluginW2800@@UEAAXH@Z 00000001800103e0 f   ConEmuPlugin2800.obj
 0001:0000f460       ?PostMacroApi@CPluginW2800@@UEAAXPEB_WPEAU_INPUT_RECORD@@_N@Z 0000000180010460 f   ConEmuPlugin2800.obj
 0001:0000fa80       ?ShowPluginMenu@CPluginW2800@@UEAAHPEAUConEmuPluginMenuItem@@HH@Z 0000000180010a80 f   ConEmuPlugin2800.obj
 0001:0000fd60       ?OpenEditor@CPluginW2800@@UEAA_NPEB_W_N11HH@Z 0000000180010d60 f   ConEmuPlugin2800.obj
 0001:0000ffa0       ?ExecuteSynchroApi@CPluginW2800@@UEAA_NXZ 0000000180010fa0 f   ConEmuPlugin2800.obj
 0001:0000fff0       ?WaitEndSynchro@CPluginW2800@@UEAAXXZ 0000000180010ff0 f   ConEmuPlugin2800.obj
 0001:00010000       ?StopWaitEndSynchro@CPluginW2800@@UEAAXXZ 0000000180011000 f   ConEmuPlugin2800.obj
 0001:00010010       ?IsMacroActive@CPluginW2800@@UEAA_NXZ 0000000180011010 f   ConEmuPlugin2800.obj
 0001:00010070       ?GetMacroArea@CPluginW2800@@UEAAHXZ 0000000180011070 f   ConEmuPlugin2800.obj
 0001:000100b0       ?RedrawAll@CPluginW2800@@UEAAXXZ 00000001800110b0 f   ConEmuPlugin2800.obj
 0001:00010100       ?InputBox@CPluginW2800@@UEAA_NPEB_W000AEAPEA_W@Z 0000000180011100 f   ConEmuPlugin2800.obj
 0001:000101d0       ?ShowUserScreen@CPluginW2800@@UEAAX_N@Z 00000001800111d0 f   ConEmuPlugin2800.obj
 0001:00010240       ?LoadFarColors@CPluginW2800@@UEAAXAEAY0BAA@E@Z 0000000180011240 f   ConEmuPlugin2800.obj
 0001:00010470       ?LoadFarSettings@CPluginW2800@@UEAAXPEAUCEFarInterfaceSettings@@PEAUCEFarPanelSettings@@@Z 0000000180011470 f   ConEmuPlugin2800.obj
 0001:00010720       ?GetFarRect@CPluginW2800@@UEAA_NAEAU_SMALL_RECT@@@Z 0000000180011720 f   ConEmuPlugin2800.obj
 0001:000107b0       ?CheckPanelExist@CPluginW2800@@UEAA_NXZ 00000001800117b0 f   ConEmuPlugin2800.obj
 0001:00010820       ?GetActiveWindowType@CPluginW2800@@UEAAHXZ 0000000180011820 f   ConEmuPlugin2800.obj
 0001:00010930       ?GetWindowTypeName@CPluginW2800@@UEAAPEB_WH@Z 0000000180011930 f   ConEmuPlugin2800.obj
 0001:000109f0       ?GuiMacroDlg@CPluginW2800@@UEAAXXZ 00000001800119f0 f   ConEmuPlugin2800.obj
 0001:00011150       ?Open@CPluginW2800@@UEAAPEAXPEBX@Z 0000000180012150 f   ConEmuPlugin2800.obj
 0001:00011450       ??0FarMacroValue@@QEAA@XZ  0000000180012450 f i ConEmuPlugin2800.obj
 0001:000114a0       ??0?$MArray@UWindowInfo@@@@QEAA@XZ 00000001800124a0 f i ConEmuPlugin2800.obj
 0001:00011500       ??1?$MArray@UWindowInfo@@@@QEAA@XZ 0000000180012500 f i ConEmuPlugin2800.obj
 0001:00011520       ??A?$MArray@UWindowInfo@@@@QEBAAEBUWindowInfo@@_J@Z 0000000180012520 f i ConEmuPlugin2800.obj
 0001:00011540       ??A?$MArray@UWindowInfo@@@@QEAAAEAUWindowInfo@@_J@Z 0000000180012540 f i ConEmuPlugin2800.obj
 0001:00011560       ?push_back@?$MArray@UWindowInfo@@@@QEAA_JAEBUWindowInfo@@@Z 0000000180012560 f i ConEmuPlugin2800.obj
 0001:00011630       ?insert@?$MArray@UWindowInfo@@@@QEAAX_JAEBUWindowInfo@@@Z 0000000180012630 f i ConEmuPlugin2800.obj
 0001:00011740       ?erase@?$MArray@UWindowInfo@@@@QEAAX_J@Z 0000000180012740 f i ConEmuPlugin2800.obj
 0001:00011800       ?size@?$MArray@UWindowInfo@@@@QEBA_JXZ 0000000180012800 f i ConEmuPlugin2800.obj
 0001:00011810       ?clear@?$MArray@UWindowInfo@@@@QEAAXXZ 0000000180012810 f i ConEmuPlugin2800.obj
 0001:00011860       ?addsize@?$MArray@UWindowInfo@@@@QEAAX_J@Z 0000000180012860 f i ConEmuPlugin2800.obj
 0001:000119a0       ??0CPluginW995@@QEAA@XZ    00000001800129a0 f   ConEmuPlugin995.obj
 0001:00011cb0       ?Open@CPluginW995@@UEAAPEAXPEBX@Z 0000000180012cb0 f i ConEmuPlugin995.obj
 0001:00011cd0       ?ProcessEditorEventPtr@CPluginW995@@UEAAHPEAX@Z 0000000180012cd0 f i ConEmuPlugin995.obj
 0001:00011ce0       ?ProcessSynchroEventPtr@CPluginW995@@UEAAHPEAX@Z 0000000180012ce0 f i ConEmuPlugin995.obj
 0001:00011cf0       ?ProcessViewerEventPtr@CPluginW995@@UEAAHPEAX@Z 0000000180012cf0 f i ConEmuPlugin995.obj
 0001:00011d00       ??_ECPluginW995@@UEAAPEAXI@Z 0000000180012d00 f i ConEmuPlugin995.obj
 0001:00011d00       ??_GCPluginW995@@UEAAPEAXI@Z 0000000180012d00 f i ConEmuPlugin995.obj
 0001:00011d40       ??1CPluginW995@@UEAA@XZ    0000000180012d40 f i ConEmuPlugin995.obj
 0001:00011d70       ?GetPanelDir@CPluginW995@@UEAAPEA_WKPEA_WH@Z 0000000180012d70 f   ConEmuPlugin995.obj
 0001:00011f60       ?GetPanelInfo@CPluginW995@@UEAA_NKPEAUCEPanelInfo@@@Z 0000000180012f60 f   ConEmuPlugin995.obj
 0001:00012420       ?GetPanelItemInfo@CPluginW995@@UEAA_NAEBUCEPanelInfo@@_N_JAEAU_WIN32_FIND_DATAW@@PEAPEA_W@Z 0000000180013420 f   ConEmuPlugin995.obj
 0001:00012730       ?PanelControlApi@CPluginW995@@UEAA_JPEAXH_J0@Z 0000000180013730 f   ConEmuPlugin995.obj
 0001:000127a0       ?GetPluginInfoPtr@CPluginW995@@UEAAXPEAX@Z 00000001800137a0 f   ConEmuPlugin995.obj
 0001:00012860       ?SetStartupInfoPtr@CPluginW995@@UEAAXPEAX@Z 0000000180013860 f   ConEmuPlugin995.obj
 0001:00012a60       ?GetEditorModifiedState@CPluginW995@@UEAAKXZ 0000000180013a60 f   ConEmuPlugin995.obj
 0001:00012ac0       ?ProcessEditorInputPtr@CPluginW995@@UEAAHPEBX@Z 0000000180013ac0 f   ConEmuPlugin995.obj
 0001:00012b00       ?GetWindowCount@CPluginW995@@UEAAHXZ 0000000180013b00 f   ConEmuPlugin995.obj
 0001:00012b60       ?UpdateConEmuTabsApi@CPluginW995@@UEAA_NH@Z 0000000180013b60 f   ConEmuPlugin995.obj
 0001:00012ee0       ?ExitFar@CPluginW995@@UEAAXXZ 0000000180013ee0 f   ConEmuPlugin995.obj
 0001:00012f90       ?ShowMessage@CPluginW995@@UEAAHPEB_WH_N@Z 0000000180013f90 f   ConEmuPlugin995.obj
 0001:00013050       ?GetMsg@CPluginW995@@UEAAPEB_WHPEA_W_K@Z 0000000180014050 f   ConEmuPlugin995.obj
 0001:000130f0       ?SetWindow@CPluginW995@@UEAAXH@Z 00000001800140f0 f   ConEmuPlugin995.obj
 0001:00013170       ?PostMacroApi@CPluginW995@@UEAAXPEB_WPEAU_INPUT_RECORD@@_N@Z 0000000180014170 f   ConEmuPlugin995.obj
 0001:00013270       ?ShowPluginMenu@CPluginW995@@UEAAHPEAUConEmuPluginMenuItem@@HH@Z 0000000180014270 f   ConEmuPlugin995.obj
 0001:000134f0       ?OpenEditor@CPluginW995@@UEAA_NPEB_W_N11HH@Z 00000001800144f0 f   ConEmuPlugin995.obj
 0001:00013700       ?ExecuteSynchroApi@CPluginW995@@UEAA_NXZ 0000000180014700 f   ConEmuPlugin995.obj
 0001:00013750       ?WaitEndSynchro@CPluginW995@@UEAAXXZ 0000000180014750 f   ConEmuPlugin995.obj
 0001:000139c0       ?StopWaitEndSynchro@CPluginW995@@UEAAXXZ 00000001800149c0 f   ConEmuPlugin995.obj
 0001:00013a00       ?IsMacroActive@CPluginW995@@UEAA_NXZ 0000000180014a00 f   ConEmuPlugin995.obj
 0001:00013a80       ?GetMacroArea@CPluginW995@@UEAAHXZ 0000000180014a80 f   ConEmuPlugin995.obj
 0001:00013ad0       ?RedrawAll@CPluginW995@@UEAAXXZ 0000000180014ad0 f   ConEmuPlugin995.obj
 0001:00013b20       ?InputBox@CPluginW995@@UEAA_NPEB_W000AEAPEA_W@Z 0000000180014b20 f   ConEmuPlugin995.obj
 0001:00013bd0       ?ShowUserScreen@CPluginW995@@UEAAX_N@Z 0000000180014bd0 f   ConEmuPlugin995.obj
 0001:00013c40       ?LoadFarColors@CPluginW995@@UEAAXAEAY0BAA@E@Z 0000000180014c40 f   ConEmuPlugin995.obj
 0001:00013d50       ?LoadFarSettings@CPluginW995@@UEAAXPEAUCEFarInterfaceSettings@@PEAUCEFarPanelSettings@@@Z 0000000180014d50 f   ConEmuPlugin995.obj
 0001:00013de0       ?GetFarRect@CPluginW995@@UEAA_NAEAU_SMALL_RECT@@@Z 0000000180014de0 f   ConEmuPlugin995.obj
 0001:00013e70       ?CheckPanelExist@CPluginW995@@UEAA_NXZ 0000000180014e70 f   ConEmuPlugin995.obj
 0001:00013ee0       ?GetActiveWindowType@CPluginW995@@UEAAHXZ 0000000180014ee0 f   ConEmuPlugin995.obj
 0001:00014000       ?GetWindowTypeName@CPluginW995@@UEAAPEB_WH@Z 0000000180015000 f   ConEmuPlugin995.obj
 0001:000140c0       ?GuiMacroDlg@CPluginW995@@UEAAXXZ 00000001800150c0 f   ConEmuPlugin995.obj
 0001:000147a0       ??0CPluginAnsi@@QEAA@XZ    00000001800157a0 f   ConEmuPluginA.obj
 0001:00014a70       ?ExecuteSynchroApi@CPluginAnsi@@UEAA_NXZ 0000000180015a70 f i ConEmuPluginA.obj
 0001:00014a80       ?GetFarRect@CPluginAnsi@@UEAA_NAEAU_SMALL_RECT@@@Z 0000000180015a80 f i ConEmuPluginA.obj
 0001:00014a90       ?Open@CPluginAnsi@@UEAAPEAXPEBX@Z 0000000180015a90 f i ConEmuPluginA.obj
 0001:00014ab0       ?ProcessEditorEventPtr@CPluginAnsi@@UEAAHPEAX@Z 0000000180015ab0 f i ConEmuPluginA.obj
 0001:00014ac0       ?ProcessEditorInputPtr@CPluginAnsi@@UEAAHPEBX@Z 0000000180015ac0 f i ConEmuPluginA.obj
 0001:00014ad0       ?ProcessSynchroEventPtr@CPluginAnsi@@UEAAHPEAX@Z 0000000180015ad0 f i ConEmuPluginA.obj
 0001:00014ae0       ?ProcessViewerEventPtr@CPluginAnsi@@UEAAHPEAX@Z 0000000180015ae0 f i ConEmuPluginA.obj
 0001:00014af0       ?StopWaitEndSynchro@CPluginAnsi@@UEAAXXZ 0000000180015af0 f i ConEmuPluginA.obj
 0001:00014b00       ?WaitEndSynchro@CPluginAnsi@@UEAAXXZ 0000000180015b00 f i ConEmuPluginA.obj
 0001:00014b10       ??_GCPluginAnsi@@UEAAPEAXI@Z 0000000180015b10 f i ConEmuPluginA.obj
 0001:00014b10       ??_ECPluginAnsi@@UEAAPEAXI@Z 0000000180015b10 f i ConEmuPluginA.obj
 0001:00014b50       ??1CPluginAnsi@@UEAA@XZ    0000000180015b50 f i ConEmuPluginA.obj
 0001:00014b80       ?GetPanelDir@CPluginAnsi@@UEAAPEA_WKPEA_WH@Z 0000000180015b80 f   ConEmuPluginA.obj
 0001:00014cf0       ?GetPanelInfo@CPluginAnsi@@UEAA_NKPEAUCEPanelInfo@@@Z 0000000180015cf0 f   ConEmuPluginA.obj
 0001:00015120       ?GetPanelItemInfo@CPluginAnsi@@UEAA_NAEBUCEPanelInfo@@_N_JAEAU_WIN32_FIND_DATAW@@PEAPEA_W@Z 0000000180016120 f   ConEmuPluginA.obj
 0001:00015350       ?PanelControlApi@CPluginAnsi@@UEAA_JPEAXH_J0@Z 0000000180016350 f   ConEmuPluginA.obj
 0001:000153c0       ?SetStartupInfoPtr@CPluginAnsi@@UEAAXPEAX@Z 00000001800163c0 f   ConEmuPluginA.obj
 0001:000155c0       ?GetPluginInfoPtr@CPluginAnsi@@UEAAXPEAX@Z 00000001800165c0 f   ConEmuPluginA.obj
 0001:000156b0       ?GetEditorModifiedState@CPluginAnsi@@UEAAKXZ 00000001800166b0 f   ConEmuPluginA.obj
 0001:00015720       ?GetWindowCount@CPluginAnsi@@UEAAHXZ 0000000180016720 f   ConEmuPluginA.obj
 0001:00015780       ?UpdateConEmuTabsApi@CPluginAnsi@@UEAA_NH@Z 0000000180016780 f   ConEmuPluginA.obj
 0001:00015b10       ?ExitFar@CPluginAnsi@@UEAAXXZ 0000000180016b10 f   ConEmuPluginA.obj
 0001:00015b70       ?SetWindow@CPluginAnsi@@UEAAXH@Z 0000000180016b70 f   ConEmuPluginA.obj
 0001:00015bf0       ?PostMacroApi@CPluginAnsi@@UEAAXPEB_WPEAU_INPUT_RECORD@@_N@Z 0000000180016bf0 f   ConEmuPluginA.obj
 0001:00015d20       ?ShowPluginMenu@CPluginAnsi@@UEAAHPEAUConEmuPluginMenuItem@@HH@Z 0000000180016d20 f   ConEmuPluginA.obj
 0001:00016020       ?OpenEditor@CPluginAnsi@@UEAA_NPEB_W_N11HH@Z 0000000180017020 f   ConEmuPluginA.obj
 0001:00016250       ?ShowMessage@CPluginAnsi@@UEAAHPEB_WH_N@Z 0000000180017250 f   ConEmuPluginA.obj
 0001:00016370       ?GetMsg@CPluginAnsi@@UEAAPEB_WHPEA_W_K@Z 0000000180017370 f   ConEmuPluginA.obj
 0001:00016470       ?IsMacroActive@CPluginAnsi@@UEAA_NXZ 0000000180017470 f   ConEmuPluginA.obj
 0001:000164f0       ?GetMacroArea@CPluginAnsi@@UEAAHXZ 00000001800174f0 f   ConEmuPluginA.obj
 0001:00016500       ?RedrawAll@CPluginAnsi@@UEAAXXZ 0000000180017500 f   ConEmuPluginA.obj
 0001:00016550       ?InputBox@CPluginAnsi@@UEAA_NPEB_W000AEAPEA_W@Z 0000000180017550 f   ConEmuPluginA.obj
 0001:000166e0       ?ShowUserScreen@CPluginAnsi@@UEAAX_N@Z 00000001800176e0 f   ConEmuPluginA.obj
 0001:00016750       ?LoadFarColors@CPluginAnsi@@UEAAXAEAY0BAA@E@Z 0000000180017750 f   ConEmuPluginA.obj
 0001:00016860       ?LoadFarSettings@CPluginAnsi@@UEAAXPEAUCEFarInterfaceSettings@@PEAUCEFarPanelSettings@@@Z 0000000180017860 f   ConEmuPluginA.obj
 0001:000168f0       ?CheckPanelExist@CPluginAnsi@@UEAA_NXZ 00000001800178f0 f   ConEmuPluginA.obj
 0001:00016960       ?GetActiveWindowType@CPluginAnsi@@UEAAHXZ 0000000180017960 f   ConEmuPluginA.obj
 0001:000169e0       ?GetWindowTypeName@CPluginAnsi@@UEAAPEB_WH@Z 00000001800179e0 f   ConEmuPluginA.obj
 0001:00016aa0       ?GuiMacroDlg@CPluginAnsi@@UEAAXXZ 0000000180017aa0 f   ConEmuPluginA.obj
 0001:000172a0       ?Plugin@@YAPEAVCPluginBase@@XZ 00000001800182a0 f   ConEmuPluginBase.obj
 0001:00017400       ??0CPluginBase@@QEAA@XZ    0000000180018400 f   ConEmuPluginBase.obj
 0001:00017750       ??_GCPluginBase@@UEAAPEAXI@Z 0000000180018750 f i ConEmuPluginBase.obj
 0001:00017750       ??_ECPluginBase@@UEAAPEAXI@Z 0000000180018750 f i ConEmuPluginBase.obj
 0001:00017790       ??1CPluginBase@@UEAA@XZ    0000000180018790 f   ConEmuPluginBase.obj
 0001:000177b0       ?DllMain_ProcessAttach@CPluginBase@@KAXPEAUHINSTANCE__@@@Z 00000001800187b0 f   ConEmuPluginBase.obj
 0001:000178d0       ?DllMain_ProcessDetach@CPluginBase@@KAXXZ 00000001800188d0 f   ConEmuPluginBase.obj
 0001:00017ab0       ??_GMSection@@QEAAPEAXI@Z  0000000180018ab0 f i ConEmuPluginBase.obj
 0001:00017af0       ??_GCPluginBackground@@QEAAPEAXI@Z 0000000180018af0 f i ConEmuPluginBase.obj
 0001:00017b30       ?LoadFarVersion@CPluginBase@@SA_NXZ 0000000180018b30 f   ConEmuPluginBase.obj
 0001:00018010       ?ShowMessageGui@CPluginBase@@QEAAHHH@Z 0000000180019010 f   ConEmuPluginBase.obj
 0001:000180e0       ?BackgroundMacroError@CPluginBase@@SAKPEAX@Z 00000001800190e0 f   ConEmuPluginBase.obj
 0001:00018130       ?PostMacro@CPluginBase@@QEAAXPEB_WPEAU_INPUT_RECORD@@_N@Z 0000000180019130 f   ConEmuPluginBase.obj
 0001:000181f0       ?isMacroActive@CPluginBase@@QEAA_NAEAH@Z 00000001800191f0 f   ConEmuPluginBase.obj
 0001:00018280       ?CheckBufferEnabled@CPluginBase@@QEAA_NXZ 0000000180019280 f   ConEmuPluginBase.obj
 0001:00018330       ?PanelControl@CPluginBase@@QEAA_JPEAXH_J0@Z 0000000180019330 f   ConEmuPluginBase.obj
 0001:00018420       ?GetPanelInfo@CPluginBase@@QEAA_NKPEAUBkPanelInfo@@@Z 0000000180019420 f   ConEmuPluginBase.obj
 0001:00018510       ?FillUpdateBackground@CPluginBase@@QEAAXPEAUPaintBackgroundArg@@@Z 0000000180019510 f   ConEmuPluginBase.obj
 0001:00018740       ?StorePanelDirs@CPluginBase@@QEAA_NPEB_W0@Z 0000000180019740 f   ConEmuPluginBase.obj
 0001:00018970       wmemmove                   0000000180019970 f i ConEmuPluginBase.obj
 0001:000189a0       ?UpdatePanelDirs@CPluginBase@@QEAAXXZ 00000001800199a0 f   ConEmuPluginBase.obj
 0001:00018ba0       ?IsFarLua@FarVersion@@QEBA_NXZ 0000000180019ba0 f i ConEmuPluginBase.obj
 0001:00018c00       ?RunExternalProgram@CPluginBase@@QEAA_NPEA_W@Z 0000000180019c00 f   ConEmuPluginBase.obj
 0001:00018ea0       ?ProcessCommandLine@CPluginBase@@QEAA_NPEA_W@Z 0000000180019ea0 f   ConEmuPluginBase.obj
 0001:00018f00       ?ShowPluginMenu@CPluginBase@@QEAAXW4PluginCallCommands@@@Z 0000000180019f00 f   ConEmuPluginBase.obj
 0001:00019240       ?ShowTabsList@CPluginBase@@QEAAXXZ 000000018001a240 f   ConEmuPluginBase.obj
 0001:00019770       ?ShowPanelsList@CPluginBase@@QEAAXXZ 000000018001a770 f   ConEmuPluginBase.obj
 0001:00019980       ?DataSize@CESERVER_REQ@@QEAAKXZ 000000018001a980 f i ConEmuPluginBase.obj
 0001:000199c0       ?EditViewConsoleOutput@CPluginBase@@QEAAX_N@Z 000000018001a9c0 f   ConEmuPluginBase.obj
 0001:00019ad0       ?SwitchTabCommand@CPluginBase@@QEAAXW4PluginMenuCommands@@@Z 000000018001aad0 f   ConEmuPluginBase.obj
 0001:00019ba0       ?ProcessSynchroEvent@CPluginBase@@QEAAHHPEAX@Z 000000018001aba0 f   ConEmuPluginBase.obj
 0001:00019c60       ?ProcessEditorInputInternal@CPluginBase@@QEAAXAEBU_INPUT_RECORD@@@Z 000000018001ac60 f   ConEmuPluginBase.obj
 0001:00019cc0       ?ProcessEditorViewerEvent@CPluginBase@@QEAAHHH@Z 000000018001acc0 f   ConEmuPluginBase.obj
 0001:00019e10       ?isModalEditorViewer@CPluginBase@@QEAA_NXZ 000000018001ae10 f   ConEmuPluginBase.obj
 0001:00019e60       ?GetMainThreadId@CPluginBase@@SAKXZ 000000018001ae60 f   ConEmuPluginBase.obj
 0001:00019f10       ?ShowConsoleInfo@CPluginBase@@QEAAXXZ 000000018001af10 f   ConEmuPluginBase.obj
 0001:0001a1b0       ?RunExternalProgramW@CPluginBase@@SA_NPEA_W0_N@Z 000000018001b1b0 f   ConEmuPluginBase.obj
 0001:0001a4e0       ?StartDebugger@CPluginBase@@QEAA_NXZ 000000018001b4e0 f   ConEmuPluginBase.obj
 0001:0001a8b0       ?Attach2Gui@CPluginBase@@QEAA_NXZ 000000018001b8b0 f   ConEmuPluginBase.obj
 0001:0001ae70       ?FindServerCmd@CPluginBase@@QEAA_NKAEAK_N@Z 000000018001be70 f   ConEmuPluginBase.obj
 0001:0001af90       ?ShowMessage@CPluginBase@@QEAAHHH@Z 000000018001bf90 f   ConEmuPluginBase.obj
 0001:0001b020       ?OutDataAlloc@CPluginBase@@SA_NK@Z 000000018001c020 f   ConEmuPluginBase.obj
 0001:0001b0a0       ?OutDataRealloc@CPluginBase@@SA_NK@Z 000000018001c0a0 f   ConEmuPluginBase.obj
 0001:0001b1a0       ?OutDataWrite@CPluginBase@@SA_NPEAXK@Z 000000018001c1a0 f   ConEmuPluginBase.obj
 0001:0001b290       ?CreateTabs@CPluginBase@@SA_NH@Z 000000018001c290 f   ConEmuPluginBase.obj
 0001:0001b390       ?AddTab@CPluginBase@@QEAA_NAEAHH_N1HPEB_W2HHHH@Z 000000018001c390 f   ConEmuPluginBase.obj
 0001:0001b9d0       wmemcmp                    000000018001c9d0 f i ConEmuPluginBase.obj
 0001:0001ba60       ?SendTabs@CPluginBase@@SAXH_N@Z 000000018001ca60 f   ConEmuPluginBase.obj
 0001:0001bca0       ?CloseTabs@CPluginBase@@SAXXZ 000000018001cca0 f   ConEmuPluginBase.obj
 0001:0001bd30       ?UpdateConEmuTabs@CPluginBase@@QEAA_N_N@Z 000000018001cd30 f   ConEmuPluginBase.obj
 0001:0001c140       ?CheckResources@CPluginBase@@QEAAX_N@Z 000000018001d140 f   ConEmuPluginBase.obj
 0001:0001c2d0       ?InitResources@CPluginBase@@QEAAXXZ 000000018001d2d0 f   ConEmuPluginBase.obj
 0001:0001c660       ?CloseMapHeader@CPluginBase@@SAXXZ 000000018001d660 f   ConEmuPluginBase.obj
 0001:0001c690       ?OpenMapHeader@CPluginBase@@SAHXZ 000000018001d690 f   ConEmuPluginBase.obj
 0001:0001c7e0       ?InitRootRegKey@CPluginBase@@IEAAXXZ 000000018001d7e0 f   ConEmuPluginBase.obj
 0001:0001c940       ?SetRootRegKey@CPluginBase@@IEAAXPEA_W@Z 000000018001d940 f   ConEmuPluginBase.obj
 0001:0001ca70       ?LoadPanelTabsFromRegistry@CPluginBase@@IEAAXXZ 000000018001da70 f   ConEmuPluginBase.obj
 0001:0001cbe0       ?InitHWND@CPluginBase@@SAXXZ 000000018001dbe0 f   ConEmuPluginBase.obj
 0001:0001cf20       ?CheckConEmuDetached@CPluginBase@@SAXXZ 000000018001df20 f   ConEmuPluginBase.obj
 0001:0001cfd0       ?EmergencyShow@CPluginBase@@KAXXZ 000000018001dfd0 f   ConEmuPluginBase.obj
 0001:0001d040       ?MonitorThreadProcW@CPluginBase@@SAKPEAX@Z 000000018001e040 f   ConEmuPluginBase.obj
 0001:0001d570       ?OpenPluginCommon@CPluginBase@@QEAAPEAXH_J_N@Z 000000018001e570 f   ConEmuPluginBase.obj
 0001:0001da40       ?ExitFarCommon@CPluginBase@@QEAAX_N@Z 000000018001ea40 f   ConEmuPluginBase.obj
 0001:0001dab0       ?OnMainThreadActivated@CPluginBase@@QEAAXXZ 000000018001eab0 f   ConEmuPluginBase.obj
 0001:0001dcb0       ?ProcessSetWindowCommand@CPluginBase@@QEAAXXZ 000000018001ecb0 f   ConEmuPluginBase.obj
 0001:0001de20       ?CommonPluginStartup@CPluginBase@@QEAAXXZ 000000018001ee20 f   ConEmuPluginBase.obj
 0001:0001df50       ?StopThread@CPluginBase@@QEAAX_N@Z 000000018001ef50 f   ConEmuPluginBase.obj
 0001:0001e380       ??_G?$MFileMapping@UCESERVER_CONSOLE_MAPPING_HDR@@@@QEAAPEAXI@Z 000000018001f380 f i ConEmuPluginBase.obj
 0001:0001e3c0       ?ShutdownPluginStep@CPluginBase@@SAXPEB_WHHHH@Z 000000018001f3c0 f   ConEmuPluginBase.obj
 0001:0001e3e0       ?ExecuteSynchro@CPluginBase@@QEAAXXZ 000000018001f3e0 f   ConEmuPluginBase.obj
 0001:0001e4c0       ?WaitPluginActivation@CPluginBase@@SAKKPEAPEAXHK@Z 000000018001f4c0 f   ConEmuPluginBase.obj
 0001:0001e650       ?ActivatePlugin@CPluginBase@@QEAA_NKPEAXK@Z 000000018001f650 f   ConEmuPluginBase.obj
 0001:0001e980       ?cmd_OpenEditorLine@CPluginBase@@QEAA_NPEAUCESERVER_REQ_FAREDITOR@@@Z 000000018001f980 f   ConEmuPluginBase.obj
 0001:0001eab0       ?cmd_RedrawFarCall@CPluginBase@@QEAA_NAEAPEAUCESERVER_REQ@@PEAPEAU2@@Z 000000018001fab0 f   ConEmuPluginBase.obj
 0001:0001eba0       ?cmd_SetWindow@CPluginBase@@QEAA_NPEAX_N@Z 000000018001fba0 f   ConEmuPluginBase.obj
 0001:0001ec80       ?cmd_LeftClickSync@CPluginBase@@QEAAXPEAX@Z 000000018001fc80 f   ConEmuPluginBase.obj
 0001:0001ee10       ?cmd_CloseQSearch@CPluginBase@@QEAAXXZ 000000018001fe10 f   ConEmuPluginBase.obj
 0001:0001ee70       ?cmd_EMenu@CPluginBase@@QEAAXPEAX@Z 000000018001fe70 f   ConEmuPluginBase.obj
 0001:0001ef80       ?cmd_ExternalCallback@CPluginBase@@QEAA_NPEAX@Z 000000018001ff80 f   ConEmuPluginBase.obj
 0001:0001f020       ?cmd_ConSetFont@CPluginBase@@QEAAXPEAX@Z 0000000180020020 f   ConEmuPluginBase.obj
 0001:0001f0a0       ?cmd_GuiChanged@CPluginBase@@QEAAXPEAX@Z 00000001800200a0 f   ConEmuPluginBase.obj
 0001:0001f1b0       ?ProcessCommand@CPluginBase@@QEAA_NKHPEAXPEAPEAUCESERVER_REQ@@_N@Z 00000001800201b0 f   ConEmuPluginBase.obj
 0001:0001f8d0       ?FarSetConsoleSize@CPluginBase@@SA_NFF@Z 00000001800208d0 f   ConEmuPluginBase.obj
 0001:0001fa40       ?ReloadFarInfoApi@CPluginBase@@IEAA_NXZ 0000000180020a40 f   ConEmuPluginBase.obj
 0001:0001fcf0       ?ReloadFarInfo@CPluginBase@@QEAA_N_N@Z 0000000180020cf0 f   ConEmuPluginBase.obj
 0001:00020010       ?pcc_Selected@CPluginBase@@SA_NW4PluginMenuCommands@@@Z 0000000180021010 f   ConEmuPluginBase.obj
 0001:00020090       ?pcc_Disabled@CPluginBase@@SA_NW4PluginMenuCommands@@@Z 0000000180021090 f   ConEmuPluginBase.obj
 0001:00020170       ?TouchReadPeekConsoleInputs@CPluginBase@@SAXH@Z 0000000180021170 f   ConEmuPluginBase.obj
 0001:000201d0       ?OnConsolePeekReadInput@CPluginBase@@SAX_N@Z 00000001800211d0 f   ConEmuPluginBase.obj
 0001:00020440       ?ActiveServerPID@CESERVER_CONSOLE_MAPPING_HDR@@QEBAKXZ 0000000180021440 f i ConEmuPluginBase.obj
 0001:00020480       ?UngetDummyMouseEvent@CPluginBase@@SA_N_NPEAUHookCallbackArg@@@Z 0000000180021480 f   ConEmuPluginBase.obj
 0001:000206f0       ??4HANDLE2@@QEAAAEAU0@PEAX@Z 00000001800216f0 f i ConEmuPluginBase.obj
 0001:00020710       ?FillLoadedParm@CPluginBase@@SAXPEAUConEmuLoadedArg@@PEAUHINSTANCE__@@H@Z 0000000180021710 f   ConEmuPluginBase.obj
 0001:00020850       ?NotifyConEmuUnloaded@CPluginBase@@SAXXZ 0000000180021850 f   ConEmuPluginBase.obj
 0001:000209a0       ?OnPanelViewCallbacks@CPluginBase@@SA_NPEAUHookCallbackArg@@P6AHPEAXPEAU_INPUT_RECORD@@KPEAKPEAH@Z5@Z 00000001800219a0 f   ConEmuPluginBase.obj
 0001:00020af0       ?OnShellExecuteExW_Except@CPluginBase@@SAXPEAUHookCallbackArg@@@Z 0000000180021af0 f   ConEmuPluginBase.obj
 0001:00020b40       ?OnGetNumberOfConsoleInputEventsPost@CPluginBase@@SAXPEAUHookCallbackArg@@@Z 0000000180021b40 f   ConEmuPluginBase.obj
 0001:00020b80       ?OnConsolePeekInput@CPluginBase@@SAHPEAUHookCallbackArg@@@Z 0000000180021b80 f   ConEmuPluginBase.obj
 0001:00020c10       ?OnConsolePeekInputPost@CPluginBase@@SAXPEAUHookCallbackArg@@@Z 0000000180021c10 f   ConEmuPluginBase.obj
 0001:00020c60       ?OnConsoleReadInputWork@CPluginBase@@SAHPEAUHookCallbackArg@@@Z 0000000180021c60 f   ConEmuPluginBase.obj
 0001:00020d10       ?OnConsoleReadInput@CPluginBase@@SAHPEAUHookCallbackArg@@@Z 0000000180021d10 f   ConEmuPluginBase.obj
 0001:00020d30       ?OnConsoleReadInputPost@CPluginBase@@SAXPEAUHookCallbackArg@@@Z 0000000180021d30 f   ConEmuPluginBase.obj
 0001:00020fe0       ?OnWriteConsoleOutput@CPluginBase@@SAHPEAUHookCallbackArg@@@Z 0000000180021fe0 f   ConEmuPluginBase.obj
 0001:00021100       ?OnConsoleDetaching@CPluginBase@@SAHPEAUHookCallbackArg@@@Z 0000000180022100 f   ConEmuPluginBase.obj
 0001:00021260       ?OnConsoleWasAttached@CPluginBase@@SAXPEAUHookCallbackArg@@@Z 0000000180022260 f   ConEmuPluginBase.obj
 0001:000212e0       ?OnCurDirChanged@CPluginBase@@SAXXZ 00000001800222e0 f   ConEmuPluginBase.obj
 0001:00021370       ?OnLibraryLoaded@CPluginBase@@SAXPEAUHINSTANCE__@@@Z 0000000180022370 f   ConEmuPluginBase.obj
 0001:00021420       ?ToUnicode@CPluginBase@@SAPEA_WPEBD@Z 0000000180022420 f   ConEmuPluginBase.obj
 0001:000214c0       ?ToOem@CPluginBase@@SAXPEB_WPEAD_J@Z 00000001800224c0 f   ConEmuPluginBase.obj
 0001:00021540       ?ToOem@CPluginBase@@SAPEADPEB_W@Z 0000000180022540 f   ConEmuPluginBase.obj
 0001:000215b0       ?ProcessDragFrom@CPluginBase@@QEAAXXZ 00000001800225b0 f   ConEmuPluginBase.obj
 0001:00021e70       ?ProcessDragTo@CPluginBase@@QEAAXXZ 0000000180022e70 f   ConEmuPluginBase.obj
 0001:00022330       ?IsCurrentTabModal@CPluginBase@@QEAA_NXZ 0000000180023330 f   ConEmuPluginBase.obj
 0001:00022430       ?PrintText@CPluginBase@@QEAA_NPEB_W@Z 0000000180023430 f   ConEmuPluginBase.obj
 0001:00022810       ?Ptr@?$MFileMapping@UCESERVER_CONSOLE_MAPPING_HDR@@@@QEAAPEAUCESERVER_CONSOLE_MAPPING_HDR@@XZ 0000000180023810 f i ConEmuPluginBase.obj
 0001:00022820       ??$wcscpy_c@$0BBE@@@YAHAEAY0BBE@_WPEB_W@Z 0000000180023820 f i ConEmuPluginBase.obj
 0001:00022850       ??$wcscat_c@$0BBE@@@YAHAEAY0BBE@_WPEB_W@Z 0000000180023850 f i ConEmuPluginBase.obj
 0001:00022880       ??$wcscat_c@$0CAE@@@YAHAEAY0CAE@_WPEB_W@Z 0000000180023880 f i ConEmuPluginBase.obj
 0001:000228b0       ?EvaluateDefaultFontWidth@@YAHHPEB_W@Z 00000001800238b0 f   EmergencyShow.obj
 0001:00022a30       ?SetUserFriendlyFont@@YAXPEAUHWND__@@HH@Z 0000000180023a30 f   EmergencyShow.obj
 0001:00022ff0       ?CorrectConsolePos@@YAXPEAUHWND__@@@Z 0000000180023ff0 f   EmergencyShow.obj
 0001:000231d0       ?EmergencyShow@@YAXPEAUHWND__@@HH@Z 00000001800241d0 f   EmergencyShow.obj
 0001:00023350       ?IsFileBatch@@YA_NPEB_W@Z  0000000180024350 f   Execute.obj
 0001:000233f0       ?GetImageSubsystem@@YA_NPEB_WAEAK11@Z 00000001800243f0 f   Execute.obj
 0001:00023800       ?GetImageSubsystem@@YA_NAEAK0@Z 0000000180024800 f   Execute.obj
 0001:000238e0       ?GetImageSubsystem@@YA_NU_PROCESS_INFORMATION@@AEAK1@Z 00000001800248e0 f   Execute.obj
 0001:00023be0       ?GetEnclosingSectionHeader@@YAPEAU_IMAGE_SECTION_HEADER@@KPEAUIMAGE_MAPPING@@@Z 0000000180024be0 f   Execute.obj
 0001:00023c90       ?GetPtrFromRVA@@YAPEAXKPEAUIMAGE_MAPPING@@@Z 0000000180024c90 f   Execute.obj
 0001:00023d20       ?FindImageSubsystem@@YA_NPEB_WAEAK1PEAK@Z 0000000180024d20 f   Execute.obj
 0001:00024b90       ??0HkFunc@@QEAA@XZ         0000000180025b90 f   HkFunc.obj
 0001:00024c10       ?Init@HkFunc@@IEAA_NXZ     0000000180025c10 f   HkFunc.obj
 0001:00024cf0       ?SetInternalMode@HkFunc@@QEAAXPEAUHINSTANCE__@@P6A_JXZ@Z 0000000180025cf0 f   HkFunc.obj
 0001:00024d30       ?OnHooksUnloaded@HkFunc@@QEAAXXZ 0000000180025d30 f   HkFunc.obj
 0001:00024d90       ?isConEmuHk@HkFunc@@QEAA_NXZ 0000000180025d90 f   HkFunc.obj
 0001:00024dc0       ?getLargestConsoleWindowSize@HkFunc@@QEAA?AU_COORD@@PEAX@Z 0000000180025dc0 f   HkFunc.obj
 0001:00024e60       ?setConsoleScreenBufferSize@HkFunc@@QEAAHPEAXU_COORD@@@Z 0000000180025e60 f   HkFunc.obj
 0001:00024ee0       ?getConsoleWindow@HkFunc@@QEAAPEAUHWND__@@XZ 0000000180025ee0 f   HkFunc.obj
 0001:00024f50       ?virtualAlloc@HkFunc@@QEAAPEAXPEAX_KKK@Z 0000000180025f50 f   HkFunc.obj
 0001:00024ff0       ?createProcess@HkFunc@@QEAAHPEB_WPEA_WPEAU_SECURITY_ATTRIBUTES@@2HKPEAX0PEAU_STARTUPINFOW@@PEAU_PROCESS_INFORMATION@@@Z 0000000180025ff0 f   HkFunc.obj
 0001:00025130       ?HeapInitialize@@YA_NXZ    0000000180026130 f   Memory.obj
 0001:00025180       ?HeapDeinitialize@@YAXXZ   0000000180026180 f   Memory.obj
 0001:000251b0       ?xf_malloc@@YAPEAX_K@Z     00000001800261b0 f   Memory.obj
 0001:000251e0       ?xf_calloc@@YAPEAX_K0@Z    00000001800261e0 f   Memory.obj
 0001:00025220       ?xf_realloc@@YAPEAXPEAX_K@Z 0000000180026220 f   Memory.obj
 0001:00025270       ?xf_free@@YAXPEAX@Z        0000000180026270 f   Memory.obj
 0001:000252b0       ?xf_validate@@YA_NPEAX@Z   00000001800262b0 f   Memory.obj
 0001:00025300       ??2@YAPEAX_K@Z             0000000180026300 f   Memory.obj
 0001:00025330       ??_U@YAPEAX_K@Z            0000000180026330 f   Memory.obj
 0001:00025360       ??3@YAXPEAX@Z              0000000180026360 f   Memory.obj
 0001:00025380       ??_V@YAXPEAX@Z             0000000180026380 f   Memory.obj
 0001:000253a0       ?lstrdup@@YAPEADPEBD@Z     00000001800263a0 f   Memory.obj
 0001:00025420       ?StringCchCopyA@@YAJPEAD_KPEBD@Z 0000000180026420 f i Memory.obj
 0001:000255b0       ?lstrdup@@YAPEA_WPEB_W_K@Z 00000001800265b0 f   Memory.obj
 0001:00025770       ?lstrdupW@@YAPEA_WPEBDI@Z  0000000180026770 f   Memory.obj
 0001:00025810       ?lstrmerge@@YAPEA_WPEB_W0000@Z 0000000180026810 f   Memory.obj
 0001:00025a10       ?lstrmerge@@YA_NPEAPEA_WPEB_W111@Z 0000000180026a10 f   Memory.obj
 0001:00025a90       ?FindMonitorsWorkspace@@YAHPEAUHMONITOR__@@PEAUHDC__@@PEAUtagRECT@@_J@Z 0000000180026a90 f   Monitors.obj
 0001:00025b40       ?GetAllMonitorsWorkspace@@YA?AUtagRECT@@XZ 0000000180026b40 f   Monitors.obj
 0001:00025bd0       ?FindPrimaryMonitor@@YAHPEAUHMONITOR__@@PEAUHDC__@@PEAUtagRECT@@_J@Z 0000000180026bd0 f   Monitors.obj
 0001:00025c60       ?GetMonitorInfoSafe@@YA_NPEAUHMONITOR__@@AEAUtagMONITORINFO@@@Z 0000000180026c60 f   Monitors.obj
 0001:00025cd0       ?GetPrimaryMonitorInfo@@YAPEAUHMONITOR__@@PEAUtagMONITORINFO@@@Z 0000000180026cd0 f   Monitors.obj
 0001:00025d90       ?GetNearestMonitorInfo@@YAPEAUHMONITOR__@@PEAUtagMONITORINFO@@PEAU1@PEBUtagRECT@@PEAUHWND__@@@Z 0000000180026d90 f   Monitors.obj
 0001:00025ec0       ?EnumAllMonitors@@YAHPEAUHMONITOR__@@PEAUHDC__@@PEAUtagRECT@@_J@Z 0000000180026ec0 f   Monitors.obj
 0001:00025f70       ?MonitorSortCallback@@YAHAEAU_FindAllMonitorsItem@@0@Z 0000000180026f70 f   Monitors.obj
 0001:00025ff0       ?GetNextMonitorInfo@@YAPEAUHMONITOR__@@PEAUtagMONITORINFO@@PEBUtagRECT@@_N@Z 0000000180026ff0 f   Monitors.obj
 0001:00026280       ??0_FindAllMonitors@@QEAA@XZ 0000000180027280 f i Monitors.obj
 0001:000262a0       ??1_FindAllMonitors@@QEAA@XZ 00000001800272a0 f i Monitors.obj
 0001:000262c0       ?FindTaskbarWindow@@YAPEAUHWND__@@PEAUtagRECT@@@Z 00000001800272c0 f   Monitors.obj
 0001:00026340       ?IsTaskbarAutoHidden@@YA_NPEAUtagRECT@@PEAI@Z 0000000180027340 f   Monitors.obj
 0001:00026430       ??0?$MArray@U_FindAllMonitorsItem@@@@QEAA@XZ 0000000180027430 f i Monitors.obj
 0001:00026490       ??1?$MArray@U_FindAllMonitorsItem@@@@QEAA@XZ 0000000180027490 f i Monitors.obj
 0001:000264b0       ??A?$MArray@U_FindAllMonitorsItem@@@@QEAAAEAU_FindAllMonitorsItem@@_J@Z 00000001800274b0 f i Monitors.obj
 0001:000264d0       ?push_back@?$MArray@U_FindAllMonitorsItem@@@@QEAA_JAEBU_FindAllMonitorsItem@@@Z 00000001800274d0 f i Monitors.obj
 0001:000265a0       ?size@?$MArray@U_FindAllMonitorsItem@@@@QEBA_JXZ 00000001800275a0 f i Monitors.obj
 0001:000265b0       ?sort@?$MArray@U_FindAllMonitorsItem@@@@QEAAXP6AHAEAU_FindAllMonitorsItem@@0@Z@Z 00000001800275b0 f i Monitors.obj
 0001:00026700       ?clear@?$MArray@U_FindAllMonitorsItem@@@@QEAAXXZ 0000000180027700 f i Monitors.obj
 0001:00026750       ?addsize@?$MArray@U_FindAllMonitorsItem@@@@QEAAX_J@Z 0000000180027750 f i Monitors.obj
 0001:00026890       ??0MSection@@QEAA@XZ       0000000180027890 f   MSection.obj
 0001:00026980       ??1MSection@@QEAA@XZ       0000000180027980 f   MSection.obj
 0001:00026a50       ?Process_Lock@MSection@@IEAAXXZ 0000000180027a50 f   MSection.obj
 0001:00026a70       ?Process_Unlock@MSection@@IEAAXXZ 0000000180027a70 f   MSection.obj
 0001:00026a90       ?ThreadTerminated@MSection@@QEAAXK@Z 0000000180027a90 f   MSection.obj
 0001:00026b00       ?AddRef@MSection@@IEAAXK@Z 0000000180027b00 f   MSection.obj
 0001:00026c50       ?ReleaseRef@MSection@@IEAAHK@Z 0000000180027c50 f   MSection.obj
 0001:00026d70       ?WaitUnlocked@MSection@@IEAAXKK@Z 0000000180027d70 f   MSection.obj
 0001:00026e40       ?MyEnterCriticalSection@MSection@@IEAA_NK@Z 0000000180027e40 f   MSection.obj
 0001:00027010       ?Lock@MSection@@IEAAHHK@Z  0000000180028010 f   MSection.obj
 0001:000271c0       ?Unlock@MSection@@IEAAXH@Z 00000001800281c0 f   MSection.obj
 0001:00027250       ?isLockedExclusive@MSection@@QEAA_NXZ 0000000180028250 f   MSection.obj
 0001:000272c0       ??0MSectionThread@@QEAA@PEAVMSection@@@Z 00000001800282c0 f   MSection.obj
 0001:00027300       ??1MSectionThread@@QEAA@XZ 0000000180028300 f   MSection.obj
 0001:00027340       ??0MSectionLock@@QEAA@XZ   0000000180028340 f   MSection.obj
 0001:00027370       ??1MSectionLock@@QEAA@XZ   0000000180028370 f   MSection.obj
 0001:000273a0       ?Lock@MSectionLock@@QEAAHPEAVMSection@@HK@Z 00000001800283a0 f   MSection.obj
 0001:00027470       ?RelockExclusive@MSectionLock@@QEAAHK@Z 0000000180028470 f   MSection.obj
 0001:00027500       ?Unlock@MSectionLock@@QEAAXXZ 0000000180028500 f   MSection.obj
 0001:00027550       ?isLocked@MSectionLock@@QEAAHH@Z 0000000180028550 f   MSection.obj
 0001:000275a0       ??0MSectionSimple@@QEAA@_N@Z 00000001800285a0 f   MSectionSimple.obj
 0001:00027600       ??1MSectionSimple@@QEAA@XZ 0000000180028600 f   MSectionSimple.obj
 0001:00027620       ?IsInitialized@MSectionSimple@@QEAA_NXZ 0000000180028620 f   MSectionSimple.obj
 0001:00027660       ?Init@MSectionSimple@@QEAAXXZ 0000000180028660 f   MSectionSimple.obj
 0001:00027690       ?Close@MSectionSimple@@QEAAXXZ 0000000180028690 f   MSectionSimple.obj
 0001:000276c0       ?Enter@MSectionSimple@@QEAAXXZ 00000001800286c0 f   MSectionSimple.obj
 0001:000276e0       ?Leave@MSectionSimple@@QEAAXXZ 00000001800286e0 f   MSectionSimple.obj
 0001:00027700       ?TryEnter@MSectionSimple@@QEAA_NXZ 0000000180028700 f   MSectionSimple.obj
 0001:00027740       ?RecreateAndLock@MSectionSimple@@QEAA_NXZ 0000000180028740 f   MSectionSimple.obj
 0001:000277e0       ??0MSectionLockSimple@@QEAA@XZ 00000001800287e0 f   MSectionSimple.obj
 0001:00027800       ??1MSectionLockSimple@@QEAA@XZ 0000000180028800 f   MSectionSimple.obj
 0001:00027830       ?Lock@MSectionLockSimple@@QEAAHPEAUMSectionSimple@@K@Z 0000000180028830 f   MSectionSimple.obj
 0001:00027900       ?Unlock@MSectionLockSimple@@QEAAXXZ 0000000180028900 f   MSectionSimple.obj
 0001:00027940       ?isLocked@MSectionLockSimple@@QEAAHXZ 0000000180028940 f   MSectionSimple.obj
 0001:00027950       ?NullSecurity@@YAPEAU_SECURITY_ATTRIBUTES@@XZ 0000000180028950 f   MSecurity.obj
 0001:000279b0       ??0MNullDesc@@QEAA@XZ      00000001800289b0 f i MSecurity.obj
 0001:00027a30       ?NullSecurity@MNullDesc@@QEAAPEAU_SECURITY_ATTRIBUTES@@XZ 0000000180028a30 f i MSecurity.obj
 0001:00027b70       ?LoadAdvApi@MNullDesc@@IEAAHXZ 0000000180028b70 f i MSecurity.obj
 0001:00027e30       ?UnloadAdvApi@MNullDesc@@IEAAXXZ 0000000180028e30 f i MSecurity.obj
 0001:00027e70       ?LocalSecurity@@YAPEAU_SECURITY_ATTRIBUTES@@XZ 0000000180028e70 f   MSecurity.obj
 0001:00027ed0       ?LocalSecurity@MNullDesc@@QEAAPEAU_SECURITY_ATTRIBUTES@@XZ 0000000180028ed0 f i MSecurity.obj
 0001:00028180       ?ShutdownSecurity@@YAXXZ   0000000180029180 f   MSecurity.obj
 0001:000281e0       ??_GMNullDesc@@QEAAPEAXI@Z 00000001800291e0 f i MSecurity.obj
 0001:00028220       ??1MNullDesc@@QEAA@XZ      0000000180029220 f i MSecurity.obj
 0001:000282b0       ??0MSetter@@QEAA@PEAJ@Z    00000001800292b0 f   MSetter.obj
 0001:00028300       ??0MSetter@@QEAA@PEA_N@Z   0000000180029300 f   MSetter.obj
 0001:00028350       ??0MSetter@@QEAA@PEAKK@Z   0000000180029350 f   MSetter.obj
 0001:000283a0       ??1MSetter@@QEAA@XZ        00000001800293a0 f   MSetter.obj
 0001:000283c0       ?Unlock@MSetter@@QEAAXXZ   00000001800293c0 f   MSetter.obj
 0001:00028460       ?msprintf@@YAPEB_WPEA_W_KPEB_WZZ 0000000180029460 f   MStrSafe.obj
 0001:00028e20       ?msprintf@@YAPEBDPEAD_KPEBDZZ 0000000180029e20 f   MStrSafe.obj
 0001:00029560       ?lstrcmpni@@YAHPEBD0H@Z    000000018002a560 f   MStrSafe.obj
 0001:000296d0       ?lstrcmpni@@YAHPEB_W0H@Z   000000018002a6d0 f   MStrSafe.obj
 0001:00029880       ?startswith@@YAHPEB_W0_N@Z 000000018002a880 f   MStrSafe.obj
 0001:00029930       ??0CPluginBackground@@QEAA@XZ 000000018002a930 f   PluginBackground.obj
 0001:00029be0       ??1CPluginBackground@@QEAA@XZ 000000018002abe0 f   PluginBackground.obj
 0001:00029e90       ?RegisterSubplugin@CPluginBackground@@QEAAHPEAURegisterBackgroundArg@@@Z 000000018002ae90 f   PluginBackground.obj
 0001:0002a2f0       ?ReallocItems@CPluginBackground@@IEAAXH@Z 000000018002b2f0 f   PluginBackground.obj
 0001:0002a390       ?OnMainThreadActivated@CPluginBackground@@QEAAXHH@Z 000000018002b390 f   PluginBackground.obj
 0001:0002a500       ?SetForceCheck@CPluginBackground@@QEAAXXZ 000000018002b500 f   PluginBackground.obj
 0001:0002a530       ?SetForceUpdate@CPluginBackground@@QEAAX_N@Z 000000018002b530 f   PluginBackground.obj
 0001:0002a570       ?SetForceThLoad@CPluginBackground@@QEAAXXZ 000000018002b570 f   PluginBackground.obj
 0001:0002a5b0       ?IsParmChanged@CPluginBackground@@IEAA_NPEAUPaintBackgroundArg@@0@Z 000000018002b5b0 f   PluginBackground.obj
 0001:0002a900       ?CheckPanelFolders@CPluginBackground@@IEAAXH@Z 000000018002b900 f   PluginBackground.obj
 0001:0002aa30       ?SetDcPanelRect@CPluginBackground@@IEAAXPEAUtagRECT@@PEAUBkPanelInfo@@PEAUPaintBackgroundArg@@@Z 000000018002ba30 f   PluginBackground.obj
 0001:0002abd0       ?UpdateBackground_Exec@CPluginBackground@@KAXPEAURegisterBackgroundArg@@PEAUPaintBackgroundArg@@@Z 000000018002bbd0 f   PluginBackground.obj
 0001:0002ac30       ?UpdateBackground@CPluginBackground@@IEAAXXZ 000000018002bc30 f   PluginBackground.obj
 0001:0002bd00       ?LoadThSet@CPluginBackground@@IEAAHH@Z 000000018002cd00 f   PluginBackground.obj
 0001:0002bf70       ?MonitorBackground@CPluginBackground@@QEAAXXZ 000000018002cf70 f   PluginBackground.obj
 0001:0002c050       ?GetTo@?$MFileMapping@UPanelViewSetMapping@@@@QEAA_NPEAUPanelViewSetMapping@@H@Z 000000018002d050 f i PluginBackground.obj
 0001:0002c0b0       ?InitName@?$MFileMapping@UPanelViewSetMapping@@@@QEAAPEB_WPEB_WKK@Z 000000018002d0b0 f i PluginBackground.obj
 0001:0002c110       ?CloseMap@?$MFileMapping@UPanelViewSetMapping@@@@QEAAXXZ 000000018002d110 f i PluginBackground.obj
 0001:0002c1a0       ?Open@?$MFileMapping@UPanelViewSetMapping@@@@QEAAPEAUPanelViewSetMapping@@HH@Z 000000018002d1a0 f i PluginBackground.obj
 0001:0002c1d0       ??0?$MFileMapping@UPanelViewSetMapping@@@@QEAA@XZ 000000018002d1d0 f i PluginBackground.obj
 0001:0002c240       ??1?$MFileMapping@UPanelViewSetMapping@@@@QEAA@XZ 000000018002d240 f i PluginBackground.obj
 0001:0002c270       ?IsValid@?$MFileMapping@UPanelViewSetMapping@@@@QEAA_NXZ 000000018002d270 f i PluginBackground.obj
 0001:0002c2a0       ?ClosePtr@?$MFileMapping@UPanelViewSetMapping@@@@QEAAXXZ 000000018002d2a0 f i PluginBackground.obj
 0001:0002c2e0       ?InternalOpenCreate@?$MFileMapping@UPanelViewSetMapping@@@@IEAAPEAUPanelViewSetMapping@@HHH@Z 000000018002d2e0 f i PluginBackground.obj
 0001:0002c6c0       ?PlugServerInit@@YAXXZ     000000018002d6c0 f   PluginSrv.obj
 0001:0002c6d0       ?PlugServerStart@@YA_NXZ   000000018002d6d0 f   PluginSrv.obj
 0001:0002c810       ?PlugServerStop@@YAX_N@Z   000000018002d810 f   PluginSrv.obj
 0001:0002c870       ?cmd_FarSetChanged@@YAXPEAUFAR_REQ_FARSETCHANGED@@@Z 000000018002d870 f   PluginSrv.obj
 0001:0002c8f0       ?PlugServerCommand@@YAHPEAXPEAUCESERVER_REQ@@AEAPEAU1@AEAK3_J@Z 000000018002d8f0 f   PluginSrv.obj
 0001:0002d320       ?PlugServerFree@@YAXPEAUCESERVER_REQ@@_J@Z 000000018002e320 f   PluginSrv.obj
 0001:0002d340       ?SetOverlapped@?$PipeServer@UCESERVER_REQ@@@@QEAAX_N@Z 000000018002e340 f i PluginSrv.obj
 0001:0002d360       ?SetLoopCommands@?$PipeServer@UCESERVER_REQ@@@@QEAAX_N@Z 000000018002e360 f i PluginSrv.obj
 0001:0002d380       ?SetDummyAnswerSize@?$PipeServer@UCESERVER_REQ@@@@QEAAXH@Z 000000018002e380 f i PluginSrv.obj
 0001:0002d3a0       ?SetMaxCount@?$PipeServer@UCESERVER_REQ@@@@QEAAXH@Z 000000018002e3a0 f i PluginSrv.obj
 0001:0002d3f0       ?StartPipeServer@?$PipeServer@UCESERVER_REQ@@@@QEAA_N_NPEB_W_JPEAU_SECURITY_ATTRIBUTES@@P6AHPEAXPEAUCESERVER_REQ@@AEAPEAU3@AEAK72@ZP6AX52@ZP6AH42@ZP6AH42@ZP6AH42@Z@Z 000000018002e3f0 f i PluginSrv.obj
 0001:0002d660       ?StopPipeServer@?$PipeServer@UCESERVER_REQ@@@@QEAAX_NAEA_N@Z 000000018002e660 f i PluginSrv.obj
 0001:0002df70       ?BreakConnection@?$PipeServer@UCESERVER_REQ@@@@QEAAXPEAX@Z 000000018002ef70 f i PluginSrv.obj
 0001:0002dfa0       ?DumpError@?$PipeServer@UCESERVER_REQ@@@@IEAAXPEAUPipeInst@1@PEB_WH@Z 000000018002efa0 f i PluginSrv.obj
 0001:0002e0e0       ?_Disconnect@?$PipeServer@UCESERVER_REQ@@@@IEAAXPEAUPipeInst@1@_N11@Z 000000018002f0e0 f i PluginSrv.obj
 0001:0002e190       ?StartPipeInstance@?$PipeServer@UCESERVER_REQ@@@@IEAA_NPEAUPipeInst@1@@Z 000000018002f190 f i PluginSrv.obj
 0001:0002e400       ?TerminatePipeThread@?$PipeServer@UCESERVER_REQ@@@@KAXAEAPEAXAEBUPipeInst@1@AEA_N@Z 000000018002f400 f i PluginSrv.obj
 0001:0002e4c0       ?_PipeServerThread@?$PipeServer@UCESERVER_REQ@@@@KAKPEAX@Z 000000018002f4c0 f i PluginSrv.obj
 0001:0002e560       ?PipeServerThread@?$PipeServer@UCESERVER_REQ@@@@IEAAKPEAUPipeInst@1@@Z 000000018002f560 f i PluginSrv.obj
 0001:0002eab0       ?PipeServerRead@?$PipeServer@UCESERVER_REQ@@@@IEAAHPEAUPipeInst@1@@Z 000000018002fab0 f i PluginSrv.obj
 0001:0002ef20       ?PipeServerWrite@?$PipeServer@UCESERVER_REQ@@@@IEAAHPEAUPipeInst@1@PEBXKPEAKH@Z 000000018002ff20 f i PluginSrv.obj
 0001:0002f160       ?WaitForClient@?$PipeServer@UCESERVER_REQ@@@@IEAA_NPEAUPipeInst@1@AEAH1@Z 0000000180030160 f i PluginSrv.obj
 0001:0002f770       ?WriteDummyAnswer@?$PipeServer@UCESERVER_REQ@@@@IEAAHPEAUPipeInst@1@@Z 0000000180030770 f i PluginSrv.obj
 0001:0002f810       ?WaitOverlapped@?$PipeServer@UCESERVER_REQ@@@@IEAAHPEAUPipeInst@1@PEAK@Z 0000000180030810 f i PluginSrv.obj
 0001:0002fb00       ?AllocRequestBuf@PipeInst@?$PipeServer@UCESERVER_REQ@@@@QEAAPEAUCESERVER_REQ@@K@Z 0000000180030b00 f i PluginSrv.obj
 0001:0002fba0       ??$wcscpy_c@$0BAE@@@YAHAEAY0BAE@_WPEB_W@Z 0000000180030ba0 f i PluginSrv.obj
 0001:0002fd00       ?SetConEmuEnvHWND@@YAXPEB_WPEAUHWND__@@@Z 0000000180030d00 f   SetEnvVar.obj
 0001:0002fd60       ?SetConEmuEnvVar@@YAXPEAUHWND__@@@Z 0000000180030d60 f   SetEnvVar.obj
 0001:0002fde0       ?SetConEmuEnvVarChild@@YAXPEAUHWND__@@0@Z 0000000180030de0 f   SetEnvVar.obj
 0001:0002fe20       ?SetConEmuWorkEnvVar@@YAXPEAUHINSTANCE__@@@Z 0000000180030e20 f   SetEnvVar.obj
 0001:0002fff0       ??0CEnvStrings@@QEAA@PEA_W@Z 0000000180030ff0 f   SetEnvVar.obj
 0001:000300b0       ??1CEnvStrings@@QEAA@XZ    00000001800310b0 f   SetEnvVar.obj
 0001:000300f0       ?ShutdownConsole@@YAXXZ    00000001800310f0 f   WConsole.obj
 0001:00030140       ?SetConsoleInfo@@YAHPEAUHWND__@@PEAU_CONSOLE_INFO@@@Z 0000000180031140 f   WConsole.obj
 0001:00030470       ?GetConsoleSizeInfo@@YAXPEAU_CONSOLE_INFO@@@Z 0000000180031470 f   WConsole.obj
 0001:00030540       ?apiGetConsoleScreenBufferInfoEx@@YAHPEAXPEAUMY_CONSOLE_SCREEN_BUFFER_INFOEX@@@Z 0000000180031540 f   WConsole.obj
 0001:000305c0       ?apiSetConsoleScreenBufferInfoEx@@YAHPEAXPEAUMY_CONSOLE_SCREEN_BUFFER_INFOEX@@@Z 00000001800315c0 f   WConsole.obj
 0001:00030660       ?apiGetConsoleFontSize@@YAHPEAXAEAH1AEAY0CA@_W@Z 0000000180031660 f   WConsole.obj
 0001:00030750       ?apiSetConsoleFontSize@@YAHPEAXHHPEB_W@Z 0000000180031750 f   WConsole.obj
 0001:000308f0       ?apiFixFontSizeForBufferSize@@YAHPEAXU_COORD@@PEADH@Z 00000001800318f0 f   WConsole.obj
 0001:00030fd0       ?SetConsoleFontSizeTo@@YAXPEAUHWND__@@HHPEB_WGG@Z 0000000180031fd0 f   WConsole.obj
 0001:00031660       ?MyGetLargestConsoleWindowSize@@YA?AU_COORD@@PEAX@Z 0000000180032660 f   WConsole.obj
 0001:000316f0       ?SearchAppPaths@@YA_NPEB_WAEAUCmdArg@@_NPEAU1@@Z 00000001800326f0 f   WFiles.obj
 0001:00031d90       ?GetFullPathNameEx@@YAPEA_WPEB_W@Z 0000000180032d90 f   WFiles.obj
 0001:00031e90       ?FindFileName@@YA_NPEB_WAEAUCmdArg@@@Z 0000000180032e90 f   WFiles.obj
 0001:000320e0       ?MakePathProperCase@@YA_NAEAUCmdArg@@@Z 00000001800330e0 f   WFiles.obj
 0001:00032410       ?ReadTextFile@@YAHPEB_WKAEAPEA_WAEAK2K@Z 0000000180033410 f   WFiles.obj
 0001:00032a10       ?WriteTextFile@@YAHPEB_W0HK_NPEAK@Z 0000000180033a10 f   WFiles.obj
 0001:00032dd0       ?FilesExists@@YA_NPEB_W0_NH@Z 0000000180033dd0 f   WFiles.obj
 0001:00032f70       ?IsDotsName@@YA_NPEB_W@Z   0000000180033f70 f   WFiles.obj
 0001:00032fd0       ?FileExistSubDir@@YA_NPEB_W0HAEAUCmdArg@@@Z 0000000180033fd0 f   WFiles.obj
 0001:00033210       ?DirectoryExists@@YA_NPEB_W@Z 0000000180034210 f   WFiles.obj
 0001:000333b0       ?MyCreateDirectory@@YA_NPEA_W@Z 00000001800343b0 f   WFiles.obj
 0001:00033500       ?FileCompare@@YA_NPEB_W0@Z 0000000180034500 f   WFiles.obj
 0001:000337f0       ?apiCancelSynchronousIo@@YAHPEAX@Z 00000001800347f0 f   WFiles.obj
 0001:000338b0       ?HasZoneIdentifier@@YA_NPEB_WAEAH@Z 00000001800348b0 f   WFiles.obj
 0001:000339e0       ?DropZoneIdentifier@@YA_NPEB_WAEAK@Z 00000001800349e0 f   WFiles.obj
 0001:00033af0       ?getWindowInfo@@YAXPEAUHWND__@@AEAY0EAA@_W_NPEAK@Z 0000000180034af0 f   WObjects.obj
 0001:00033d00       ?FileExists@@YA_NPEB_WPEAK@Z 0000000180034d00 f   WObjects.obj
 0001:00033f20       ?FileSearchInDir@@YA_NPEB_WAEAUCmdArg@@@Z 0000000180034f20 f   WObjects.obj
 0001:00034140       ?FileExistsSearch@@YA_NPEB_WAEAUCmdArg@@_N2@Z 0000000180035140 f   WObjects.obj
 0001:00034280       ?GetShortFileName@@YA_NPEB_WHPEA_WH@Z 0000000180035280 f   WObjects.obj
 0001:00034500       ?GetShortFileNameEx@@YAPEA_WPEB_WH@Z 0000000180035500 f   WObjects.obj
 0001:00034a40       ?IsWine@@YA_NXZ            0000000180035a40 f   WObjects.obj
 0001:00034bd0       ?IsWinPE@@YA_NXZ           0000000180035bd0 f   WObjects.obj
 0001:00034c80       ?GetOsVersionInformational@@YA_NPEAU_OSVERSIONINFOW@@@Z 0000000180035c80 f   WObjects.obj
 0001:00034cc0       ?IsWinVerOrHigher@@YA_NG@Z 0000000180035cc0 f   WObjects.obj
 0001:00034d90       ?IsWin2kEql@@YA_NXZ        0000000180035d90 f   WObjects.obj
 0001:00034e70       ?IsWin5family@@YA_NXZ      0000000180035e70 f   WObjects.obj
 0001:00034f30       ?IsWinXPSP1@@YA_NXZ        0000000180035f30 f   WObjects.obj
 0001:00035020       ?IsWin6@@YA_NXZ            0000000180036020 f   WObjects.obj
 0001:00035080       ?IsWin7@@YA_NXZ            0000000180036080 f   WObjects.obj
 0001:000350e0       ?IsWin10@@YA_NXZ           00000001800360e0 f   WObjects.obj
 0001:00035140       ?IsDbcs@@YA_NXZ            0000000180036140 f   WObjects.obj
 0001:00035180       ?IsWindows64@@YA_NXZ       0000000180036180 f   WObjects.obj
 0001:000351c0       ?IsHwFullScreenAvailable@@YA_NXZ 00000001800361c0 f   WObjects.obj
 0001:00035250       ?IsVsNetHostExe@@YA_NPEB_W@Z 0000000180036250 f   WObjects.obj
 0001:000352f0       ?IsGDB@@YA_NPEB_W@Z        00000001800362f0 f   WObjects.obj
 0001:00035360       ?GetProcessBits@@YAHKPEAX@Z 0000000180036360 f   WObjects.obj
 0001:00035490       ?GetProcessInfo@@YA_NKPEAUtagPROCESSENTRY32W@@@Z 0000000180036490 f   WObjects.obj
 0001:00035580       ?isTerminalMode@@YA_NXZ    0000000180036580 f   WObjects.obj
 0001:000358d0       ?IsModuleValid@@YA_NPEAUHINSTANCE__@@H@Z 00000001800368d0 f   WObjects.obj
 0001:00035a70       ?CheckCallbackPtr@@YA_NPEAUHINSTANCE__@@_KPEAP6A_JXZHHH@Z 0000000180036a70 f   WObjects.obj
 0001:00035c60       ?ExpandMacroValues@@YAPEA_WPEB_WPEAPEB_W_K@Z 0000000180036c60 f   WObjects.obj
 0001:00035eb0       ?ExpandEnvStr@@YAPEA_WPEB_W@Z 0000000180036eb0 f   WObjects.obj
 0001:00035fc0       ?GetEnvVar@@YAPEA_WPEB_W@Z 0000000180036fc0 f   WObjects.obj
 0001:000360b0       ?GetComspecFromEnvVar@@YAPEB_WPEA_WKW4ComSpecBits@@@Z 00000001800370b0 f   WObjects.obj
 0001:00036410       ?GetComspec@@YAPEA_WPEBUConEmuComspec@@@Z 0000000180037410 f   WObjects.obj
 0001:000366d0       ?IsExportEnvVarAllowed@@YA_NPEB_W@Z 00000001800376d0 f   WObjects.obj
 0001:00036750       ?ApplyExportEnvVar@@YAXPEB_W@Z 0000000180037750 f   WObjects.obj
 0001:00036810       ?CoordInSmallRect@@YA_NAEBU_COORD@@AEBU_SMALL_RECT@@@Z 0000000180037810 f   WObjects.obj
 0001:00036890       ?GetCpFromString@@YAIPEB_WPEAPEB_W@Z 0000000180037890 f   WObjects.obj
 0001:00036af0       ??$wcscpy_c@$0EAA@@@YAHAEAY0EAA@_WPEB_W@Z 0000000180037af0 f i WObjects.obj
 0001:00036b20       ??$wcscpy_c@$0BAA@@@YAHAEAY0BAA@_WPEB_W@Z 0000000180037b20 f i WObjects.obj
 0001:00036b50       ?apiThreadHelper@@YAKPEAX@Z 0000000180037b50 f   WThreads.obj
 0001:00036d50       ?apiCreateThread@@YAPEAXP6AKPEAX@Z0PEAKPEBDH@Z 0000000180037d50 f   WThreads.obj
 0001:00036f50       ??0ConEmuThreadStartArg@@QEAA@P6AKPEAX@Z0K@Z 0000000180037f50 f i WThreads.obj
 0001:00036fb0       ?apiTerminateThreadEx@@YAHPEAXKPEBDH@Z 0000000180037fb0 f   WThreads.obj
 0001:00037140       ?SetThreadName@@YAXKPEAD@Z 0000000180038140 f   WThreads.obj
 0001:000371a0       ?apiSetForegroundWindow@@YA_NPEAUHWND__@@@Z 00000001800381a0 f   WUser.obj
 0001:000371e0       ?apiShowWindow@@YA_NPEAUHWND__@@H@Z 00000001800381e0 f   WUser.obj
 0001:00037220       ?apiShowWindowAsync@@YA_NPEAUHWND__@@H@Z 0000000180038220 f   WUser.obj
 0001:00037260       ?IsUserAdmin@@YA_NXZ       0000000180038260 f   WUser.obj
 0001:000373c0       ?GetLogonSID@@YA_NPEAXPEAPEA_W@Z 00000001800383c0 f   WUser.obj
 0001:00037520       ?RemoveOldComSpecC@@YAXXZ  0000000180038520 f   WUser.obj
 0001:00037670       ?DuplicateProcessHandle@@YAPEAXK@Z 0000000180038670 f   WUser.obj
 0001:00037700       ?FindComspec@@YAXPEAUConEmuComspec@@_N@Z 0000000180038700 f   WUser.obj
 0001:000382f0       ?UpdateComspec@@YAXPEAUConEmuComspec@@_N@Z 00000001800392f0 f   WUser.obj
 0001:00038730       ?SetEnvVarExpanded@@YAXPEB_W0@Z 0000000180039730 f   WUser.obj
 0001:00038980       wcsrchr                    0000000180039980 f   libCRT64:strrchr.obj
 0001:000389b0       wcschr                     00000001800399b0 f   libCRT64:strchr.obj
 0001:000389d0       strpbrk                    00000001800399d0 f   libCRT64:strpbrk.obj
 0001:00038a70       wcspbrk                    0000000180039a70 f   libCRT64:strpbrk.obj
 0001:00038ac0       wcsncmp                    0000000180039ac0 f   libCRT64:strncmp.obj
 0001:00038b00       strrchr                    0000000180039b00 f   libCRT64:strrchr.obj
 0001:00038b30       wcsstr                     0000000180039b30 f   libCRT64:strstr.obj
 0001:00038ba0       memset                     0000000180039ba0 f   libCRT64:memset.obj
 0001:00038bd0       memmove                    0000000180039bd0 f   libCRT64:memmove.obj
 0001:00038c30       memcpy                     0000000180039c30 f   libCRT64:memcpy.obj
 0001:00038c60       memcmp                     0000000180039c60 f   libCRT64:memcmp.obj
 0001:00038c90       iswdigit                   0000000180039c90 f i libCRT64:strtol.obj
 0001:00038ca0       iswspace                   0000000180039ca0 f i libCRT64:strtol.obj
 0001:00038e90       wcstol                     0000000180039e90 f   libCRT64:strtol.obj
 0001:00038ea0       wcstoul                    0000000180039ea0 f   libCRT64:strtol.obj
 0001:00038eb0       strchr                     0000000180039eb0 f   libCRT64:strchr.obj
 0001:00038ec8       SetEnvironmentVariableW    0000000180039ec8 f   kernel32:KERNEL32.dll
 0001:00038ece       lstrlenW                   0000000180039ece f   kernel32:KERNEL32.dll
 0001:00038ed4       lstrcpynW                  0000000180039ed4 f   kernel32:KERNEL32.dll
 0001:00038eda       lstrcmpiW                  0000000180039eda f   kernel32:KERNEL32.dll
 0001:00038ee0       lstrcmpW                   0000000180039ee0 f   kernel32:KERNEL32.dll
 0001:00038ee6       GetCurrentDirectoryW       0000000180039ee6 f   kernel32:KERNEL32.dll
 0001:00038eec       SearchPathW                0000000180039eec f   kernel32:KERNEL32.dll
 0001:00038ef2       GetProcAddress             0000000180039ef2 f   kernel32:KERNEL32.dll
 0001:00038ef8       GetModuleHandleW           0000000180039ef8 f   kernel32:KERNEL32.dll
 0001:00038efe       GetModuleFileNameW         0000000180039efe f   kernel32:KERNEL32.dll
 0001:00038f04       SetNamedPipeHandleState    0000000180039f04 f   kernel32:KERNEL32.dll
 0001:00038f0a       GetCurrentProcessId        0000000180039f0a f   kernel32:KERNEL32.dll
 0001:00038f10       Sleep                      0000000180039f10 f   kernel32:KERNEL32.dll
 0001:00038f16       SetLastError               0000000180039f16 f   kernel32:KERNEL32.dll
 0001:00038f1c       WaitNamedPipeW             0000000180039f1c f   kernel32:KERNEL32.dll
 0001:00038f22       WaitForSingleObject        0000000180039f22 f   kernel32:KERNEL32.dll
 0001:00038f28       GetLastError               0000000180039f28 f   kernel32:KERNEL32.dll
 0001:00038f2e       CreateFileW                0000000180039f2e f   kernel32:KERNEL32.dll
 0001:00038f34       GetTickCount               0000000180039f34 f   kernel32:KERNEL32.dll
 0001:00038f3a       IsDebuggerPresent          0000000180039f3a f   kernel32:KERNEL32.dll
 0001:00038f40       GetCurrentThreadId         0000000180039f40 f   kernel32:KERNEL32.dll
 0001:00038f46       ReadFile                   0000000180039f46 f   kernel32:KERNEL32.dll
 0001:00038f4c       CloseHandle                0000000180039f4c f   kernel32:KERNEL32.dll
 0001:00038f52       TransactNamedPipe          0000000180039f52 f   kernel32:KERNEL32.dll
 0001:00038f58       WriteFile                  0000000180039f58 f   kernel32:KERNEL32.dll
 0001:00038f5e       GetConsoleWindow           0000000180039f5e f   kernel32:KERNEL32.dll
 0001:00038f64       UnmapViewOfFile            0000000180039f64 f   kernel32:KERNEL32.dll
 0001:00038f6a       MapViewOfFile              0000000180039f6a f   kernel32:KERNEL32.dll
 0001:00038f70       OpenFileMappingW           0000000180039f70 f   kernel32:KERNEL32.dll
 0001:00038f76       LoadLibraryW               0000000180039f76 f   kernel32:KERNEL32.dll
 0001:00038f7c       CreateFileMappingW         0000000180039f7c f   kernel32:KERNEL32.dll
 0001:00038f82       VirtualProtect             0000000180039f82 f   kernel32:KERNEL32.dll
 0001:00038f88       lstrcpyW                   0000000180039f88 f   kernel32:KERNEL32.dll
 0001:00038f8e       MultiByteToWideChar        0000000180039f8e f   kernel32:KERNEL32.dll
 0001:00038f94       lstrcpynA                  0000000180039f94 f   kernel32:KERNEL32.dll
 0001:00038f9a       lstrlenA                   0000000180039f9a f   kernel32:KERNEL32.dll
 0001:00038fa0       WideCharToMultiByte        0000000180039fa0 f   kernel32:KERNEL32.dll
 0001:00038fa6       lstrcpyA                   0000000180039fa6 f   kernel32:KERNEL32.dll
 0001:00038fac       lstrcatW                   0000000180039fac f   kernel32:KERNEL32.dll
 0001:00038fb2       GetConsoleCursorInfo       0000000180039fb2 f   kernel32:KERNEL32.dll
 0001:00038fb8       GetConsoleScreenBufferInfo 0000000180039fb8 f   kernel32:KERNEL32.dll
 0001:00038fbe       GetStdHandle               0000000180039fbe f   kernel32:KERNEL32.dll
 0001:00038fc4       GetConsoleTitleW           0000000180039fc4 f   kernel32:KERNEL32.dll
 0001:00038fca       DeleteFileW                0000000180039fca f   kernel32:KERNEL32.dll
 0001:00038fd0       Thread32Next               0000000180039fd0 f   kernel32:KERNEL32.dll
 0001:00038fd6       Thread32First              0000000180039fd6 f   kernel32:KERNEL32.dll
 0001:00038fdc       CreateToolhelp32Snapshot   0000000180039fdc f   kernel32:KERNEL32.dll
 0001:00038fe2       GetConsoleMode             0000000180039fe2 f   kernel32:KERNEL32.dll
 0001:00038fe8       GetExitCodeProcess         0000000180039fe8 f   kernel32:KERNEL32.dll
 0001:00038fee       CreateProcessW             0000000180039fee f   kernel32:KERNEL32.dll
 0001:00038ff4       SetConsoleMode             0000000180039ff4 f   kernel32:KERNEL32.dll
 0001:00038ffa       GetEnvironmentStringsW     0000000180039ffa f   kernel32:KERNEL32.dll
 0001:00039000       GetEnvironmentVariableW    000000018003a000 f   kernel32:KERNEL32.dll
 0001:00039006       WaitForMultipleObjects     000000018003a006 f   kernel32:KERNEL32.dll
 0001:0003900c       CreateEventW               000000018003a00c f   kernel32:KERNEL32.dll
 0001:00039012       SetConsoleTitleW           000000018003a012 f   kernel32:KERNEL32.dll
 0001:00039018       CreateSemaphoreW           000000018003a018 f   kernel32:KERNEL32.dll
 0001:0003901e       ResetEvent                 000000018003a01e f   kernel32:KERNEL32.dll
 0001:00039024       TerminateProcess           000000018003a024 f   kernel32:KERNEL32.dll
 0001:0003902a       GetCurrentProcess          000000018003a02a f   kernel32:KERNEL32.dll
 0001:00039030       SetEvent                   000000018003a030 f   kernel32:KERNEL32.dll
 0001:00039036       IsBadStringPtrW            000000018003a036 f   kernel32:KERNEL32.dll
 0001:0003903c       Module32NextW              000000018003a03c f   kernel32:KERNEL32.dll
 0001:00039042       Module32FirstW             000000018003a042 f   kernel32:KERNEL32.dll
 0001:00039048       ReleaseSemaphore           000000018003a048 f   kernel32:KERNEL32.dll
 0001:0003904e       WriteConsoleInputW         000000018003a04e f   kernel32:KERNEL32.dll
 0001:00039054       GetNumberOfConsoleInputEvents 000000018003a054 f   kernel32:KERNEL32.dll
 0001:0003905a       ReadConsoleInputW          000000018003a05a f   kernel32:KERNEL32.dll
[...]
 0003:00003350       ?ghConsoleInputEmpty@@3PEAXEA 0000000180058350     ConEmuPluginBase.obj
 0003:00003358       ?ghConsoleWrite@@3PEAXEA   0000000180058358     ConEmuPluginBase.obj
 0003:00003360       ?gnSynchroCount@@3HA       0000000180058360     ConEmuPluginBase.obj
 0003:00003380       ?hkFunc@@3UHkFunc@@A       0000000180058380     HkFunc.obj
 0003:000033c0       ?AssertMsgBox@@3P6AHPEB_WI0PEAUHWND__@@_N@ZEA 00000001800583c0     MAssert.obj
 0003:000033c8       ?ghHeap@@3PEAXEA           00000001800583c8     Memory.obj
 0003:000033d0       ?gNullDesc@@3PEAVMNullDesc@@EA 00000001800583d0     MSecurity.obj
 0003:000033d8       ?gbNeedBgActivate@@3HA     00000001800583d8     PluginBackground.obj
 0003:000033dc       ?gbBgPluginsAllowed@@3HA   00000001800583dc     PluginBackground.obj
 0003:000033e0       ?gpBgPlugin@@3PEAVCPluginBackground@@EA 00000001800583e0     PluginBackground.obj
 0003:000033f0       ?gszPluginServerPipe@@3PA_WA 00000001800583f0     PluginSrv.obj
 0003:000035f8       ?gpPlugServer@@3PEAU?$PipeServer@UCESERVER_REQ@@@@EA 00000001800585f8     PluginSrv.obj
 0003:00003600       ?ghServerTerminateEvent@@3PEAXEA 0000000180058600     PluginSrv.obj
 0003:00003608       ?gbForcedServerTermination@@3_NA 0000000180058608     PluginSrv.obj
 0003:00003610       ?gpConsoleInfoStr@@3PEAU_CONSOLE_INFO@@EA 0000000180058610     WConsole.obj
 0003:00003618       ?ghConsoleSection@@3PEAXEA 0000000180058618     WConsole.obj
 0003:00003620       ?g_LastSetConsoleFont@@3UMY_CONSOLE_FONT_INFOEX@@A 0000000180058620     WConsole.obj
 0003:000036a8       ?gfnSearchAppPaths@@3P6A_NPEB_WAEAUCmdArg@@_NPEAU1@@ZEA 00000001800586a8     WObjects.obj
 0003:0000bf20       ?g_ThreadsIdx@@3JA         0000000180060f20     WThreads.obj
 0003:0000bf30       _aenvptr                   0000000180060f30     LIBCMT:dllcrt0.obj
 0003:0000bf38       _wenvptr                   0000000180060f38     LIBCMT:dllcrt0.obj
 0003:0000bf40       __error_mode               0000000180060f40     LIBCMT:dllcrt0.obj
 0003:0000bf44       __app_type                 0000000180060f44     LIBCMT:dllcrt0.obj
 0003:0000bf48       _umaskval                  0000000180060f48     LIBCMT:crt0dat.obj
 0003:0000bf4c       _osplatform                0000000180060f4c     LIBCMT:crt0dat.obj
 0003:0000bf50       _osver                     0000000180060f50     LIBCMT:crt0dat.obj
 0003:0000bf54       _winver                    0000000180060f54     LIBCMT:crt0dat.obj
 0003:0000bf58       _winmajor                  0000000180060f58     LIBCMT:crt0dat.obj
 0003:0000bf5c       _winminor                  0000000180060f5c     LIBCMT:crt0dat.obj
 0003:0000bf60       __argc                     0000000180060f60     LIBCMT:crt0dat.obj
 0003:0000bf64       _exitflag                  0000000180060f64     LIBCMT:crt0dat.obj
 0003:0000bf68       __argv                     0000000180060f68     LIBCMT:crt0dat.obj
 0003:0000bf70       __wargv                    0000000180060f70     LIBCMT:crt0dat.obj
 0003:0000bf78       _environ                   0000000180060f78     LIBCMT:crt0dat.obj
 0003:0000bf80       __initenv                  0000000180060f80     LIBCMT:crt0dat.obj
 0003:0000bf88       _wenviron                  0000000180060f88     LIBCMT:crt0dat.obj
 0003:0000bf90       __winitenv                 0000000180060f90     LIBCMT:crt0dat.obj
 0003:0000bf98       _pgmptr                    0000000180060f98     LIBCMT:crt0dat.obj
 0003:0000bfa0       _wpgmptr                   0000000180060fa0     LIBCMT:crt0dat.obj
 0003:0000bfa8       _C_Termination_Done        0000000180060fa8     LIBCMT:crt0dat.obj
 0003:0000bfac       _C_Exit_Done               0000000180060fac     LIBCMT:crt0dat.obj
 0003:0000c0b8       _crtheap                   00000001800610b8     LIBCMT:heapinit.obj
 0003:0000c610       ?__pInconsistency@@3P6AXXZEA 0000000180061610     LIBCMT:hooks.obj
 0003:0000c648       ?_pnhHeap@@3P6AH_K@ZEA     0000000180061648     LIBCMT:handler.obj
 0003:0000c650       __locale_changed           0000000180061650     LIBCMT:setlocal.obj
 0003:0000c658       __lc_handle                0000000180061658     LIBCMT:nlsdata2.obj
 0003:0000c670       __lc_codepage              0000000180061670     LIBCMT:nlsdata2.obj
 0003:0000c674       __lc_collate_cp            0000000180061674     LIBCMT:nlsdata2.obj
 0003:0000c680       __mbulinfo                 0000000180061680     LIBCMT:mbctype.obj
 0003:0000c68c       __mbcodepage               000000018006168c     LIBCMT:mbctype.obj
 0003:0000c690       __ismbcodepage             0000000180061690     LIBCMT:mbctype.obj
 0003:0000c694       __mblcid                   0000000180061694     LIBCMT:mbctype.obj
 0003:0000c698       _maxwait                   0000000180061698     LIBCMT:crtheap.obj
 0003:0000c69c       _newmode                   000000018006169c     LIBCMT:_newmode.obj
 0003:0000cc38       __lconv_static_null        0000000180061c38     LIBCMT:lconv.obj
 0003:0000cc3c       __lconv_static_W_null      0000000180061c3c     LIBCMT:lconv.obj
 0003:0000ccfc       __setlc_active             0000000180061cfc     <common>
 0003:0000cd00       __unguarded_readlc_active  0000000180061d00     <common>
 0003:0000cd04       _nhandle                   0000000180061d04     <common>
 0003:0000cd20       __pioinfo                  0000000180061d20     <common>
 0003:0000cf20       __env_initialized          0000000180061f20     <common>
 0003:0000cf28       __onexitend                0000000180061f28     <common>
 0003:0000cf30       __onexitbegin              0000000180061f30     <common>
 0003:0000cf38       __mbctype_initialized      0000000180061f38     <common>
 0003:0000cf40       _FPinit                    0000000180061f40     <common>
 0003:0000cf48       __initenv_end              0000000180061f48     <common>
 0003:0000cf50       __winitenv_end             0000000180061f50     <common>
 0003:0000cf58       __dyn_tls_init_callback    0000000180061f58     <common>
 0003:0000cf60       _acmdln                    0000000180061f60     <common>
 0003:0000cf68       _pRawDllMain               0000000180061f68     <common>
 0003:0000cf70       _pDestructExceptionObject  0000000180061f70     <common>

 entry point at        0001:00039a0c

 Static symbols

 0001:00000610       ?StringValidateDestW@@YAJPEB_W_K_K@Z 0000000180001610 f   CmdArg.obj
 0001:00000650       ?StringCopyWorkerW@@YAJPEA_W_KPEA_KPEB_W1@Z 0000000180001650 f   CmdArg.obj
 0001:00004c90       ?StringValidateDestW@@YAJPEB_W_K_K@Z 0000000180005c90 f   ConEmuCheck.obj
 0001:00004cd0       ?StringCopyWorkerW@@YAJPEA_W_KPEA_KPEB_W1@Z 0000000180005cd0 f   ConEmuCheck.obj
 0001:00006ec0       ?StringValidateDestW@@YAJPEB_W_K_K@Z 0000000180007ec0 f   ConEmuCheckEx.obj
 0001:00006f00       ?StringCopyWorkerW@@YAJPEA_W_KPEA_KPEB_W1@Z 0000000180007f00 f   ConEmuCheckEx.obj
 0001:00007110       ?StringValidateDestAndLengthW@@YAJPEB_W_KPEA_K_K@Z 0000000180008110 f   ConEmuCheckEx.obj
 0001:00007180       ?StringLengthWorkerW@@YAJPEB_W_KPEA_K@Z 0000000180008180 f   ConEmuCheckEx.obj
 0001:000079e0       ?StringValidateDestW@@YAJPEB_W_K_K@Z 00000001800089e0 f   ConEmuInjects.obj
 0001:00007a20       ?StringCopyWorkerW@@YAJPEA_W_KPEA_KPEB_W1@Z 0000000180008a20 f   ConEmuInjects.obj
 0001:000087c0       ?ChangeExports@@YA_NPEBUExportFunc@@PEAUHINSTANCE__@@@Z 00000001800097c0 f   ConEmuPlugin.obj
 0001:0000c530       ?GetFarSetting@@YAHPEAX_KPEB_W@Z 000000018000d530 f   ConEmuPlugin1900.obj
 0001:0000c8a0       ?CallGuiMacroProc@@YAXXZ   000000018000d8a0 f   ConEmuPlugin1900.obj
 0001:0000ccf0       ?CallGuiMacroDlg@@YA_JPEAXHH0@Z 000000018000dcf0 f   ConEmuPlugin1900.obj
 0001:0000d3f0       ?MAKEFARVERSION@@YA?AUVersionInfo@@KKKKW4VERSION_STAGE@@@Z 000000018000e3f0 f   ConEmuPlugin2800.obj
 0001:0000f130       ?WExists@@YA_JAEBUWindowInfo@@AEBV?$MArray@UWindowInfo@@@@@Z 0000000180010130 f   ConEmuPlugin2800.obj
 0001:00010680       ?GetFarSetting@@YAHPEAX_KPEB_W@Z 0000000180011680 f   ConEmuPlugin2800.obj
 0001:00010a10       ?CallGuiMacroProc@@YAXXZ   0000000180011a10 f   ConEmuPlugin2800.obj
 0001:00010e50       ?CallGuiMacroDlg@@YA_JPEAX_J10@Z 0000000180011e50 f   ConEmuPlugin2800.obj
 0001:00011470       ?FreeMacroResult@@YAXPEAXPEAUFarMacroValue@@_K@Z 0000000180012470 f   ConEmuPlugin2800.obj
 0001:000140e0       ?CallGuiMacroProc@@YAXXZ   00000001800150e0 f   ConEmuPlugin995.obj
 0001:000144e0       ?CallGuiMacroDlg@@YA_JPEAXHH_J@Z 00000001800154e0 f   ConEmuPlugin995.obj
 0001:00016ac0       ?CallGuiMacroProc@@YAXXZ   0000000180017ac0 f   ConEmuPluginA.obj
 0001:00016ee0       ?CallGuiMacroDlg@@YA_JPEAXHH_J@Z 0000000180017ee0 f   ConEmuPluginA.obj
 0001:00017bd0       ?LoadFarVersion@@YA_NAEAUFarVersion@@AEAY0CAA@_W@Z 0000000180018bd0 f   ConEmuPluginBase.obj
 0001:00017c70       ?SetDefaultFarVersion@@YAXAEAUFarVersion@@@Z 0000000180018c70 f   ConEmuPluginBase.obj
 0001:00017cd0       ?LoadFarVersion@@YA_NPEB_WAEAUFarVersion@@AEAY0CAA@_W@Z 0000000180018cd0 f   ConEmuPluginBase.obj
 0001:00017d40       ?LoadAppVersion@@YA_NPEB_WAEAUtagVS_FIXEDFILEINFO@@AEAY0CAA@_W@Z 0000000180018d40 f   ConEmuPluginBase.obj
 0001:00017fa0       ?ConvertVersionToFarVersion@@YAXAEBUtagVS_FIXEDFILEINFO@@AEAUFarVersion@@@Z 0000000180018fa0 f   ConEmuPluginBase.obj
 0001:000225d0       ?StringValidateDestW@@YAJPEB_W_K_K@Z 00000001800235d0 f   ConEmuPluginBase.obj
 0001:00022610       ?StringValidateDestAndLengthW@@YAJPEB_W_KPEA_K_K@Z 0000000180023610 f   ConEmuPluginBase.obj
 0001:00022680       ?StringLengthWorkerW@@YAJPEB_W_KPEA_K@Z 0000000180023680 f   ConEmuPluginBase.obj
 0001:00022720       ?StringCopyWorkerW@@YAJPEA_W_KPEA_KPEB_W1@Z 0000000180023720 f   ConEmuPluginBase.obj
 0001:00024a60       ?StringValidateDestW@@YAJPEB_W_K_K@Z 0000000180025a60 f   Execute.obj
 0001:00024aa0       ?StringCopyWorkerW@@YAJPEA_W_KPEA_KPEB_W1@Z 0000000180025aa0 f   Execute.obj
 0001:00025480       ?StringValidateDestA@@YAJPEBD_K_K@Z 0000000180026480 f   Memory.obj
 0001:000254c0       ?StringCopyWorkerA@@YAJPEAD_KPEA_KPEBD1@Z 00000001800264c0 f   Memory.obj
 0001:00025640       ?StringValidateDestW@@YAJPEB_W_K_K@Z 0000000180026640 f   Memory.obj
 0001:00025680       ?StringCopyWorkerW@@YAJPEA_W_KPEA_KPEB_W1@Z 0000000180026680 f   Memory.obj
 0001:0002c590       ?StringValidateDestW@@YAJPEB_W_K_K@Z 000000018002d590 f   PluginBackground.obj
 0001:0002c5d0       ?StringCopyWorkerW@@YAJPEA_W_KPEA_KPEB_W1@Z 000000018002d5d0 f   PluginBackground.obj
 0001:0002fbd0       ?StringValidateDestW@@YAJPEB_W_K_K@Z 0000000180030bd0 f   PluginSrv.obj
 0001:0002fc10       ?StringCopyWorkerW@@YAJPEA_W_KPEA_KPEB_W1@Z 0000000180030c10 f   PluginSrv.obj
 0001:000343d0       ?StringValidateDestW@@YAJPEB_W_K_K@Z 00000001800353d0 f   WObjects.obj
 0001:00034410       ?StringCopyWorkerW@@YAJPEA_W_KPEA_KPEB_W1@Z 0000000180035410 f   WObjects.obj
 0001:00034af0       ?CheckRegKeyExist@@YA_NPEAURegKeyExistArg@@@Z 0000000180035af0 f   WObjects.obj
 0001:00036300       ?StringValidateDestAndLengthW@@YAJPEB_W_KPEA_K_K@Z 0000000180037300 f   WObjects.obj
 0001:00036370       ?StringLengthWorkerW@@YAJPEB_W_KPEA_K@Z 0000000180037370 f   WObjects.obj
 0001:00038850       ?StringValidateDestW@@YAJPEB_W_K_K@Z 0000000180039850 f   WUser.obj
 0001:00038890       ?StringCopyWorkerW@@YAJPEA_W_KPEA_KPEB_W1@Z 0000000180039890 f   WUser.obj
 0001:00038cc0       ?strtoxl@@YAKPEB_WPEAPEA_WHH@Z 0000000180039cc0 f   libCRT64:strtol.obj
 0001:0003983c       __DllMainCRTStartup        000000018003a83c f   LIBCMT:dllcrt0.obj
 0001:00039b60       xcptlookup                 000000018003ab60 f   LIBCMT:winxfltr.obj
 0001:00039e64       _initterm                  000000018003ae64 f   LIBCMT:crt0dat.obj
 0001:0003a03c       doexit                     000000018003b03c f   LIBCMT:crt0dat.obj
 0001:0003ac44       parse_cmdline              000000018003bc44 f   LIBCMT:stdargv.obj
 0001:0003ba14       ctrlevent_capture          000000018003ca14 f   LIBCMT:winsig.obj
 0001:0003baac       siglookup                  000000018003caac f   LIBCMT:winsig.obj
 0001:0003c510       _copytlocinfo_nolock       000000018003d510 f   LIBCMT:setlocal.obj
 0001:0003c544       _updatetlocinfoEx_nolock   000000018003d544 f   LIBCMT:setlocal.obj
 0001:0003c694       sync_legacy_variables_lk   000000018003d694 f   LIBCMT:setlocal.obj
 0001:0003ca90       _setlocale_get_all         000000018003da90 f   LIBCMT:setlocal.obj
 0001:0003cedc       _setlocale_set_cat         000000018003dedc f   LIBCMT:setlocal.obj
 0001:0003d1e0       _setlocale_nolock          000000018003e1e0 f   LIBCMT:setlocal.obj
 0001:0003d7ac       ?CPtoLCID@@YAHH@Z          000000018003e7ac f   LIBCMT:mbctype.obj
 0001:0003d7e0       ?setSBCS@@YAXPEAUthreadmbcinfostruct@@@Z 000000018003e7e0 f   LIBCMT:mbctype.obj
 0001:0003d874       ?setSBUpLow@@YAXPEAUthreadmbcinfostruct@@@Z 000000018003e874 f   LIBCMT:mbctype.obj
 0001:0003dbec       ?getSystemCP@@YAHH@Z       000000018003ebec f   LIBCMT:mbctype.obj
 0001:0003e3e8       ?x_ismbbtype_l@@YAHPEAUlocaleinfo_struct@@IHH@Z 000000018003f3e8 f   LIBCMT:ismbbyte.obj
 0001:0003ed28       _get_lc_time               000000018003fd28 f   LIBCMT:inittime.obj
 0001:0003fdd0       fix_grouping               0000000180040dd0 f   LIBCMT:initnum.obj
 0001:000400e4       fix_grouping               00000001800410e4 f   LIBCMT:initmon.obj
 0001:00041370       ?_store_str@@YAXPEADPEAPEADPEA_K@Z 0000000180042370 f   LIBCMT:_strftime.obj
 0001:00041394       ?_store_number@@YAXHPEAPEADPEA_K@Z 0000000180042394 f   LIBCMT:_strftime.obj
 0001:000413f8       ?_store_num@@YAXHHPEAPEADPEA_KI@Z 00000001800423f8 f   LIBCMT:_strftime.obj
 0001:000414d4       ?_expandtime@@YAHPEAUlocaleinfo_struct@@DPEBUtm@@PEAPEADPEA_KPEAU__lc_time_data@@I@Z 00000001800424d4 f   LIBCMT:_strftime.obj
 0001:00041b10       ?_store_winword@@YAHPEAUlocaleinfo_struct@@HPEBUtm@@PEAPEADPEA_KPEAU__lc_time_data@@@Z 0000000180042b10 f   LIBCMT:_strftime.obj
 0001:000424b0       TranslateName              00000001800434b0 f   LIBCMT:getqloc.obj
 0001:00042548       GetLcidFromDefault         0000000180043548 f   LIBCMT:getqloc.obj
 0001:0004256c       ProcessCodePage            000000018004356c f   LIBCMT:getqloc.obj
 0001:00042608       TestDefaultCountry         0000000180043608 f   LIBCMT:getqloc.obj
 0001:00042630       LcidFromHexString          0000000180043630 f   LIBCMT:getqloc.obj
 0001:0004266c       GetPrimaryLen              000000018004366c f   LIBCMT:getqloc.obj
 0001:00042688       CountryEnumProc            0000000180043688 f   LIBCMT:getqloc.obj
 0001:00042770       TestDefaultLanguage        0000000180043770 f   LIBCMT:getqloc.obj
 0001:00042834       LangCountryEnumProc        0000000180043834 f   LIBCMT:getqloc.obj
 0001:00042ae4       LanguageEnumProc           0000000180043ae4 f   LIBCMT:getqloc.obj
 0001:00042bf4       GetLcidFromCountry         0000000180043bf4 f   LIBCMT:getqloc.obj
 0001:00042c44       GetLcidFromLangCountry     0000000180043c44 f   LIBCMT:getqloc.obj
 0001:00042cec       GetLcidFromLanguage        0000000180043cec f   LIBCMT:getqloc.obj
 0001:0004302c       ?__crtGetStringTypeA_stat@@YAHPEAUlocaleinfo_struct@@KPEBDHPEAGHHH@Z 000000018004402c f   LIBCMT:_a_str.obj
 0001:000432e8       ?strncnt@@YAHPEBDH@Z       00000001800442e8 f   LIBCMT:_a_map.obj
 0001:00043304       ?__crtLCMapStringA_stat@@YAHPEAUlocaleinfo_struct@@KKPEBDHPEADHHH@Z 0000000180044304 f   LIBCMT:_a_map.obj
 0001:00043d18       _tzset_nolock              0000000180044d18 f   LIBCMT:tzset.obj
 0001:000441c4       cvtdate                    00000001800451c4 f   LIBCMT:tzset.obj
 0001:0004447c       _isindst_nolock            000000018004547c f   LIBCMT:tzset.obj
 0001:00044dcc       xtoa_s                     0000000180045dcc f   LIBCMT:xtoas.obj
 0001:00044f34       x64toa_s                   0000000180045f34 f   LIBCMT:xtoas.obj
 0001:00045240       ?__crtGetLocaleInfoA_stat@@YAHPEAUlocaleinfo_struct@@KKPEADHH@Z 0000000180046240 f   LIBCMT:_a_loc.obj
 0001:000454dc       _getenv_s_helper           00000001800464dc f   LIBCMT:getenv.obj
 0001:000455b0       _dupenv_s_helper           00000001800465b0 f   LIBCMT:getenv.obj
 0001:00045c34       ?strtoxlX@@YAKPEAUlocaleinfo_struct@@PEBDPEAPEBDHHH@Z 0000000180046c34 f   LIBCMT:_strtol.obj
 0001:00045f00       ?strtoxl@@YAKPEAUlocaleinfo_struct@@PEBDPEAPEBDHH@Z 0000000180046f00 f   LIBCMT:_strtol.obj
 0001:00045fdc       ?strtoxq@@YA_KPEAUlocaleinfo_struct@@PEBDPEAPEBDHH@Z 0000000180046fdc f   LIBCMT:_strtoq.obj
 0001:00046518       ?__crtGetStringTypeW_stat@@YAHPEAUlocaleinfo_struct@@KPEBGHPEAGHH@Z 0000000180047518 f   LIBCMT:_w_str.obj
 0001:00046734       ?strncnt@@YAHPEBDH@Z       0000000180047734 f   LIBCMT:_a_cmp.obj
 0001:00046750       ?__crtCompareStringA_stat@@YAHPEAUlocaleinfo_struct@@KKPEBDH1HH@Z 0000000180047750 f   LIBCMT:_a_cmp.obj
 0001:00046c60       findenv                    0000000180047c60 f   LIBCMT:setenv.obj
 0001:00046ce4       copy_environ               0000000180047ce4 f   LIBCMT:setenv.obj
 0001:00047440       ?filt$0@?0??SetThreadName@@YAXKPEAD@Z@4HA 0000000180048440 f   WThreads.obj
 0001:00047454       __DllMainCRTStartup$filt$0 0000000180048454 f   LIBCMT:dllcrt0.obj
 0001:000474b4       __DllMainCRTStartup$filt$1 00000001800484b4 f   LIBCMT:dllcrt0.obj
 0001:00047514       __DllMainCRTStartup$filt$2 0000000180048514 f   LIBCMT:dllcrt0.obj
 0001:00047574       __DllMainCRTStartup$filt$3 0000000180048574 f   LIBCMT:dllcrt0.obj
 0001:000475d4       __DllMainCRTStartup$filt$4 00000001800485d4 f   LIBCMT:dllcrt0.obj
 0001:00047634       __DllMainCRTStartup$filt$5 0000000180048634 f   LIBCMT:dllcrt0.obj
 0001:00047694       __DllMainCRTStartup$filt$6 0000000180048694 f   LIBCMT:dllcrt0.obj
 0001:000476f4       __DllMainCRTStartup$filt$7 00000001800486f4 f   LIBCMT:dllcrt0.obj
 0001:00047750       _IsNonwritableInCurrentImage$filt$0 0000000180048750 f   LIBCMT:pesect.obj
 0001:00047771       doexit$fin$0               0000000180048771 f   LIBCMT:crt0dat.obj
 0001:00047790       _initptd$fin$0             0000000180048790 f   LIBCMT:tidtable.obj
 0001:000477a9       _freefls$fin$1             00000001800487a9 f   LIBCMT:tidtable.obj
 0001:000477c9       _freefls$fin$0             00000001800487c9 f   LIBCMT:tidtable.obj
 0001:000477e2       _mtinitlocknum$fin$0       00000001800487e2 f   LIBCMT:mlock.obj
 0001:000477fe       ctrlevent_capture$fin$0    00000001800487fe f   LIBCMT:winsig.obj
 0001:00047814       signal$fin$0               0000000180048814 f   LIBCMT:winsig.obj
 0001:0004782a       raise$fin$0                000000018004882a f   LIBCMT:winsig.obj
 0001:00047846       __updatetlocinfo$fin$0     0000000180048846 f   LIBCMT:setlocal.obj
 0001:0004785f       _free_locale$fin$0         000000018004885f f   LIBCMT:setlocal.obj
 0001:00047878       _get_current_locale$fin$0  0000000180048878 f   LIBCMT:setlocal.obj
 0001:00047891       setlocale$fin$1            0000000180048891 f   LIBCMT:setlocal.obj
 0001:000478b1       setlocale$fin$0            00000001800488b1 f   LIBCMT:setlocal.obj
 0001:000478d1       setlocale$fin$2            00000001800488d1 f   LIBCMT:setlocal.obj
 0001:000478eb       __updatetmbcinfo$fin$0     00000001800488eb f   LIBCMT:mbctype.obj
 0001:00047904       _setmbcp$fin$0             0000000180048904 f   LIBCMT:mbctype.obj
 0001:0004791d       _tzset_nolock$fin$0        000000018004891d f   LIBCMT:tzset.obj
 0001:00047936       __tzset$fin$0              0000000180048936 f   LIBCMT:tzset.obj
 0001:0004794f       _tzset$fin$0               000000018004894f f   LIBCMT:tzset.obj
 0001:00047968       _isindst$fin$0             0000000180048968 f   LIBCMT:tzset.obj
 0001:00047981       getenv$fin$0               0000000180048981 f   LIBCMT:getenv.obj
 0001:0004799a       getenv_s$fin$0             000000018004899a f   LIBCMT:getenv.obj
 0001:000479b3       _dupenv_s$fin$0            00000001800489b3 f   LIBCMT:getenv.obj
 0001:000479d0       ??__EhkFunc@@YAXXZ         00000001800489d0 f   HkFunc.obj
