 ConEmu

 Timestamp is 55d7cb7b (Sat Aug 22 04:08:11 2015)

 Preferred load address is 10000000

 Start         Length     Name                   Class
 0001:00000000 0003a24aH .text                   CODE
 0001:0003a250 0000000fH .text$yc                CODE
 0002:00000000 000003e8H .idata$5                DATA
 0002:000003e8 00000004H .CRT$XCA                DATA
 0002:000003ec 00000004H .CRT$XCU                DATA
 0002:000003f0 00000004H .CRT$XCZ                DATA
 0002:000003f4 00000004H .CRT$XIA                DATA
 0002:000003f8 00000008H .CRT$XIC                DATA
 0002:00000400 00000004H .CRT$XIZ                DATA
 0002:00000404 00000004H .CRT$XPA                DATA
 0002:00000408 00000004H .CRT$XPZ                DATA
 0002:0000040c 00000004H .CRT$XTA                DATA
 0002:00000410 00000004H .CRT$XTZ                DATA
 0002:00000420 00005e38H .rdata                  DATA
 0002:00006258 0000006fH .rdata$debug            DATA
 0002:000062c8 000004d4H .xdata$x                DATA
 0002:0000679c 00000078H .idata$2                DATA
 0002:00006814 00000014H .idata$3                DATA
 0002:00006828 000003e8H .idata$4                DATA
 0002:00006c10 000011f6H .idata$6                DATA
 0002:00007e10 000002ddH .edata                  DATA
 0003:00000000 00000f80H .data                   DATA
 0003:00000f80 0000a490H .bss                    DATA
 0004:00000000 00000058H .rsrc$01                DATA
 0004:00000060 000002d8H .rsrc$02                DATA

  Address         Publics by Value              Rva+Base       Lib:Object

 0000:00000000       ___safe_se_handler_table   00000000     <absolute>
 0000:00000000       ___safe_se_handler_count   00000000     <absolute>
 0000:00000000       __except_list              00000000     <absolute>
 0000:00000000       ___ImageBase               10000000     <linker-defined>
 0001:00000000       ??0CmdArg@@QAE@XZ          10001000 f   CmdArg.obj
 0001:00000040       ??0CmdArg@@QAE@PA_W@Z      10001040 f   CmdArg.obj
 0001:00000090       ??4CmdArg@@QAEAAU0@PA_W@Z  10001090 f   CmdArg.obj
 0001:000000b0       ??4CmdArg@@QAEAAU0@PB_W@Z  100010b0 f   CmdArg.obj
 0001:000000d0       ??1CmdArg@@QAE@XZ          100010d0 f   CmdArg.obj
 0001:00000140       ?GetBuffer@CmdArg@@QAEPA_WH@Z 10001140 f   CmdArg.obj
 0001:00000240       ?Detach@CmdArg@@QAEPA_WXZ  10001240 f   CmdArg.obj
 0001:00000270       ?Attach@CmdArg@@QAEPB_WPA_W@Z 10001270 f   CmdArg.obj
 0001:00000290       ?AttachInt@CmdArg@@AAEPB_WAAPA_W@Z 10001290 f   CmdArg.obj
 0001:00000310       ?Empty@CmdArg@@QAEXXZ      10001310 f   CmdArg.obj
 0001:00000360       ?IsEmpty@CmdArg@@QAE_NXZ   10001360 f   CmdArg.obj
 0001:000003a0       ?Set@CmdArg@@QAEPB_WPB_WH@Z 100013a0 f   CmdArg.obj
 0001:00000430       ?StringCchCopyNW@@YGJPA_WIPB_WI@Z 10001430 f i CmdArg.obj
 0001:00000570       ?SavePathVar@CmdArg@@QAEXPB_W@Z 10001570 f   CmdArg.obj
 0001:000005b0       ?SaveEnvVar@CmdArg@@QAEXPB_W0@Z 100015b0 f   CmdArg.obj
 0001:00000630       ?SetAt@CmdArg@@QAEXH_W@Z   10001630 f   CmdArg.obj
 0001:00000660       ?GetPosFrom@CmdArg@@QAEXABU1@@Z 10001660 f   CmdArg.obj
 0001:000006a0       ?IsNeedDequote@@YI_NPB_W_NPAPB_W@Z 100016a0 f   CmdLine.obj
 0001:00000870       ??BCmdArg@@QBEPB_WXZ       10001870 f i CmdLine.obj
 0001:00000880       ?NextArg@@YIHPAPB_WAAUCmdArg@@0@Z 10001880 f   CmdLine.obj
 0001:00000cd0       ?NextLine@@YIHPAPB_WAAUCmdArg@@K@Z 10001cd0 f   CmdLine.obj
 0001:00000e40       ?AddEndSlash@@YIHPA_WH@Z   10001e40 f   CmdLine.obj
 0001:00000ec0       ?SkipNonPrintable@@YIPB_WPB_W@Z 10001ec0 f   CmdLine.obj
 0001:00000f20       ?CompareFileMask@@YI_NPB_W0@Z 10001f20 f   CmdLine.obj
 0001:000010f0       ?wcschr@@YAPA_WPA_W_W@Z    100020f0 f i CmdLine.obj
 0001:00001110       ?GetDrive@@YIPB_WPB_WPA_WH@Z 10002110 f   CmdLine.obj
 0001:00001310       ?GetDirectory@@YIHAAUCmdArg@@@Z 10002310 f   CmdLine.obj
 0001:000013a0       ?IsNeedCmd@@YI_NHPB_WAAUCmdArg@@PAPB_WPAH333@Z 100023a0 f   CmdLine.obj
 0001:00001ac0       ?Disable@MWow64Disable@@QAEXXZ 10002ac0 f i CmdLine.obj
 0001:00001af0       ??0MWow64Disable@@QAE@XZ   10002af0 f i CmdLine.obj
 0001:00001b70       ??1MWow64Disable@@QAE@XZ   10002b70 f i CmdLine.obj
 0001:00001b90       ?Restore@MWow64Disable@@QAEXXZ 10002b90 f i CmdLine.obj
 0001:00001bd0       ?IsExecutable@@YI_NPB_WPAPA_W@Z 10002bd0 f   CmdLine.obj
 0001:00001cc0       ?CheckProcessName@@YI_NPB_WPAPB_W1@Z 10002cc0 f   CmdLine.obj
 0001:00001d90       ?IsConsoleService@@YI_NPB_W@Z 10002d90 f   CmdLine.obj
 0001:00001de0       ?IsConsoleServer@@YI_NPB_W@Z 10002de0 f   CmdLine.obj
 0001:00001e30       ?IsFarExe@@YI_NPB_W@Z      10002e30 f   CmdLine.obj
 0001:00001e80       ?IsCmdProcessor@@YI_NPB_W@Z 10002e80 f   CmdLine.obj
 0001:00001ed0       ?IsQuotationNeeded@@YI_NPB_W@Z 10002ed0 f   CmdLine.obj
 0001:00001f10       ?MergeCmdLine@@YIPA_WPB_W0@Z 10002f10 f   CmdLine.obj
 0001:00001fa0       ?JoinPath@@YIPA_WPB_W00@Z  10002fa0 f   CmdLine.obj
 0001:00002100       ?IsFilePath@@YI_NPB_W_N@Z  10003100 f   CmdLine.obj
 0001:000022c0       ?PointToName@@YIPB_WPB_W@Z 100032c0 f   CmdLine.obj
 0001:00002350       ?PointToName@@YIPBDPBD@Z   10003350 f   CmdLine.obj
 0001:000023d0       ?PointToExt@@YIPB_WPB_W@Z  100033d0 f   CmdLine.obj
 0001:00002410       ?Unquote@@YIPB_WPA_W_N@Z   10003410 f   CmdLine.obj
 0001:000024a0       ?wcsrchr@@YAPA_WPA_W_W@Z   100034a0 f i CmdLine.obj
 0001:000024c0       ?IsNewConsoleArg@@YI_NPB_W0@Z 100034c0 f   CmdLine.obj
 0001:000025a0       ?PackInputRecord@@YIHPBU_INPUT_RECORD@@PAUMsgStr@MSG64@@@Z 100035a0 f   Common.obj
 0001:000027b0       ?UnpackInputRecord@@YIHPBUMsgStr@MSG64@@PAU_INPUT_RECORD@@@Z 100037b0 f   Common.obj
 0001:00002a10       ?TranslateKeyPress@@YIXGK_WHPAU_INPUT_RECORD@@1@Z 10003a10 f   Common.obj
 0001:00002c00       ?GetCommand@CESERVER_REQ_NEWCMD@@QAEPA_WXZ 10003c00 f   Common.obj
 0001:00002c40       ?GetEnvStrings@CESERVER_REQ_NEWCMD@@QAEPA_WXZ 10003c40 f   Common.obj
 0001:00002c90       ?SetCommand@CESERVER_REQ_NEWCMD@@QAEXPB_W@Z 10003c90 f   Common.obj
 0001:00002d10       ?SetEnvStrings@CESERVER_REQ_NEWCMD@@QAEXPB_WK@Z 10003d10 f   Common.obj
 0001:00002e30       ?IsEnvBlockVariableValid@@YI_NPB_WAAPB_W@Z 10003e30 f   Common.obj
 0001:00002e90       ?IsEnvBlockVariableValid@@YI_NPB_W@Z 10003e90 f   Common.obj
 0001:00002ed0       ?CommonShutdown@@YIXXZ     10003ed0 f   Common.obj
 0001:00002f00       ?ModuleName@@YIPB_WPB_W@Z  10003f00 f   ConEmuCheck.obj
 0001:00002fe0       ?ExecuteOpenPipe@@YIPAXPB_WAAY0CAI@_W0KKHPAXH@Z 10003fe0 f   ConEmuCheck.obj
 0001:00003200       ?ExecutePrepareCmd@@YIXPAUCESERVER_REQ@@KI@Z 10004200 f   ConEmuCheck.obj
 0001:00003250       ?ExecutePrepareCmd@@YIXPAUCESERVER_REQ_HDR@@KI@Z 10004250 f   ConEmuCheck.obj
 0001:000032f0       ?ExecuteNewCmd@@YIPAUCESERVER_REQ@@KI@Z 100042f0 f   ConEmuCheck.obj
 0001:00003350       ?ExecuteNewCmd@@YI_NAAPAUCESERVER_REQ@@AAKKI@Z 10004350 f   ConEmuCheck.obj
 0001:000033d0       ?LoadSrvMapping@@YIHPAUHWND__@@AAUCESERVER_CONSOLE_MAPPING_HDR@@@Z 100043d0 f   ConEmuCheck.obj
 0001:00003500       ?LoadGuiMapping@@YIHKAAUConEmuGuiMapping@@@Z 10004500 f   ConEmuCheck.obj
 0001:00003620       ?ExecuteNewCmdOnCreate@@YIPAUCESERVER_REQ@@PAUCESERVER_CONSOLE_MAPPING_HDR@@PAUHWND__@@W4CmdOnCreateType@@PB_W33PAK444HHPAX55@Z 10004620 f   ConEmuCheck.obj
 0001:000039b0       ?StringCchCopyW@@YGJPA_WIPB_W@Z 100049b0 f i ConEmuCheck.obj
 0001:00003ae0       ?ExecuteGuiCmd@@YIPAUCESERVER_REQ@@PAUHWND__@@PAU1@0H@Z 10004ae0 f   ConEmuCheck.obj
 0001:00003b70       ?ExecuteSrvCmd@@YIPAUCESERVER_REQ@@KPAU1@PAUHWND__@@HKH@Z 10004b70 f   ConEmuCheck.obj
 0001:00003c10       ?ExecuteHkCmd@@YIPAUCESERVER_REQ@@KPAU1@PAUHWND__@@HH@Z 10004c10 f   ConEmuCheck.obj
 0001:00003cb0       ?ExecuteCmd@@YIPAUCESERVER_REQ@@PB_WPAU1@KPAUHWND__@@HKH@Z 10004cb0 f   ConEmuCheck.obj
 0001:00003fe0       ?ExecuteFreeResult@@YIXAAPAUCESERVER_REQ@@@Z 10004fe0 f   ConEmuCheck.obj
 0001:00004020       ?AllocateSendCurrentDirectory@@YI_NAAPAUCESERVER_REQ@@AAKPB_W2@Z 10005020 f   ConEmuCheck.obj
 0001:00004130       ?SendCurrentDirectory@@YIXPAUHWND__@@PB_W1@Z 10005130 f   ConEmuCheck.obj
 0001:00004190       ?isConsoleClass@@YI_NPB_W@Z 10005190 f   ConEmuCheck.obj
 0001:000041e0       ?isConsoleWindow@@YI_NPAUHWND__@@@Z 100051e0 f   ConEmuCheck.obj
 0001:000042e0       ?myGetConsoleWindow@@YIPAUHWND__@@XZ 100052e0 f   ConEmuCheck.obj
 0001:00004390       ?GetConEmuHWND@@YIPAUHWND__@@H@Z 10005390 f   ConEmuCheck.obj
 0001:00004540       ??BHWND2@@QBEPAUHWND__@@XZ 10005540 f i ConEmuCheck.obj
 0001:00004550       ??BHWND2@@QBEKXZ           10005550 f i ConEmuCheck.obj
 0001:00004560       ?ConEmuCheck@@YIHPAPAUHWND__@@@Z 10005560 f   ConEmuCheck.obj
 0001:000045a0       ?GuiMessageBox@@YIHPAUHWND__@@PB_W1H@Z 100055a0 f   ConEmuCheck.obj
 0001:00004760       ?InitName@?$MFileMapping@UCESERVER_CONSOLE_MAPPING_HDR@@@@QAEPB_WPB_WKK@Z 10005760 f i ConEmuCheck.obj
 0001:000047b0       ?CloseMap@?$MFileMapping@UCESERVER_CONSOLE_MAPPING_HDR@@@@QAEXXZ 100057b0 f i ConEmuCheck.obj
 0001:00004820       ?Open@?$MFileMapping@UCESERVER_CONSOLE_MAPPING_HDR@@@@QAEPAUCESERVER_CONSOLE_MAPPING_HDR@@HH@Z 10005820 f i ConEmuCheck.obj
 0001:00004840       ??0?$MFileMapping@UCESERVER_CONSOLE_MAPPING_HDR@@@@QAE@XZ 10005840 f i ConEmuCheck.obj
 0001:000048a0       ??1?$MFileMapping@UCESERVER_CONSOLE_MAPPING_HDR@@@@QAE@XZ 100058a0 f i ConEmuCheck.obj
 0001:000048c0       ?InitName@?$MFileMapping@UConEmuGuiMapping@@@@QAEPB_WPB_WKK@Z 100058c0 f i ConEmuCheck.obj
 0001:00004910       ?CloseMap@?$MFileMapping@UConEmuGuiMapping@@@@QAEXXZ 10005910 f i ConEmuCheck.obj
 0001:00004980       ?Open@?$MFileMapping@UConEmuGuiMapping@@@@QAEPAUConEmuGuiMapping@@HH@Z 10005980 f i ConEmuCheck.obj
 0001:000049a0       ??0?$MFileMapping@UConEmuGuiMapping@@@@QAE@XZ 100059a0 f i ConEmuCheck.obj
 0001:00004a00       ??1?$MFileMapping@UConEmuGuiMapping@@@@QAE@XZ 10005a00 f i ConEmuCheck.obj
 0001:00004a20       ?ClosePtr@?$MFileMapping@UCESERVER_CONSOLE_MAPPING_HDR@@@@QAEXXZ 10005a20 f i ConEmuCheck.obj
 0001:00004a50       ?InternalOpenCreate@?$MFileMapping@UCESERVER_CONSOLE_MAPPING_HDR@@@@IAEPAUCESERVER_CONSOLE_MAPPING_HDR@@HHH@Z 10005a50 f i ConEmuCheck.obj
 0001:00004c30       ?ClosePtr@?$MFileMapping@UConEmuGuiMapping@@@@QAEXXZ 10005c30 f i ConEmuCheck.obj
 0001:00004c60       ?InternalOpenCreate@?$MFileMapping@UConEmuGuiMapping@@@@IAEPAUConEmuGuiMapping@@HHH@Z 10005c60 f i ConEmuCheck.obj
 0001:00004e40       ??$wcscpy_c@$0CA@@@YIHAAY0CA@_WPB_W@Z 10005e40 f i ConEmuCheck.obj
 0001:00004e70       ??$wcscpy_c@$0CAI@@@YIHAAY0CAI@_WPB_W@Z 10005e70 f i ConEmuCheck.obj
 0001:00004ea0       ?LoadGuiMapping@@YIHPAUHWND__@@AAUConEmuGuiMapping@@@Z 10005ea0 f   ConEmuCheckEx.obj
 0001:00004ee0       ?IsConEmuExeExist@@YIHPB_WAAY0BAF@_W@Z 10005ee0 f   ConEmuCheckEx.obj
 0001:00004f90       ?FindConEmuBaseDir@@YIHAAY0BAF@_W0PAUHINSTANCE__@@@Z 10005f90 f   ConEmuCheckEx.obj
 0001:00005540       ??$wcscpy_c@$0BAF@@@YIHAAY0BAF@_WPB_W@Z 10006540 f i ConEmuCheckEx.obj
 0001:00005650       ??$wcscpy_add@$0BAF@@@YIHPA_WAAY0BAF@_WPB_W@Z 10006650 f i ConEmuCheckEx.obj
 0001:000056a0       ??$wcscat_c@$0BAF@@@YIHAAY0BAF@_WPB_W@Z 100066a0 f i ConEmuCheckEx.obj
 0001:000056d0       ?StringCchCatW@@YGJPA_WIPB_W@Z 100066d0 f i ConEmuCheckEx.obj
 0001:000057f0       ?StartupHooks@@YI_NPAUHINSTANCE__@@@Z 100067f0 f   ConEmuInjects.obj
 0001:00005bc0       ?ShutdownHooks@@YIXXZ      10006bc0 f   ConEmuInjects.obj
 0001:00005d70       ??$wcscpy_c@$0EA@@@YIHAAY0EA@_WPB_W@Z 10006d70 f i ConEmuInjects.obj
 0001:00005e80       _DllMain@12                10006e80 f   ConEmuPlugin.obj
 0001:00005ec0       ?GetPluginInfo@@YGXPAX@Z   10006ec0 f   ConEmuPlugin.obj
 0001:00005f30       ?GetPluginInfoW@@YGXPAX@Z  10006f30 f   ConEmuPlugin.obj
 0001:00005f60       ?IsConsoleActive@@YGHXZ    10006f60 f   ConEmuPlugin.obj
 0001:00005fc0       ?GetFarHWND2@@YGPAUHWND__@@H@Z 10006fc0 f   ConEmuPlugin.obj
 0001:00006030       ?GetFarHWND@@YGPAUHWND__@@XZ 10007030 f   ConEmuPlugin.obj
 0001:00006040       ?IsTerminalMode@@YGHXZ     10007040 f   ConEmuPlugin.obj
 0001:00006050       ?GetFarVersion@@YGXPAUFarVersion@@@Z 10007050 f   ConEmuPlugin.obj
 0001:00006080       ?RegisterPanelView@@YGHPAUPanelViewInit@@@Z 10007080 f   ConEmuPlugin.obj
 0001:00006270       ?RegisterBackground@@YGHPAURegisterBackgroundArg@@@Z 10007270 f   ConEmuPlugin.obj
 0001:00006300       ?SyncExecute@@YGHPAUHINSTANCE__@@P6GXJ@ZJ@Z 10007300 f   ConEmuPlugin.obj
 0001:00006350       ?ActivateConsole@@YGHXZ    10007350 f   ConEmuPlugin.obj
 0001:000063e0       ??4HWND2@@QAEAAU0@PAUHWND__@@@Z 100073e0 f i ConEmuPlugin.obj
 0001:00006400       ?SetStartupInfo@@YGXPAX@Z  10007400 f   ConEmuPlugin.obj
 0001:00006470       _SetStartupInfoW@4         10007470 f   ConEmuPlugin.obj
 0001:000064a0       ?GetMinFarVersion@@YGHXZ   100074a0 f   ConEmuPlugin.obj
 0001:000064f0       _GetMinFarVersionW@0       100074f0 f   ConEmuPlugin.obj
 0001:00006500       _ProcessSynchroEventW@8    10007500 f   ConEmuPlugin.obj
 0001:00006520       ?ProcessSynchroEventW3@@YGHPAX@Z 10007520 f   ConEmuPlugin.obj
 0001:00006550       ?ProcessEditorEvent@@YGHHPAX@Z 10007550 f   ConEmuPlugin.obj
 0001:00006570       _ProcessEditorEventW@8     10007570 f   ConEmuPlugin.obj
 0001:00006590       ?ProcessEditorEventW3@@YGHPAX@Z 10007590 f   ConEmuPlugin.obj
 0001:000065c0       ?ProcessViewerEvent@@YGHHPAX@Z 100075c0 f   ConEmuPlugin.obj
 0001:000065e0       _ProcessViewerEventW@8     100075e0 f   ConEmuPlugin.obj
 0001:00006600       ?ProcessViewerEventW3@@YGHPAX@Z 10007600 f   ConEmuPlugin.obj
 0001:00006630       ?ProcessEditorInput@@YGHPBU_INPUT_RECORD@@@Z 10007630 f   ConEmuPlugin.obj
 0001:00006650       _ProcessEditorInputW@4     10007650 f   ConEmuPlugin.obj
 0001:00006680       ?OpenPlugin@@YGPAXHH@Z     10007680 f   ConEmuPlugin.obj
 0001:000066a0       _OpenPluginW@8             100076a0 f   ConEmuPlugin.obj
 0001:000066e0       ?OpenW@@YGPAXPBX@Z         100076e0 f   ConEmuPlugin.obj
 0001:00006710       ?ExitFAR@@YGXXZ            10007710 f   ConEmuPlugin.obj
 0001:00006760       _ExitFARW@0                10007760 f   ConEmuPlugin.obj
 0001:000067b0       ?ExitFARW3@@YGXPAX@Z       100077b0 f   ConEmuPlugin.obj
 0001:00006810       ?SetupExportsFar3@@YIXXZ   10007810 f   ConEmuPlugin.obj
 0001:00006a30       ?_calloc@@YIPAXII@Z        10007a30 f   ConEmuPlugin.obj
 0001:00006a50       ?_malloc@@YIPAXI@Z         10007a50 f   ConEmuPlugin.obj
 0001:00006a70       ?_free@@YIXPAX@Z           10007a70 f   ConEmuPlugin.obj
 0001:00006a90       ??0CPluginW1900@@QAE@XZ    10007a90 f   ConEmuPlugin1900.obj
 0001:00006d20       ??_ECPluginW1900@@UAEPAXI@Z 10007d20 f i ConEmuPlugin1900.obj
 0001:00006d20       ??_GCPluginW1900@@UAEPAXI@Z 10007d20 f i ConEmuPlugin1900.obj
 0001:00006d50       ??1CPluginW1900@@UAE@XZ    10007d50 f i ConEmuPlugin1900.obj
 0001:00006d70       ?ProcessEditorEventPtr@CPluginW1900@@UAEHPAX@Z 10007d70 f   ConEmuPlugin1900.obj
 0001:00006da0       ?ProcessViewerEventPtr@CPluginW1900@@UAEHPAX@Z 10007da0 f   ConEmuPlugin1900.obj
 0001:00006dd0       ?ProcessSynchroEventPtr@CPluginW1900@@UAEHPAX@Z 10007dd0 f   ConEmuPlugin1900.obj
 0001:00006e00       ?GetPanelDir@CPluginW1900@@UAEPA_WKPA_WH@Z 10007e00 f   ConEmuPlugin1900.obj
 0001:00006f90       ?GetPanelInfo@CPluginW1900@@UAE_NKPAUCEPanelInfo@@@Z 10007f90 f   ConEmuPlugin1900.obj
 0001:00007410       ?GetPanelItemInfo@CPluginW1900@@UAE_NABUCEPanelInfo@@_NHAAU_WIN32_FIND_DATAW@@PAPA_W@Z 10008410 f   ConEmuPlugin1900.obj
 0001:00007640       ?PanelControlApi@CPluginW1900@@UAEHPAXHH0@Z 10008640 f   ConEmuPlugin1900.obj
 0001:00007690       ?GetPluginInfoPtr@CPluginW1900@@UAEXPAX@Z 10008690 f   ConEmuPlugin1900.obj
 0001:00007710       ?SetStartupInfoPtr@CPluginW1900@@UAEXPAX@Z 10008710 f   ConEmuPlugin1900.obj
 0001:00007880       ?GetEditorModifiedState@CPluginW1900@@UAEKXZ 10008880 f   ConEmuPlugin1900.obj
 0001:000078c0       ?ProcessEditorInputPtr@CPluginW1900@@UAEHPBX@Z 100088c0 f   ConEmuPlugin1900.obj
 0001:00007900       ?GetWindowCount@CPluginW1900@@UAEHXZ 10008900 f   ConEmuPlugin1900.obj
 0001:00007950       ?UpdateConEmuTabsApi@CPluginW1900@@UAE_NH@Z 10008950 f   ConEmuPlugin1900.obj
 0001:00007f30       ?ExitFar@CPluginW1900@@UAEXXZ 10008f30 f   ConEmuPlugin1900.obj
 0001:00007fc0       ?ShowMessage@CPluginW1900@@UAEHPB_WH_N@Z 10008fc0 f   ConEmuPlugin1900.obj
 0001:00008070       ?GetMsg@CPluginW1900@@UAEPB_WHPA_WI@Z 10009070 f   ConEmuPlugin1900.obj
 0001:000080f0       ?SetWindow@CPluginW1900@@UAEXH@Z 100090f0 f   ConEmuPlugin1900.obj
 0001:00008150       ?PostMacroApi@CPluginW1900@@UAEXPB_WPAU_INPUT_RECORD@@_N@Z 10009150 f   ConEmuPlugin1900.obj
 0001:000088a0       ?wcsstr@@YAPA_WPA_WPB_W@Z  100098a0 f i ConEmuPlugin1900.obj
 0001:000088c0       ?ShowPluginMenu@CPluginW1900@@UAEHPAUConEmuPluginMenuItem@@HH@Z 100098c0 f   ConEmuPlugin1900.obj
 0001:00008ab0       ?OpenEditor@CPluginW1900@@UAE_NPB_W_N11HH@Z 10009ab0 f   ConEmuPlugin1900.obj
 0001:00008c00       ?ExecuteSynchroApi@CPluginW1900@@UAE_NXZ 10009c00 f   ConEmuPlugin1900.obj
 0001:00008c40       ?WaitEndSynchro@CPluginW1900@@UAEXXZ 10009c40 f   ConEmuPlugin1900.obj
 0001:00008c50       ?StopWaitEndSynchro@CPluginW1900@@UAEXXZ 10009c50 f   ConEmuPlugin1900.obj
 0001:00008c60       ?IsMacroActive@CPluginW1900@@UAE_NXZ 10009c60 f   ConEmuPlugin1900.obj
 0001:00008cb0       ?GetMacroArea@CPluginW1900@@UAEHXZ 10009cb0 f   ConEmuPlugin1900.obj
 0001:00008ce0       ?RedrawAll@CPluginW1900@@UAEXXZ 10009ce0 f   ConEmuPlugin1900.obj
 0001:00008d20       ?InputBox@CPluginW1900@@UAE_NPB_W000AAPA_W@Z 10009d20 f   ConEmuPlugin1900.obj
 0001:00008da0       ?ShowUserScreen@CPluginW1900@@UAEX_N@Z 10009da0 f   ConEmuPlugin1900.obj
 0001:00008df0       ?LoadFarColors@CPluginW1900@@UAEXAAY0BAA@E@Z 10009df0 f   ConEmuPlugin1900.obj
 0001:00008f80       ?FarColor_3_2@@YIEABUFarColor@@@Z 10009f80 f i ConEmuPlugin1900.obj
 0001:00009090       ?Color2FgIndex@Far3Color@@SIXKAAGPBK@Z 1000a090 f i ConEmuPlugin1900.obj
 0001:000091d0       ?Max@Far3Color@@SIHHH@Z    1000a1d0 f i ConEmuPlugin1900.obj
 0001:00009200       ?GetStdIndex@Far3Color@@SIHKPBK@Z 1000a200 f i ConEmuPlugin1900.obj
 0001:00009260       ?GetStdPalette@Far3Color@@SIPBKXZ 1000a260 f i ConEmuPlugin1900.obj
 0001:00009270       ?Color2BgIndex@Far3Color@@SIXKHAAGPBK@Z 1000a270 f i ConEmuPlugin1900.obj
 0001:000093e0       ?LoadFarSettings@CPluginW1900@@UAEXPAUCEFarInterfaceSettings@@PAUCEFarPanelSettings@@@Z 1000a3e0 f   ConEmuPlugin1900.obj
 0001:000095f0       ?GetFarRect@CPluginW1900@@UAE_NAAU_SMALL_RECT@@@Z 1000a5f0 f   ConEmuPlugin1900.obj
 0001:00009660       ?CheckPanelExist@CPluginW1900@@UAE_NXZ 1000a660 f   ConEmuPlugin1900.obj
 0001:000096b0       ?GetActiveWindowType@CPluginW1900@@UAEHXZ 1000a6b0 f   ConEmuPlugin1900.obj
 0001:00009770       ?GetWindowTypeName@CPluginW1900@@UAEPB_WH@Z 1000a770 f   ConEmuPlugin1900.obj
 0001:00009800       ?GuiMacroDlg@CPluginW1900@@UAEXXZ 1000a800 f   ConEmuPlugin1900.obj
 0001:00009de0       ?Open@CPluginW1900@@UAEPAXPBX@Z 1000ade0 f   ConEmuPlugin1900.obj
 0001:00009f80       _GetGlobalInfoW@4          1000af80 f   ConEmuPlugin2800.obj
 0001:0000a160       ??0CPluginW2800@@QAE@XZ    1000b160 f   ConEmuPlugin2800.obj
 0001:0000a3f0       ??_ECPluginW2800@@UAEPAXI@Z 1000b3f0 f i ConEmuPlugin2800.obj
 0001:0000a3f0       ??_GCPluginW2800@@UAEPAXI@Z 1000b3f0 f i ConEmuPlugin2800.obj
 0001:0000a420       ??1CPluginW2800@@UAE@XZ    1000b420 f i ConEmuPlugin2800.obj
 0001:0000a440       ?GetPanelDir@CPluginW2800@@UAEPA_WKPA_WH@Z 1000b440 f   ConEmuPlugin2800.obj
 0001:0000a5d0       ?GetPanelInfo@CPluginW2800@@UAE_NKPAUCEPanelInfo@@@Z 1000b5d0 f   ConEmuPlugin2800.obj
 0001:0000aa50       ?GetPanelItemInfo@CPluginW2800@@UAE_NABUCEPanelInfo@@_NHAAU_WIN32_FIND_DATAW@@PAPA_W@Z 1000ba50 f   ConEmuPlugin2800.obj
 0001:0000ac80       ?PanelControlApi@CPluginW2800@@UAEHPAXHH0@Z 1000bc80 f   ConEmuPlugin2800.obj
 0001:0000acd0       ?GetPluginInfoPtr@CPluginW2800@@UAEXPAX@Z 1000bcd0 f   ConEmuPlugin2800.obj
 0001:0000ad50       ?SetStartupInfoPtr@CPluginW2800@@UAEXPAX@Z 1000bd50 f   ConEmuPlugin2800.obj
 0001:0000aec0       ?GetEditorModifiedState@CPluginW2800@@UAEKXZ 1000bec0 f   ConEmuPlugin2800.obj
 0001:0000af00       ?ProcessEditorEventPtr@CPluginW2800@@UAEHPAX@Z 1000bf00 f   ConEmuPlugin2800.obj
 0001:0000af30       ?ProcessViewerEventPtr@CPluginW2800@@UAEHPAX@Z 1000bf30 f   ConEmuPlugin2800.obj
 0001:0000af60       ?ProcessSynchroEventPtr@CPluginW2800@@UAEHPAX@Z 1000bf60 f   ConEmuPlugin2800.obj
 0001:0000af90       ?ProcessEditorInputPtr@CPluginW2800@@UAEHPBX@Z 1000bf90 f   ConEmuPlugin2800.obj
 0001:0000afe0       ?GetWindowCount@CPluginW2800@@UAEHXZ 1000bfe0 f   ConEmuPlugin2800.obj
 0001:0000b030       ?UpdateConEmuTabsApi@CPluginW2800@@UAE_NH@Z 1000c030 f   ConEmuPlugin2800.obj
 0001:0000b8c0       ?ExitFar@CPluginW2800@@UAEXXZ 1000c8c0 f   ConEmuPlugin2800.obj
 0001:0000b950       ?ShowMessage@CPluginW2800@@UAEHPB_WH_N@Z 1000c950 f   ConEmuPlugin2800.obj
 0001:0000ba00       ?GetMsg@CPluginW2800@@UAEPB_WHPA_WI@Z 1000ca00 f   ConEmuPlugin2800.obj
 0001:0000ba80       ?SetWindow@CPluginW2800@@UAEXH@Z 1000ca80 f   ConEmuPlugin2800.obj
 0001:0000bae0       ?PostMacroApi@CPluginW2800@@UAEXPB_WPAU_INPUT_RECORD@@_N@Z 1000cae0 f   ConEmuPlugin2800.obj
 0001:0000be80       ?ShowPluginMenu@CPluginW2800@@UAEHPAUConEmuPluginMenuItem@@HH@Z 1000ce80 f   ConEmuPlugin2800.obj
 0001:0000c070       ?OpenEditor@CPluginW2800@@UAE_NPB_W_N11HH@Z 1000d070 f   ConEmuPlugin2800.obj
 0001:0000c1c0       ?ExecuteSynchroApi@CPluginW2800@@UAE_NXZ 1000d1c0 f   ConEmuPlugin2800.obj
 0001:0000c200       ?WaitEndSynchro@CPluginW2800@@UAEXXZ 1000d200 f   ConEmuPlugin2800.obj
 0001:0000c210       ?StopWaitEndSynchro@CPluginW2800@@UAEXXZ 1000d210 f   ConEmuPlugin2800.obj
 0001:0000c220       ?IsMacroActive@CPluginW2800@@UAE_NXZ 1000d220 f   ConEmuPlugin2800.obj
 0001:0000c270       ?GetMacroArea@CPluginW2800@@UAEHXZ 1000d270 f   ConEmuPlugin2800.obj
 0001:0000c2a0       ?RedrawAll@CPluginW2800@@UAEXXZ 1000d2a0 f   ConEmuPlugin2800.obj
 0001:0000c2e0       ?InputBox@CPluginW2800@@UAE_NPB_W000AAPA_W@Z 1000d2e0 f   ConEmuPlugin2800.obj
 0001:0000c360       ?ShowUserScreen@CPluginW2800@@UAEX_N@Z 1000d360 f   ConEmuPlugin2800.obj
 0001:0000c3b0       ?LoadFarColors@CPluginW2800@@UAEXAAY0BAA@E@Z 1000d3b0 f   ConEmuPlugin2800.obj
 0001:0000c540       ?LoadFarSettings@CPluginW2800@@UAEXPAUCEFarInterfaceSettings@@PAUCEFarPanelSettings@@@Z 1000d540 f   ConEmuPlugin2800.obj
 0001:0000c750       ?GetFarRect@CPluginW2800@@UAE_NAAU_SMALL_RECT@@@Z 1000d750 f   ConEmuPlugin2800.obj
 0001:0000c7c0       ?CheckPanelExist@CPluginW2800@@UAE_NXZ 1000d7c0 f   ConEmuPlugin2800.obj
 0001:0000c810       ?GetActiveWindowType@CPluginW2800@@UAEHXZ 1000d810 f   ConEmuPlugin2800.obj
 0001:0000c8e0       ?GetWindowTypeName@CPluginW2800@@UAEPB_WH@Z 1000d8e0 f   ConEmuPlugin2800.obj
 0001:0000c970       ?GuiMacroDlg@CPluginW2800@@UAEXXZ 1000d970 f   ConEmuPlugin2800.obj
 0001:0000cee0       ?Open@CPluginW2800@@UAEPAXPBX@Z 1000dee0 f   ConEmuPlugin2800.obj
 0001:0000d110       ??0FarMacroValue@@QAE@XZ   1000e110 f i ConEmuPlugin2800.obj
 0001:0000d150       ??0?$MArray@UWindowInfo@@@@QAE@XZ 1000e150 f i ConEmuPlugin2800.obj
 0001:0000d190       ??1?$MArray@UWindowInfo@@@@QAE@XZ 1000e190 f i ConEmuPlugin2800.obj
 0001:0000d1b0       ??A?$MArray@UWindowInfo@@@@QBEABUWindowInfo@@H@Z 1000e1b0 f i ConEmuPlugin2800.obj
 0001:0000d1d0       ??A?$MArray@UWindowInfo@@@@QAEAAUWindowInfo@@H@Z 1000e1d0 f i ConEmuPlugin2800.obj
 0001:0000d1f0       ?push_back@?$MArray@UWindowInfo@@@@QAEHABUWindowInfo@@@Z 1000e1f0 f i ConEmuPlugin2800.obj
 0001:0000d280       ?insert@?$MArray@UWindowInfo@@@@QAEXHABUWindowInfo@@@Z 1000e280 f i ConEmuPlugin2800.obj
 0001:0000d340       ?erase@?$MArray@UWindowInfo@@@@QAEXH@Z 1000e340 f i ConEmuPlugin2800.obj
 0001:0000d3d0       ?size@?$MArray@UWindowInfo@@@@QBEHXZ 1000e3d0 f i ConEmuPlugin2800.obj
 0001:0000d3f0       ?clear@?$MArray@UWindowInfo@@@@QAEXXZ 1000e3f0 f i ConEmuPlugin2800.obj
 0001:0000d440       ?addsize@?$MArray@UWindowInfo@@@@QAEXH@Z 1000e440 f i ConEmuPlugin2800.obj
 0001:0000d530       ??0CPluginW995@@QAE@XZ     1000e530 f   ConEmuPlugin995.obj
 0001:0000d7c0       ?Open@CPluginW995@@UAEPAXPBX@Z 1000e7c0 f i ConEmuPlugin995.obj
 0001:0000d7e0       ?ProcessEditorEventPtr@CPluginW995@@UAEHPAX@Z 1000e7e0 f i ConEmuPlugin995.obj
 0001:0000d7f0       ?ProcessSynchroEventPtr@CPluginW995@@UAEHPAX@Z 1000e7f0 f i ConEmuPlugin995.obj
 0001:0000d800       ?ProcessViewerEventPtr@CPluginW995@@UAEHPAX@Z 1000e800 f i ConEmuPlugin995.obj
 0001:0000d810       ??_ECPluginW995@@UAEPAXI@Z 1000e810 f i ConEmuPlugin995.obj
 0001:0000d810       ??_GCPluginW995@@UAEPAXI@Z 1000e810 f i ConEmuPlugin995.obj
 0001:0000d840       ??1CPluginW995@@UAE@XZ     1000e840 f i ConEmuPlugin995.obj
 0001:0000d860       ?GetPanelDir@CPluginW995@@UAEPA_WKPA_WH@Z 1000e860 f   ConEmuPlugin995.obj
 0001:0000d990       ?GetPanelInfo@CPluginW995@@UAE_NKPAUCEPanelInfo@@@Z 1000e990 f   ConEmuPlugin995.obj
 0001:0000dc70       ?GetPanelItemInfo@CPluginW995@@UAE_NABUCEPanelInfo@@_NHAAU_WIN32_FIND_DATAW@@PAPA_W@Z 1000ec70 f   ConEmuPlugin995.obj
 0001:0000de80       ?PanelControlApi@CPluginW995@@UAEHPAXHH0@Z 1000ee80 f   ConEmuPlugin995.obj
 0001:0000ded0       ?GetPluginInfoPtr@CPluginW995@@UAEXPAX@Z 1000eed0 f   ConEmuPlugin995.obj
 0001:0000df70       ?SetStartupInfoPtr@CPluginW995@@UAEXPAX@Z 1000ef70 f   ConEmuPlugin995.obj
 0001:0000e120       ?GetEditorModifiedState@CPluginW995@@UAEKXZ 1000f120 f   ConEmuPlugin995.obj
 0001:0000e160       ?ProcessEditorInputPtr@CPluginW995@@UAEHPBX@Z 1000f160 f   ConEmuPlugin995.obj
 0001:0000e190       ?GetWindowCount@CPluginW995@@UAEHXZ 1000f190 f   ConEmuPlugin995.obj
 0001:0000e1e0       ?UpdateConEmuTabsApi@CPluginW995@@UAE_NH@Z 1000f1e0 f   ConEmuPlugin995.obj
 0001:0000e4c0       ?ExitFar@CPluginW995@@UAEXXZ 1000f4c0 f   ConEmuPlugin995.obj
 0001:0000e550       ?ShowMessage@CPluginW995@@UAEHPB_WH_N@Z 1000f550 f   ConEmuPlugin995.obj
 0001:0000e5d0       ?GetMsg@CPluginW995@@UAEPB_WHPA_WI@Z 1000f5d0 f   ConEmuPlugin995.obj
 0001:0000e650       ?SetWindow@CPluginW995@@UAEXH@Z 1000f650 f   ConEmuPlugin995.obj
 0001:0000e6b0       ?PostMacroApi@CPluginW995@@UAEXPB_WPAU_INPUT_RECORD@@_N@Z 1000f6b0 f   ConEmuPlugin995.obj
 0001:0000e780       ?ShowPluginMenu@CPluginW995@@UAEHPAUConEmuPluginMenuItem@@HH@Z 1000f780 f   ConEmuPlugin995.obj
 0001:0000e910       ?OpenEditor@CPluginW995@@UAE_NPB_W_N11HH@Z 1000f910 f   ConEmuPlugin995.obj
 0001:0000ea30       ?ExecuteSynchroApi@CPluginW995@@UAE_NXZ 1000fa30 f   ConEmuPlugin995.obj
 0001:0000ea70       ?WaitEndSynchro@CPluginW995@@UAEXXZ 1000fa70 f   ConEmuPlugin995.obj
 0001:0000ec20       ?StopWaitEndSynchro@CPluginW995@@UAEXXZ 1000fc20 f   ConEmuPlugin995.obj
 0001:0000ec50       ?IsMacroActive@CPluginW995@@UAE_NXZ 1000fc50 f   ConEmuPlugin995.obj
 0001:0000ecb0       ?GetMacroArea@CPluginW995@@UAEHXZ 1000fcb0 f   ConEmuPlugin995.obj
 0001:0000ecf0       ?RedrawAll@CPluginW995@@UAEXXZ 1000fcf0 f   ConEmuPlugin995.obj
 0001:0000ed30       ?InputBox@CPluginW995@@UAE_NPB_W000AAPA_W@Z 1000fd30 f   ConEmuPlugin995.obj
 0001:0000eda0       ?ShowUserScreen@CPluginW995@@UAEX_N@Z 1000fda0 f   ConEmuPlugin995.obj
 0001:0000edf0       ?LoadFarColors@CPluginW995@@UAEXAAY0BAA@E@Z 1000fdf0 f   ConEmuPlugin995.obj
 0001:0000eec0       ?LoadFarSettings@CPluginW995@@UAEXPAUCEFarInterfaceSettings@@PAUCEFarPanelSettings@@@Z 1000fec0 f   ConEmuPlugin995.obj
 0001:0000ef30       ?GetFarRect@CPluginW995@@UAE_NAAU_SMALL_RECT@@@Z 1000ff30 f   ConEmuPlugin995.obj
 0001:0000efa0       ?CheckPanelExist@CPluginW995@@UAE_NXZ 1000ffa0 f   ConEmuPlugin995.obj
 0001:0000eff0       ?GetActiveWindowType@CPluginW995@@UAEHXZ 1000fff0 f   ConEmuPlugin995.obj
 0001:0000f0c0       ?GetWindowTypeName@CPluginW995@@UAEPB_WH@Z 100100c0 f   ConEmuPlugin995.obj
 0001:0000f150       ?GuiMacroDlg@CPluginW995@@UAEXXZ 10010150 f   ConEmuPlugin995.obj
 0001:0000f6a0       ??0CPluginAnsi@@QAE@XZ     100106a0 f   ConEmuPluginA.obj
 0001:0000f900       ?ExecuteSynchroApi@CPluginAnsi@@UAE_NXZ 10010900 f i ConEmuPluginA.obj
 0001:0000f910       ?GetFarRect@CPluginAnsi@@UAE_NAAU_SMALL_RECT@@@Z 10010910 f i ConEmuPluginA.obj
 0001:0000f920       ?Open@CPluginAnsi@@UAEPAXPBX@Z 10010920 f i ConEmuPluginA.obj
 0001:0000f940       ?ProcessEditorEventPtr@CPluginAnsi@@UAEHPAX@Z 10010940 f i ConEmuPluginA.obj
 0001:0000f950       ?ProcessEditorInputPtr@CPluginAnsi@@UAEHPBX@Z 10010950 f i ConEmuPluginA.obj
 0001:0000f960       ?ProcessSynchroEventPtr@CPluginAnsi@@UAEHPAX@Z 10010960 f i ConEmuPluginA.obj
 0001:0000f970       ?ProcessViewerEventPtr@CPluginAnsi@@UAEHPAX@Z 10010970 f i ConEmuPluginA.obj
 0001:0000f980       ?StopWaitEndSynchro@CPluginAnsi@@UAEXXZ 10010980 f i ConEmuPluginA.obj
 0001:0000f990       ?WaitEndSynchro@CPluginAnsi@@UAEXXZ 10010990 f i ConEmuPluginA.obj
 0001:0000f9a0       ??_ECPluginAnsi@@UAEPAXI@Z 100109a0 f i ConEmuPluginA.obj
 0001:0000f9a0       ??_GCPluginAnsi@@UAEPAXI@Z 100109a0 f i ConEmuPluginA.obj
 0001:0000f9d0       ??1CPluginAnsi@@UAE@XZ     100109d0 f i ConEmuPluginA.obj
 0001:0000f9f0       ?GetPanelDir@CPluginAnsi@@UAEPA_WKPA_WH@Z 100109f0 f   ConEmuPluginA.obj
 0001:0000faf0       ?GetPanelInfo@CPluginAnsi@@UAE_NKPAUCEPanelInfo@@@Z 10010af0 f   ConEmuPluginA.obj
 0001:0000fdd0       ?GetPanelItemInfo@CPluginAnsi@@UAE_NABUCEPanelInfo@@_NHAAU_WIN32_FIND_DATAW@@PAPA_W@Z 10010dd0 f   ConEmuPluginA.obj
 0001:0000ff50       ?PanelControlApi@CPluginAnsi@@UAEHPAXHH0@Z 10010f50 f   ConEmuPluginA.obj
 0001:0000ffa0       ?SetStartupInfoPtr@CPluginAnsi@@UAEXPAX@Z 10010fa0 f   ConEmuPluginA.obj
 0001:00010160       ?GetPluginInfoPtr@CPluginAnsi@@UAEXPAX@Z 10011160 f   ConEmuPluginA.obj
 0001:00010210       ?GetEditorModifiedState@CPluginAnsi@@UAEKXZ 10011210 f   ConEmuPluginA.obj
 0001:00010250       ?GetWindowCount@CPluginAnsi@@UAEHXZ 10011250 f   ConEmuPluginA.obj
 0001:000102a0       ?UpdateConEmuTabsApi@CPluginAnsi@@UAE_NH@Z 100112a0 f   ConEmuPluginA.obj
 0001:00010560       ?ExitFar@CPluginAnsi@@UAEXXZ 10011560 f   ConEmuPluginA.obj
 0001:000105c0       ?SetWindow@CPluginAnsi@@UAEXH@Z 100115c0 f   ConEmuPluginA.obj
 0001:00010630       ?PostMacroApi@CPluginAnsi@@UAEXPB_WPAU_INPUT_RECORD@@_N@Z 10011630 f   ConEmuPluginA.obj
 0001:00010720       ?ShowPluginMenu@CPluginAnsi@@UAEHPAUConEmuPluginMenuItem@@HH@Z 10011720 f   ConEmuPluginA.obj
 0001:00010910       ?OpenEditor@CPluginAnsi@@UAE_NPB_W_N11HH@Z 10011910 f   ConEmuPluginA.obj
 0001:00010a70       ?ShowMessage@CPluginAnsi@@UAEHPB_WH_N@Z 10011a70 f   ConEmuPluginA.obj
 0001:00010b40       ?GetMsg@CPluginAnsi@@UAEPB_WHPA_WI@Z 10011b40 f   ConEmuPluginA.obj
 0001:00010c00       ?IsMacroActive@CPluginAnsi@@UAE_NXZ 10011c00 f   ConEmuPluginA.obj
 0001:00010c70       ?GetMacroArea@CPluginAnsi@@UAEHXZ 10011c70 f   ConEmuPluginA.obj
 0001:00010c80       ?RedrawAll@CPluginAnsi@@UAEXXZ 10011c80 f   ConEmuPluginA.obj
 0001:00010cc0       ?InputBox@CPluginAnsi@@UAE_NPB_W000AAPA_W@Z 10011cc0 f   ConEmuPluginA.obj
 0001:00010df0       ?ShowUserScreen@CPluginAnsi@@UAEX_N@Z 10011df0 f   ConEmuPluginA.obj
 0001:00010e40       ?LoadFarColors@CPluginAnsi@@UAEXAAY0BAA@E@Z 10011e40 f   ConEmuPluginA.obj
 0001:00010f10       ?LoadFarSettings@CPluginAnsi@@UAEXPAUCEFarInterfaceSettings@@PAUCEFarPanelSettings@@@Z 10011f10 f   ConEmuPluginA.obj
 0001:00010f80       ?CheckPanelExist@CPluginAnsi@@UAE_NXZ 10011f80 f   ConEmuPluginA.obj
 0001:00010fd0       ?GetActiveWindowType@CPluginAnsi@@UAEHXZ 10011fd0 f   ConEmuPluginA.obj
 0001:00011050       ?GetWindowTypeName@CPluginAnsi@@UAEPB_WH@Z 10012050 f   ConEmuPluginA.obj
 0001:000110e0       ?GuiMacroDlg@CPluginAnsi@@UAEXXZ 100120e0 f   ConEmuPluginA.obj
 0001:00011730       ?Plugin@@YIPAVCPluginBase@@XZ 10012730 f   ConEmuPluginBase.obj
 0001:00011860       ??0CPluginBase@@QAE@XZ     10012860 f   ConEmuPluginBase.obj
 0001:00011b10       ??_GCPluginBase@@UAEPAXI@Z 10012b10 f i ConEmuPluginBase.obj
 0001:00011b10       ??_ECPluginBase@@UAEPAXI@Z 10012b10 f i ConEmuPluginBase.obj
 0001:00011b40       ??1CPluginBase@@UAE@XZ     10012b40 f   ConEmuPluginBase.obj
 0001:00011b60       ?DllMain_ProcessAttach@CPluginBase@@KIXPAUHINSTANCE__@@@Z 10012b60 f   ConEmuPluginBase.obj
 0001:00011c50       ?DllMain_ProcessDetach@CPluginBase@@KIXXZ 10012c50 f   ConEmuPluginBase.obj
 0001:00011dd0       ??_GMSection@@QAEPAXI@Z    10012dd0 f i ConEmuPluginBase.obj
 0001:00011e00       ??_GCPluginBackground@@QAEPAXI@Z 10012e00 f i ConEmuPluginBase.obj
 0001:00011e30       ?LoadFarVersion@CPluginBase@@SI_NXZ 10012e30 f   ConEmuPluginBase.obj
 0001:00012270       ?ShowMessageGui@CPluginBase@@QAEHHH@Z 10013270 f   ConEmuPluginBase.obj
 0001:00012320       ?BackgroundMacroError@CPluginBase@@SGKPAX@Z 10013320 f   ConEmuPluginBase.obj
 0001:00012370       ?PostMacro@CPluginBase@@QAEXPB_WPAU_INPUT_RECORD@@_N@Z 10013370 f   ConEmuPluginBase.obj
 0001:00012430       ?isMacroActive@CPluginBase@@QAE_NAAH@Z 10013430 f   ConEmuPluginBase.obj
 0001:00012480       ?CheckBufferEnabled@CPluginBase@@QAE_NXZ 10013480 f   ConEmuPluginBase.obj
 0001:00012510       ?PanelControl@CPluginBase@@QAEHPAXHH0@Z 10013510 f   ConEmuPluginBase.obj
 0001:000125c0       ?GetPanelInfo@CPluginBase@@QAE_NKPAUBkPanelInfo@@@Z 100135c0 f   ConEmuPluginBase.obj
 0001:00012660       ?FillUpdateBackground@CPluginBase@@QAEXPAUPaintBackgroundArg@@@Z 10013660 f   ConEmuPluginBase.obj
 0001:00012830       ?StorePanelDirs@CPluginBase@@QAE_NPB_W0@Z 10013830 f   ConEmuPluginBase.obj
 0001:000129e0       _wmemmove                  100139e0 f i ConEmuPluginBase.obj
 0001:00012a00       ?UpdatePanelDirs@CPluginBase@@QAEXXZ 10013a00 f   ConEmuPluginBase.obj
 0001:00012bf0       ?IsFarLua@FarVersion@@QBE_NXZ 10013bf0 f i ConEmuPluginBase.obj
 0001:00012c40       ?RunExternalProgram@CPluginBase@@QAE_NPA_W@Z 10013c40 f   ConEmuPluginBase.obj
 0001:00012e30       ?ProcessCommandLine@CPluginBase@@QAE_NPA_W@Z 10013e30 f   ConEmuPluginBase.obj
 0001:00012e70       ?ShowPluginMenu@CPluginBase@@QAEXW4PluginCallCommands@@@Z 10013e70 f   ConEmuPluginBase.obj
 0001:00013120       ?ShowTabsList@CPluginBase@@QAEXXZ 10014120 f   ConEmuPluginBase.obj
 0001:000134f0       ?ShowPanelsList@CPluginBase@@QAEXXZ 100144f0 f   ConEmuPluginBase.obj
 0001:00013670       ?DataSize@CESERVER_REQ@@QAEKXZ 10014670 f i ConEmuPluginBase.obj
 0001:000136b0       ?EditViewConsoleOutput@CPluginBase@@QAEX_N@Z 100146b0 f   ConEmuPluginBase.obj
 0001:00013770       ?SwitchTabCommand@CPluginBase@@QAEXW4PluginMenuCommands@@@Z 10014770 f   ConEmuPluginBase.obj
 0001:00013830       ?ProcessSynchroEvent@CPluginBase@@QAEHHPAX@Z 10014830 f   ConEmuPluginBase.obj
 0001:000138e0       ?ProcessEditorInputInternal@CPluginBase@@QAEXABU_INPUT_RECORD@@@Z 100148e0 f   ConEmuPluginBase.obj
 0001:00013940       ?ProcessEditorViewerEvent@CPluginBase@@QAEHHH@Z 10014940 f   ConEmuPluginBase.obj
 0001:00013a50       ?isModalEditorViewer@CPluginBase@@QAE_NXZ 10014a50 f   ConEmuPluginBase.obj
 0001:00013aa0       ?GetMainThreadId@CPluginBase@@SIKXZ 10014aa0 f   ConEmuPluginBase.obj
 0001:00013b40       ?ShowConsoleInfo@CPluginBase@@QAEXXZ 10014b40 f   ConEmuPluginBase.obj
 0001:00013cc0       ?RunExternalProgramW@CPluginBase@@SI_NPA_W0_N@Z 10014cc0 f   ConEmuPluginBase.obj
 0001:00013f40       ?StartDebugger@CPluginBase@@QAE_NXZ 10014f40 f   ConEmuPluginBase.obj
 0001:00014270       ?Attach2Gui@CPluginBase@@QAE_NXZ 10015270 f   ConEmuPluginBase.obj
 0001:00014730       ?FindServerCmd@CPluginBase@@QAE_NKAAK_N@Z 10015730 f   ConEmuPluginBase.obj
 0001:00014820       ?ShowMessage@CPluginBase@@QAEHHH@Z 10015820 f   ConEmuPluginBase.obj
 0001:000148a0       ?OutDataAlloc@CPluginBase@@SI_NK@Z 100158a0 f   ConEmuPluginBase.obj
 0001:00014910       ?OutDataRealloc@CPluginBase@@SI_NK@Z 10015910 f   ConEmuPluginBase.obj
 0001:000149f0       ?OutDataWrite@CPluginBase@@SI_NPAXK@Z 100159f0 f   ConEmuPluginBase.obj
 0001:00014ac0       ?CreateTabs@CPluginBase@@SI_NH@Z 10015ac0 f   ConEmuPluginBase.obj
 0001:00014b90       ?AddTab@CPluginBase@@QAE_NAAHH_N1HPB_W2HHHH@Z 10015b90 f   ConEmuPluginBase.obj
 0001:00014fa0       _wmemcmp                   10015fa0 f i ConEmuPluginBase.obj
 0001:00015000       ?SendTabs@CPluginBase@@SIXH_N@Z 10016000 f   ConEmuPluginBase.obj
 0001:000151e0       ?CloseTabs@CPluginBase@@SIXXZ 100161e0 f   ConEmuPluginBase.obj
 0001:00015260       ?UpdateConEmuTabs@CPluginBase@@QAE_N_N@Z 10016260 f   ConEmuPluginBase.obj
 0001:00015560       ?CheckResources@CPluginBase@@QAEX_N@Z 10016560 f   ConEmuPluginBase.obj
 0001:000156d0       ?InitResources@CPluginBase@@QAEXXZ 100166d0 f   ConEmuPluginBase.obj
 0001:00015930       ?CloseMapHeader@CPluginBase@@SIXXZ 10016930 f   ConEmuPluginBase.obj
 0001:00015960       ?OpenMapHeader@CPluginBase@@SIHXZ 10016960 f   ConEmuPluginBase.obj
 0001:00015a80       ?InitRootRegKey@CPluginBase@@IAEXXZ 10016a80 f   ConEmuPluginBase.obj
 0001:00015ba0       ?SetRootRegKey@CPluginBase@@IAEXPA_W@Z 10016ba0 f   ConEmuPluginBase.obj
 0001:00015ca0       ?LoadPanelTabsFromRegistry@CPluginBase@@IAEXXZ 10016ca0 f   ConEmuPluginBase.obj
 0001:00015da0       ?InitHWND@CPluginBase@@SIXXZ 10016da0 f   ConEmuPluginBase.obj
 0001:00016040       ?CheckConEmuDetached@CPluginBase@@SIXXZ 10017040 f   ConEmuPluginBase.obj
 0001:000160e0       ?EmergencyShow@CPluginBase@@KIXXZ 100170e0 f   ConEmuPluginBase.obj
 0001:00016140       ?MonitorThreadProcW@CPluginBase@@SGKPAX@Z 10017140 f   ConEmuPluginBase.obj
 0001:000165f0       ?OpenPluginCommon@CPluginBase@@QAEPAXHH_N@Z 100175f0 f   ConEmuPluginBase.obj
 0001:00016970       ?ExitFarCommon@CPluginBase@@QAEX_N@Z 10017970 f   ConEmuPluginBase.obj
 0001:000169c0       ?OnMainThreadActivated@CPluginBase@@QAEXXZ 100179c0 f   ConEmuPluginBase.obj
 0001:00016b90       ?ProcessSetWindowCommand@CPluginBase@@QAEXXZ 10017b90 f   ConEmuPluginBase.obj
 0001:00016cd0       ?CommonPluginStartup@CPluginBase@@QAEXXZ 10017cd0 f   ConEmuPluginBase.obj
 0001:00016e00       ?StopThread@CPluginBase@@QAEX_N@Z 10017e00 f   ConEmuPluginBase.obj
 0001:00017170       ??_G?$MFileMapping@UCESERVER_CONSOLE_MAPPING_HDR@@@@QAEPAXI@Z 10018170 f i ConEmuPluginBase.obj
 0001:000171a0       ?ShutdownPluginStep@CPluginBase@@SIXPB_WHHHH@Z 100181a0 f   ConEmuPluginBase.obj
 0001:000171c0       ?ExecuteSynchro@CPluginBase@@QAEXXZ 100181c0 f   ConEmuPluginBase.obj
 0001:00017280       ?WaitPluginActivation@CPluginBase@@SIKKPAPAXHK@Z 10018280 f   ConEmuPluginBase.obj
 0001:000173e0       ?ActivatePlugin@CPluginBase@@QAE_NKPAXK@Z 100183e0 f   ConEmuPluginBase.obj
 0001:00017670       ?cmd_OpenEditorLine@CPluginBase@@QAE_NPAUCESERVER_REQ_FAREDITOR@@@Z 10018670 f   ConEmuPluginBase.obj
 0001:00017760       ?cmd_RedrawFarCall@CPluginBase@@QAE_NAAPAUCESERVER_REQ@@PAPAU2@@Z 10018760 f   ConEmuPluginBase.obj
 0001:00017810       ?cmd_SetWindow@CPluginBase@@QAE_NPAX_N@Z 10018810 f   ConEmuPluginBase.obj
 0001:000178d0       ?cmd_LeftClickSync@CPluginBase@@QAEXPAX@Z 100188d0 f   ConEmuPluginBase.obj
 0001:00017a00       ?cmd_CloseQSearch@CPluginBase@@QAEXXZ 10018a00 f   ConEmuPluginBase.obj
 0001:00017a40       ?cmd_EMenu@CPluginBase@@QAEXPAX@Z 10018a40 f   ConEmuPluginBase.obj
 0001:00017b10       ?cmd_ExternalCallback@CPluginBase@@QAE_NPAX@Z 10018b10 f   ConEmuPluginBase.obj
 0001:00017b90       ?cmd_ConSetFont@CPluginBase@@QAEXPAX@Z 10018b90 f   ConEmuPluginBase.obj
 0001:00017be0       ?cmd_GuiChanged@CPluginBase@@QAEXPAX@Z 10018be0 f   ConEmuPluginBase.obj
 0001:00017cc0       ?ProcessCommand@CPluginBase@@QAE_NKHPAXPAPAUCESERVER_REQ@@_N@Z 10018cc0 f   ConEmuPluginBase.obj
 0001:000181f0       ?FarSetConsoleSize@CPluginBase@@SI_NFF@Z 100191f0 f   ConEmuPluginBase.obj
 0001:00018310       ?ReloadFarInfoApi@CPluginBase@@IAE_NXZ 10019310 f   ConEmuPluginBase.obj
 0001:00018550       ?ReloadFarInfo@CPluginBase@@QAE_N_N@Z 10019550 f   ConEmuPluginBase.obj
 0001:00018820       ?pcc_Selected@CPluginBase@@SI_NW4PluginMenuCommands@@@Z 10019820 f   ConEmuPluginBase.obj
 0001:00018890       ?pcc_Disabled@CPluginBase@@SI_NW4PluginMenuCommands@@@Z 10019890 f   ConEmuPluginBase.obj
 0001:00018940       ?TouchReadPeekConsoleInputs@CPluginBase@@SIXH@Z 10019940 f   ConEmuPluginBase.obj
 0001:000189a0       ?OnConsolePeekReadInput@CPluginBase@@SIX_N@Z 100199a0 f   ConEmuPluginBase.obj
 0001:00018ba0       ?ActiveServerPID@CESERVER_CONSOLE_MAPPING_HDR@@QBEKXZ 10019ba0 f i ConEmuPluginBase.obj
 0001:00018be0       ?UngetDummyMouseEvent@CPluginBase@@SI_N_NPAUHookCallbackArg@@@Z 10019be0 f   ConEmuPluginBase.obj
 0001:00018e10       ??4HANDLE2@@QAEAAU0@PAX@Z  10019e10 f i ConEmuPluginBase.obj
 0001:00018e30       ?FillLoadedParm@CPluginBase@@SIXPAUConEmuLoadedArg@@PAUHINSTANCE__@@H@Z 10019e30 f   ConEmuPluginBase.obj
 0001:00018f10       ?NotifyConEmuUnloaded@CPluginBase@@SIXXZ 10019f10 f   ConEmuPluginBase.obj
 0001:00019050       ?OnPanelViewCallbacks@CPluginBase@@SI_NPAUHookCallbackArg@@P6GHPAXPAU_INPUT_RECORD@@KPAKPAH@Z5@Z 1001a050 f   ConEmuPluginBase.obj
 0001:00019130       ?OnShellExecuteExW_Except@CPluginBase@@SGXPAUHookCallbackArg@@@Z 1001a130 f   ConEmuPluginBase.obj
 0001:00019170       ?OnGetNumberOfConsoleInputEventsPost@CPluginBase@@SGXPAUHookCallbackArg@@@Z 1001a170 f   ConEmuPluginBase.obj
 0001:000191b0       ?OnConsolePeekInput@CPluginBase@@SGHPAUHookCallbackArg@@@Z 1001a1b0 f   ConEmuPluginBase.obj
 0001:00019230       ?OnConsolePeekInputPost@CPluginBase@@SGXPAUHookCallbackArg@@@Z 1001a230 f   ConEmuPluginBase.obj
 0001:00019270       ?OnConsoleReadInputWork@CPluginBase@@SIHPAUHookCallbackArg@@@Z 1001a270 f   ConEmuPluginBase.obj
 0001:00019310       ?OnConsoleReadInput@CPluginBase@@SGHPAUHookCallbackArg@@@Z 1001a310 f   ConEmuPluginBase.obj
 0001:00019320       ?OnConsoleReadInputPost@CPluginBase@@SGXPAUHookCallbackArg@@@Z 1001a320 f   ConEmuPluginBase.obj
 0001:00019560       ?OnWriteConsoleOutput@CPluginBase@@SGHPAUHookCallbackArg@@@Z 1001a560 f   ConEmuPluginBase.obj
 0001:00019640       ?OnConsoleDetaching@CPluginBase@@SGHPAUHookCallbackArg@@@Z 1001a640 f   ConEmuPluginBase.obj
 0001:00019770       ?OnConsoleWasAttached@CPluginBase@@SGXPAUHookCallbackArg@@@Z 1001a770 f   ConEmuPluginBase.obj
 0001:000197e0       ?OnCurDirChanged@CPluginBase@@SGXXZ 1001a7e0 f   ConEmuPluginBase.obj
 0001:00019860       ?OnLibraryLoaded@CPluginBase@@SGXPAUHINSTANCE__@@@Z 1001a860 f   ConEmuPluginBase.obj
 0001:000198e0       ?ToUnicode@CPluginBase@@SIPA_WPBD@Z 1001a8e0 f   ConEmuPluginBase.obj
 0001:00019960       ?ToOem@CPluginBase@@SIXPB_WPADH@Z 1001a960 f   ConEmuPluginBase.obj
 0001:000199b0       ?ToOem@CPluginBase@@SIPADPB_W@Z 1001a9b0 f   ConEmuPluginBase.obj
 0001:00019a10       ?ProcessDragFrom@CPluginBase@@QAEXXZ 1001aa10 f   ConEmuPluginBase.obj
 0001:0001a000       ?ProcessDragTo@CPluginBase@@QAEXXZ 1001b000 f   ConEmuPluginBase.obj
 0001:0001a400       ?IsCurrentTabModal@CPluginBase@@QAE_NXZ 1001b400 f   ConEmuPluginBase.obj
 0001:0001a4c0       ?PrintText@CPluginBase@@QAE_NPB_W@Z 1001b4c0 f   ConEmuPluginBase.obj
 0001:0001a7b0       ?Ptr@?$MFileMapping@UCESERVER_CONSOLE_MAPPING_HDR@@@@QAEPAUCESERVER_CONSOLE_MAPPING_HDR@@XZ 1001b7b0 f i ConEmuPluginBase.obj
 0001:0001a7d0       ??$wcscpy_c@$0BBE@@@YIHAAY0BBE@_WPB_W@Z 1001b7d0 f i ConEmuPluginBase.obj
 0001:0001a800       ??$wcscat_c@$0BBE@@@YIHAAY0BBE@_WPB_W@Z 1001b800 f i ConEmuPluginBase.obj
 0001:0001a830       ??$wcscat_c@$0CAE@@@YIHAAY0CAE@_WPB_W@Z 1001b830 f i ConEmuPluginBase.obj
 0001:0001a860       ?EvaluateDefaultFontWidth@@YIHHPB_W@Z 1001b860 f   EmergencyShow.obj
 0001:0001a9a0       ?SetUserFriendlyFont@@YIXPAUHWND__@@HH@Z 1001b9a0 f   EmergencyShow.obj
 0001:0001ae90       ?CorrectConsolePos@@YIXPAUHWND__@@@Z 1001be90 f   EmergencyShow.obj
 0001:0001afd0       ?EmergencyShow@@YIXPAUHWND__@@HH@Z 1001bfd0 f   EmergencyShow.obj
 0001:0001b120       ?IsFileBatch@@YI_NPB_W@Z   1001c120 f   Execute.obj
 0001:0001b1a0       ?GetImageSubsystem@@YI_NPB_WAAK11@Z 1001c1a0 f   Execute.obj
 0001:0001b4c0       ?GetImageSubsystem@@YI_NAAK0@Z 1001c4c0 f   Execute.obj
 0001:0001b570       ?GetImageSubsystem@@YI_NU_PROCESS_INFORMATION@@AAK1@Z 1001c570 f   Execute.obj
 0001:0001b760       ?GetEnclosingSectionHeader@@YIPAU_IMAGE_SECTION_HEADER@@KPAUIMAGE_MAPPING@@@Z 1001c760 f   Execute.obj
 0001:0001b7f0       ?GetPtrFromRVA@@YIPAXKPAUIMAGE_MAPPING@@@Z 1001c7f0 f   Execute.obj
 0001:0001b850       ?FindImageSubsystem@@YI_NPB_WAAK1PAK@Z 1001c850 f   Execute.obj
 0001:0001c230       ??0HkFunc@@QAE@XZ          1001d230 f   HkFunc.obj
 0001:0001c290       ?Init@HkFunc@@IAE_NXZ      1001d290 f   HkFunc.obj
 0001:0001c330       ?SetInternalMode@HkFunc@@QAEXPAUHINSTANCE__@@P6GHXZ@Z 1001d330 f   HkFunc.obj
 0001:0001c360       ?OnHooksUnloaded@HkFunc@@QAEXXZ 1001d360 f   HkFunc.obj
 0001:0001c3b0       ?isConEmuHk@HkFunc@@QAE_NXZ 1001d3b0 f   HkFunc.obj
 0001:0001c3d0       ?getLargestConsoleWindowSize@HkFunc@@QAE?AU_COORD@@PAX@Z 1001d3d0 f   HkFunc.obj
 0001:0001c450       ?setConsoleScreenBufferSize@HkFunc@@QAEHPAXU_COORD@@@Z 1001d450 f   HkFunc.obj
 0001:0001c4c0       ?getConsoleWindow@HkFunc@@QAEPAUHWND__@@XZ 1001d4c0 f   HkFunc.obj
 0001:0001c510       ?virtualAlloc@HkFunc@@QAEPAXPAXKKK@Z 1001d510 f   HkFunc.obj
 0001:0001c590       ?createProcess@HkFunc@@QAEHPB_WPA_WPAU_SECURITY_ATTRIBUTES@@2HKPAX0PAU_STARTUPINFOW@@PAU_PROCESS_INFORMATION@@@Z 1001d590 f   HkFunc.obj
 0001:0001c640       ?HeapInitialize@@YI_NXZ    1001d640 f   Memory.obj
 0001:0001c670       ?HeapDeinitialize@@YIXXZ   1001d670 f   Memory.obj
 0001:0001c6a0       ?xf_malloc@@YAPAXI@Z       1001d6a0 f   Memory.obj
 0001:0001c6d0       ?xf_calloc@@YAPAXII@Z      1001d6d0 f   Memory.obj
 0001:0001c700       ?xf_realloc@@YAPAXPAXI@Z   1001d700 f   Memory.obj
 0001:0001c740       ?xf_free@@YAXPAX@Z         1001d740 f   Memory.obj
 0001:0001c770       ?xf_validate@@YA_NPAX@Z    1001d770 f   Memory.obj
 0001:0001c7a0       ??2@YAPAXI@Z               1001d7a0 f   Memory.obj
 0001:0001c7c0       ??_U@YAPAXI@Z              1001d7c0 f   Memory.obj
 0001:0001c7e0       ??3@YAXPAX@Z               1001d7e0 f   Memory.obj
 0001:0001c800       ??_V@YAXPAX@Z              1001d800 f   Memory.obj
 0001:0001c820       ?lstrdup@@YIPADPBD@Z       1001d820 f   Memory.obj
 0001:0001c890       ?StringCchCopyA@@YGJPADIPBD@Z 1001d890 f i Memory.obj
 0001:0001c9b0       ?lstrdup@@YIPA_WPB_WI@Z    1001d9b0 f   Memory.obj
 0001:0001cb10       ?lstrdupW@@YIPA_WPBDI@Z    1001db10 f   Memory.obj
 0001:0001cb90       ?lstrmerge@@YIPA_WPB_W0000@Z 1001db90 f   Memory.obj
 0001:0001ccc0       ?lstrmerge@@YI_NPAPA_WPB_W111@Z 1001dcc0 f   Memory.obj
 0001:0001cd20       ?FindMonitorsWorkspace@@YGHPAUHMONITOR__@@PAUHDC__@@PAUtagRECT@@J@Z 1001dd20 f   Monitors.obj
 0001:0001cda0       ?GetAllMonitorsWorkspace@@YI?AUtagRECT@@XZ 1001dda0 f   Monitors.obj
 0001:0001ce20       ?FindPrimaryMonitor@@YGHPAUHMONITOR__@@PAUHDC__@@PAUtagRECT@@J@Z 1001de20 f   Monitors.obj
 0001:0001cea0       ?GetMonitorInfoSafe@@YI_NPAUHMONITOR__@@AAUtagMONITORINFO@@@Z 1001dea0 f   Monitors.obj
 0001:0001cef0       ?GetPrimaryMonitorInfo@@YIPAUHMONITOR__@@PAUtagMONITORINFO@@@Z 1001def0 f   Monitors.obj
 0001:0001cfa0       ?GetNearestMonitorInfo@@YIPAUHMONITOR__@@PAUtagMONITORINFO@@PAU1@PBUtagRECT@@PAUHWND__@@@Z 1001dfa0 f   Monitors.obj
 0001:0001d090       ?EnumAllMonitors@@YGHPAUHMONITOR__@@PAUHDC__@@PAUtagRECT@@J@Z 1001e090 f   Monitors.obj
 0001:0001d100       ?MonitorSortCallback@@YIHAAU_FindAllMonitorsItem@@0@Z 1001e100 f   Monitors.obj
 0001:0001d170       ?GetNextMonitorInfo@@YIPAUHMONITOR__@@PAUtagMONITORINFO@@PBUtagRECT@@_N@Z 1001e170 f   Monitors.obj
 0001:0001d340       ??0_FindAllMonitors@@QAE@XZ 1001e340 f i Monitors.obj
 0001:0001d360       ??1_FindAllMonitors@@QAE@XZ 1001e360 f i Monitors.obj
 0001:0001d380       ?FindTaskbarWindow@@YIPAUHWND__@@PAUtagRECT@@@Z 1001e380 f   Monitors.obj
 0001:0001d3f0       ?IsTaskbarAutoHidden@@YI_NPAUtagRECT@@PAI@Z 1001e3f0 f   Monitors.obj
 0001:0001d4b0       ??0?$MArray@U_FindAllMonitorsItem@@@@QAE@XZ 1001e4b0 f i Monitors.obj
 0001:0001d4f0       ??1?$MArray@U_FindAllMonitorsItem@@@@QAE@XZ 1001e4f0 f i Monitors.obj
 0001:0001d510       ??A?$MArray@U_FindAllMonitorsItem@@@@QAEAAU_FindAllMonitorsItem@@H@Z 1001e510 f i Monitors.obj
 0001:0001d530       ?push_back@?$MArray@U_FindAllMonitorsItem@@@@QAEHABU_FindAllMonitorsItem@@@Z 1001e530 f i Monitors.obj
 0001:0001d5c0       ?size@?$MArray@U_FindAllMonitorsItem@@@@QBEHXZ 1001e5c0 f i Monitors.obj
 0001:0001d5e0       ?sort@?$MArray@U_FindAllMonitorsItem@@@@QAEXP6IHAAU_FindAllMonitorsItem@@0@Z@Z 1001e5e0 f i Monitors.obj
 0001:0001d6d0       ?clear@?$MArray@U_FindAllMonitorsItem@@@@QAEXXZ 1001e6d0 f i Monitors.obj
 0001:0001d720       ?addsize@?$MArray@U_FindAllMonitorsItem@@@@QAEXH@Z 1001e720 f i Monitors.obj
 0001:0001d810       ??0MSection@@QAE@XZ        1001e810 f   MSection.obj
 0001:0001d8c0       ??1MSection@@QAE@XZ        1001e8c0 f   MSection.obj
 0001:0001d960       ?Process_Lock@MSection@@IAEXXZ 1001e960 f   MSection.obj
 0001:0001d980       ?Process_Unlock@MSection@@IAEXXZ 1001e980 f   MSection.obj
 0001:0001d9a0       ?ThreadTerminated@MSection@@QAEXK@Z 1001e9a0 f   MSection.obj
 0001:0001d9f0       ?AddRef@MSection@@IAEXK@Z  1001e9f0 f   MSection.obj
 0001:0001dae0       ?ReleaseRef@MSection@@IAEHK@Z 1001eae0 f   MSection.obj
 0001:0001dbb0       ?WaitUnlocked@MSection@@IAEXKK@Z 1001ebb0 f   MSection.obj
 0001:0001dc50       ?MyEnterCriticalSection@MSection@@IAE_NK@Z 1001ec50 f   MSection.obj
 0001:0001ddc0       ?Lock@MSection@@IAEHHK@Z   1001edc0 f   MSection.obj
 0001:0001df10       ?Unlock@MSection@@IAEXH@Z  1001ef10 f   MSection.obj
 0001:0001df80       ?isLockedExclusive@MSection@@QAE_NXZ 1001ef80 f   MSection.obj
 0001:0001dfd0       ??0MSectionThread@@QAE@PAVMSection@@@Z 1001efd0 f   MSection.obj
 0001:0001e000       ??1MSectionThread@@QAE@XZ  1001f000 f   MSection.obj
 0001:0001e030       ??0MSectionLock@@QAE@XZ    1001f030 f   MSection.obj
 0001:0001e060       ??1MSectionLock@@QAE@XZ    1001f060 f   MSection.obj
 0001:0001e090       ?Lock@MSectionLock@@QAEHPAVMSection@@HK@Z 1001f090 f   MSection.obj
 0001:0001e110       ?RelockExclusive@MSectionLock@@QAEHK@Z 1001f110 f   MSection.obj
 0001:0001e180       ?Unlock@MSectionLock@@QAEXXZ 1001f180 f   MSection.obj
 0001:0001e1c0       ?isLocked@MSectionLock@@QAEHH@Z 1001f1c0 f   MSection.obj
 0001:0001e210       ??0MSectionSimple@@QAE@_N@Z 1001f210 f   MSectionSimple.obj
 0001:0001e260       ??1MSectionSimple@@QAE@XZ  1001f260 f   MSectionSimple.obj
 0001:0001e280       ?IsInitialized@MSectionSimple@@QAE_NXZ 1001f280 f   MSectionSimple.obj
 0001:0001e2c0       ?Init@MSectionSimple@@QAEXXZ 1001f2c0 f   MSectionSimple.obj
 0001:0001e2f0       ?Close@MSectionSimple@@QAEXXZ 1001f2f0 f   MSectionSimple.obj
 0001:0001e320       ?Enter@MSectionSimple@@QAEXXZ 1001f320 f   MSectionSimple.obj
 0001:0001e340       ?Leave@MSectionSimple@@QAEXXZ 1001f340 f   MSectionSimple.obj
 0001:0001e360       ?TryEnter@MSectionSimple@@QAE_NXZ 1001f360 f   MSectionSimple.obj
 0001:0001e3a0       ?RecreateAndLock@MSectionSimple@@QAE_NXZ 1001f3a0 f   MSectionSimple.obj
 0001:0001e430       ??0MSectionLockSimple@@QAE@XZ 1001f430 f   MSectionSimple.obj
 0001:0001e450       ??1MSectionLockSimple@@QAE@XZ 1001f450 f   MSectionSimple.obj
 0001:0001e470       ?Lock@MSectionLockSimple@@QAEHPAUMSectionSimple@@K@Z 1001f470 f   MSectionSimple.obj
 0001:0001e520       ?Unlock@MSectionLockSimple@@QAEXXZ 1001f520 f   MSectionSimple.obj
 0001:0001e550       ?isLocked@MSectionLockSimple@@QAEHXZ 1001f550 f   MSectionSimple.obj
 0001:0001e570       ?NullSecurity@@YIPAU_SECURITY_ATTRIBUTES@@XZ 1001f570 f   MSecurity.obj
 0001:0001e5c0       ??0MNullDesc@@QAE@XZ       1001f5c0 f i MSecurity.obj
 0001:0001e620       ?NullSecurity@MNullDesc@@QAEPAU_SECURITY_ATTRIBUTES@@XZ 1001f620 f i MSecurity.obj
 0001:0001e720       ?LoadAdvApi@MNullDesc@@IAEHXZ 1001f720 f i MSecurity.obj
 0001:0001e970       ?UnloadAdvApi@MNullDesc@@IAEXXZ 1001f970 f i MSecurity.obj
 0001:0001e9a0       ?LocalSecurity@@YIPAU_SECURITY_ATTRIBUTES@@XZ 1001f9a0 f   MSecurity.obj
 0001:0001e9f0       ?LocalSecurity@MNullDesc@@QAEPAU_SECURITY_ATTRIBUTES@@XZ 1001f9f0 f i MSecurity.obj
 0001:0001ec10       ?ShutdownSecurity@@YIXXZ   1001fc10 f   MSecurity.obj
 0001:0001ec60       ??_GMNullDesc@@QAEPAXI@Z   1001fc60 f i MSecurity.obj
 0001:0001ec90       ??1MNullDesc@@QAE@XZ       1001fc90 f i MSecurity.obj
 0001:0001ed10       ??0MSetter@@QAE@PAJ@Z      1001fd10 f   MSetter.obj
 0001:0001ed50       ??0MSetter@@QAE@PA_N@Z     1001fd50 f   MSetter.obj
 0001:0001ed90       ??0MSetter@@QAE@PAKK@Z     1001fd90 f   MSetter.obj
 0001:0001edd0       ??1MSetter@@QAE@XZ         1001fdd0 f   MSetter.obj
 0001:0001edf0       ?Unlock@MSetter@@QAEXXZ    1001fdf0 f   MSetter.obj
 0001:0001ee80       ?msprintf@@YAPB_WPA_WIPB_WZZ 1001fe80 f   MStrSafe.obj
 0001:0001f4a0       ?msprintf@@YAPBDPADIPBDZZ  100204a0 f   MStrSafe.obj
 0001:0001f900       ?lstrcmpni@@YIHPBD0H@Z     10020900 f   MStrSafe.obj
 0001:0001fa30       ?lstrcmpni@@YIHPB_W0H@Z    10020a30 f   MStrSafe.obj
 0001:0001fb90       ?startswith@@YIHPB_W0_N@Z  10020b90 f   MStrSafe.obj
 0001:0001fc20       ??0CPluginBackground@@QAE@XZ 10020c20 f   PluginBackground.obj
 0001:0001fe60       ??1CPluginBackground@@QAE@XZ 10020e60 f   PluginBackground.obj
 0001:000200b0       ?RegisterSubplugin@CPluginBackground@@QAEHPAURegisterBackgroundArg@@@Z 100210b0 f   PluginBackground.obj
 0001:000203a0       ?ReallocItems@CPluginBackground@@IAEXH@Z 100213a0 f   PluginBackground.obj
 0001:00020420       ?OnMainThreadActivated@CPluginBackground@@QAEXHH@Z 10021420 f   PluginBackground.obj
 0001:00020540       ?SetForceCheck@CPluginBackground@@QAEXXZ 10021540 f   PluginBackground.obj
 0001:00020570       ?SetForceUpdate@CPluginBackground@@QAEX_N@Z 10021570 f   PluginBackground.obj
 0001:000205b0       ?SetForceThLoad@CPluginBackground@@QAEXXZ 100215b0 f   PluginBackground.obj
 0001:000205f0       ?IsParmChanged@CPluginBackground@@IAE_NPAUPaintBackgroundArg@@0@Z 100215f0 f   PluginBackground.obj
 0001:000208d0       ?CheckPanelFolders@CPluginBackground@@IAEXH@Z 100218d0 f   PluginBackground.obj
 0001:000209d0       ?SetDcPanelRect@CPluginBackground@@IAEXPAUtagRECT@@PAUBkPanelInfo@@PAUPaintBackgroundArg@@@Z 100219d0 f   PluginBackground.obj
 0001:00020b10       ?UpdateBackground_Exec@CPluginBackground@@KIXPAURegisterBackgroundArg@@PAUPaintBackgroundArg@@@Z 10021b10 f   PluginBackground.obj
 0001:00020b60       ?UpdateBackground@CPluginBackground@@IAEXXZ 10021b60 f   PluginBackground.obj
 0001:000219d0       ?LoadThSet@CPluginBackground@@IAEHH@Z 100229d0 f   PluginBackground.obj
 0001:00021bf0       ?MonitorBackground@CPluginBackground@@QAEXXZ 10022bf0 f   PluginBackground.obj
 0001:00021ca0       ?GetTo@?$MFileMapping@UPanelViewSetMapping@@@@QAE_NPAUPanelViewSetMapping@@H@Z 10022ca0 f i PluginBackground.obj
 0001:00021cf0       ?InitName@?$MFileMapping@UPanelViewSetMapping@@@@QAEPB_WPB_WKK@Z 10022cf0 f i PluginBackground.obj
 0001:00021d40       ?CloseMap@?$MFileMapping@UPanelViewSetMapping@@@@QAEXXZ 10022d40 f i PluginBackground.obj
 0001:00021db0       ?Open@?$MFileMapping@UPanelViewSetMapping@@@@QAEPAUPanelViewSetMapping@@HH@Z 10022db0 f i PluginBackground.obj
 0001:00021dd0       ??0?$MFileMapping@UPanelViewSetMapping@@@@QAE@XZ 10022dd0 f i PluginBackground.obj
 0001:00021e30       ??1?$MFileMapping@UPanelViewSetMapping@@@@QAE@XZ 10022e30 f i PluginBackground.obj
 0001:00021e50       ?IsValid@?$MFileMapping@UPanelViewSetMapping@@@@QAE_NXZ 10022e50 f i PluginBackground.obj
 0001:00021e70       ?ClosePtr@?$MFileMapping@UPanelViewSetMapping@@@@QAEXXZ 10022e70 f i PluginBackground.obj
 0001:00021ea0       ?InternalOpenCreate@?$MFileMapping@UPanelViewSetMapping@@@@IAEPAUPanelViewSetMapping@@HHH@Z 10022ea0 f i PluginBackground.obj
 0001:00022160       ?PlugServerInit@@YIXXZ     10023160 f   PluginSrv.obj
 0001:00022170       ?PlugServerStart@@YI_NXZ   10023170 f   PluginSrv.obj
 0001:00022260       ?PlugServerStop@@YIX_N@Z   10023260 f   PluginSrv.obj
 0001:000222c0       ?cmd_FarSetChanged@@YIXPAUFAR_REQ_FARSETCHANGED@@@Z 100232c0 f   PluginSrv.obj
 0001:00022330       ?PlugServerCommand@@YGHPAXPAUCESERVER_REQ@@AAPAU1@AAK3J@Z 10023330 f   PluginSrv.obj
 0001:00022a40       ?PlugServerFree@@YGXPAUCESERVER_REQ@@J@Z 10023a40 f   PluginSrv.obj
 0001:00022a50       ?SetOverlapped@?$PipeServer@UCESERVER_REQ@@@@QAEX_N@Z 10023a50 f i PluginSrv.obj
 0001:00022a70       ?SetLoopCommands@?$PipeServer@UCESERVER_REQ@@@@QAEX_N@Z 10023a70 f i PluginSrv.obj
 0001:00022a90       ?SetDummyAnswerSize@?$PipeServer@UCESERVER_REQ@@@@QAEXH@Z 10023a90 f i PluginSrv.obj
 0001:00022ab0       ?SetMaxCount@?$PipeServer@UCESERVER_REQ@@@@QAEXH@Z 10023ab0 f i PluginSrv.obj
 0001:00022af0       ?StartPipeServer@?$PipeServer@UCESERVER_REQ@@@@QAE_N_NPB_WJPAU_SECURITY_ATTRIBUTES@@P6GHPAXPAUCESERVER_REQ@@AAPAU3@AAK6J@ZP6GX4J@ZP6GH3J@Z99@Z 10023af0 f i PluginSrv.obj
 0001:00022cd0       ?StopPipeServer@?$PipeServer@UCESERVER_REQ@@@@QAEX_NAA_N@Z 10023cd0 f i PluginSrv.obj
 0001:00023360       ?BreakConnection@?$PipeServer@UCESERVER_REQ@@@@QAEXPAX@Z 10024360 f i PluginSrv.obj
 0001:00023380       ?DumpError@?$PipeServer@UCESERVER_REQ@@@@IAEXPAUPipeInst@1@PB_WH@Z 10024380 f i PluginSrv.obj
 0001:00023470       ?_Disconnect@?$PipeServer@UCESERVER_REQ@@@@IAEXPAUPipeInst@1@_N11@Z 10024470 f i PluginSrv.obj
 0001:000234f0       ?StartPipeInstance@?$PipeServer@UCESERVER_REQ@@@@IAE_NPAUPipeInst@1@@Z 100244f0 f i PluginSrv.obj
 0001:00023670       ?TerminatePipeThread@?$PipeServer@UCESERVER_REQ@@@@KIXAAPAXABUPipeInst@1@AA_N@Z 10024670 f i PluginSrv.obj
 0001:00023700       ?_PipeServerThread@?$PipeServer@UCESERVER_REQ@@@@KGKPAX@Z 10024700 f i PluginSrv.obj
 0001:00023770       ?PipeServerThread@?$PipeServer@UCESERVER_REQ@@@@IAEKPAUPipeInst@1@@Z 10024770 f i PluginSrv.obj
 0001:00023b00       ?PipeServerRead@?$PipeServer@UCESERVER_REQ@@@@IAEHPAUPipeInst@1@@Z 10024b00 f i PluginSrv.obj
 0001:00023e90       ?PipeServerWrite@?$PipeServer@UCESERVER_REQ@@@@IAEHPAUPipeInst@1@PBXKPAKH@Z 10024e90 f i PluginSrv.obj
 0001:00024030       ?WaitForClient@?$PipeServer@UCESERVER_REQ@@@@IAE_NPAUPipeInst@1@AAH1@Z 10025030 f i PluginSrv.obj
 0001:00024410       ?WriteDummyAnswer@?$PipeServer@UCESERVER_REQ@@@@IAEHPAUPipeInst@1@@Z 10025410 f i PluginSrv.obj
 0001:00024490       ?WaitOverlapped@?$PipeServer@UCESERVER_REQ@@@@IAEHPAUPipeInst@1@PAK@Z 10025490 f i PluginSrv.obj
 0001:000246c0       ?AllocRequestBuf@PipeInst@?$PipeServer@UCESERVER_REQ@@@@QAEPAUCESERVER_REQ@@K@Z 100256c0 f i PluginSrv.obj
 0001:00024740       ??$wcscpy_c@$0BAE@@@YIHAAY0BAE@_WPB_W@Z 10025740 f i PluginSrv.obj
 0001:00024850       ?SetConEmuEnvHWND@@YIXPB_WPAUHWND__@@@Z 10025850 f   SetEnvVar.obj
 0001:000248a0       ?SetConEmuEnvVar@@YIXPAUHWND__@@@Z 100258a0 f   SetEnvVar.obj
 0001:00024910       ?SetConEmuEnvVarChild@@YIXPAUHWND__@@0@Z 10025910 f   SetEnvVar.obj
 0001:00024940       ?SetConEmuWorkEnvVar@@YIXPAUHINSTANCE__@@@Z 10025940 f   SetEnvVar.obj
 0001:00024ac0       ??0CEnvStrings@@QAE@PA_W@Z 10025ac0 f   SetEnvVar.obj
 0001:00024b50       ??1CEnvStrings@@QAE@XZ     10025b50 f   SetEnvVar.obj
 0001:00024b80       ?ShutdownConsole@@YGXXZ    10025b80 f   WConsole.obj
 0001:00024bd0       ?SetConsoleInfo@@YIHPAUHWND__@@PAU_CONSOLE_INFO@@@Z 10025bd0 f   WConsole.obj
 0001:00024eb0       ?GetConsoleSizeInfo@@YIXPAU_CONSOLE_INFO@@@Z 10025eb0 f   WConsole.obj
 0001:00024f60       ?apiGetConsoleScreenBufferInfoEx@@YIHPAXPAUMY_CONSOLE_SCREEN_BUFFER_INFOEX@@@Z 10025f60 f   WConsole.obj
 0001:00024fd0       ?apiSetConsoleScreenBufferInfoEx@@YIHPAXPAUMY_CONSOLE_SCREEN_BUFFER_INFOEX@@@Z 10025fd0 f   WConsole.obj
 0001:00025050       ?apiGetConsoleFontSize@@YIHPAXAAH1AAY0CA@_W@Z 10026050 f   WConsole.obj
 0001:000250f0       ?apiSetConsoleFontSize@@YIHPAXHHPB_W@Z 100260f0 f   WConsole.obj
 0001:00025240       ?apiFixFontSizeForBufferSize@@YIHPAXU_COORD@@PADH@Z 10026240 f   WConsole.obj
 0001:00025750       ?SetConsoleFontSizeTo@@YIXPAUHWND__@@HHPB_WGG@Z 10026750 f   WConsole.obj
 0001:00025cd0       ?MyGetLargestConsoleWindowSize@@YI?AU_COORD@@PAX@Z 10026cd0 f   WConsole.obj
 0001:00025d50       ?SearchAppPaths@@YI_NPB_WAAUCmdArg@@_NPAU1@@Z 10026d50 f   WFiles.obj
 0001:00026280       ?GetFullPathNameEx@@YIPA_WPB_W@Z 10027280 f   WFiles.obj
 0001:00026360       ?FindFileName@@YI_NPB_WAAUCmdArg@@@Z 10027360 f   WFiles.obj
 0001:00026550       ?MakePathProperCase@@YI_NAAUCmdArg@@@Z 10027550 f   WFiles.obj
 0001:00026780       ?ReadTextFile@@YIHPB_WKAAPA_WAAK2K@Z 10027780 f   WFiles.obj
 0001:00026bb0       ?WriteTextFile@@YIHPB_W0HK_NPAK@Z 10027bb0 f   WFiles.obj
 0001:00026e30       ?FilesExists@@YI_NPB_W0_NH@Z 10027e30 f   WFiles.obj
 0001:00026f70       ?IsDotsName@@YI_NPB_W@Z    10027f70 f   WFiles.obj
 0001:00026fd0       ?FileExistSubDir@@YI_NPB_W0HAAUCmdArg@@@Z 10027fd0 f   WFiles.obj
 0001:000271d0       ?DirectoryExists@@YI_NPB_W@Z 100281d0 f   WFiles.obj
 0001:00027330       ?MyCreateDirectory@@YI_NPA_W@Z 10028330 f   WFiles.obj
 0001:00027440       ?FileCompare@@YI_NPB_W0@Z  10028440 f   WFiles.obj
 0001:00027660       ?apiCancelSynchronousIo@@YIHPAX@Z 10028660 f   WFiles.obj
 0001:000276f0       ?HasZoneIdentifier@@YI_NPB_WAAH@Z 100286f0 f   WFiles.obj
 0001:000277b0       ?DropZoneIdentifier@@YI_NPB_WAAK@Z 100287b0 f   WFiles.obj
 0001:00027860       ?getWindowInfo@@YIXPAUHWND__@@AAY0EAA@_W_NPAK@Z 10028860 f   WObjects.obj
 0001:00027a20       ?FileExists@@YI_NPB_WPAK@Z 10028a20 f   WObjects.obj
 0001:00027c00       ?FileSearchInDir@@YI_NPB_WAAUCmdArg@@@Z 10028c00 f   WObjects.obj
 0001:00027dc0       ?FileExistsSearch@@YI_NPB_WAAUCmdArg@@_N2@Z 10028dc0 f   WObjects.obj
 0001:00027ed0       ?GetShortFileName@@YI_NPB_WHPA_WH@Z 10028ed0 f   WObjects.obj
 0001:000280e0       ?GetShortFileNameEx@@YIPA_WPB_WH@Z 100290e0 f   WObjects.obj
 0001:00028510       ?IsWine@@YI_NXZ            10029510 f   WObjects.obj
 0001:00028630       ?IsWinPE@@YI_NXZ           10029630 f   WObjects.obj
 0001:000286a0       ?GetOsVersionInformational@@YI_NPAU_OSVERSIONINFOW@@@Z 100296a0 f   WObjects.obj
 0001:000286d0       ?IsWinVerOrHigher@@YI_NG@Z 100296d0 f   WObjects.obj
 0001:00028780       ?IsWin2kEql@@YI_NXZ        10029780 f   WObjects.obj
 0001:00028820       ?IsWin5family@@YI_NXZ      10029820 f   WObjects.obj
 0001:000288b0       ?IsWinXPSP1@@YI_NXZ        100298b0 f   WObjects.obj
 0001:00028970       ?IsWin6@@YI_NXZ            10029970 f   WObjects.obj
 0001:000289b0       ?IsWin7@@YI_NXZ            100299b0 f   WObjects.obj
 0001:000289f0       ?IsWin10@@YI_NXZ           100299f0 f   WObjects.obj
 0001:00028a30       ?IsDbcs@@YI_NXZ            10029a30 f   WObjects.obj
 0001:00028a50       ?IsWindows64@@YI_NXZ       10029a50 f   WObjects.obj
 0001:00028ae0       ?IsHwFullScreenAvailable@@YI_NXZ 10029ae0 f   WObjects.obj
 0001:00028b80       ?IsVsNetHostExe@@YI_NPB_W@Z 10029b80 f   WObjects.obj
 0001:00028c00       ?IsGDB@@YI_NPB_W@Z         10029c00 f   WObjects.obj
 0001:00028c50       ?GetProcessBits@@YIHKPAX@Z 10029c50 f   WObjects.obj
 0001:00028d50       ?GetProcessInfo@@YI_NKPAUtagPROCESSENTRY32W@@@Z 10029d50 f   WObjects.obj
 0001:00028e40       ?isTerminalMode@@YI_NXZ    10029e40 f   WObjects.obj
 0001:00029160       ?IsModuleValid@@YI_NPAUHINSTANCE__@@H@Z 1002a160 f   WObjects.obj
 0001:000292a0       ?CheckCallbackPtr@@YI_NPAUHINSTANCE__@@IPAP6GHXZHHH@Z 1002a2a0 f   WObjects.obj
 0001:000293f0       ?ExpandMacroValues@@YIPA_WPB_WPAPB_WI@Z 1002a3f0 f   WObjects.obj
 0001:000295b0       ?ExpandEnvStr@@YIPA_WPB_W@Z 1002a5b0 f   WObjects.obj
 0001:00029690       ?GetEnvVar@@YIPA_WPB_W@Z   1002a690 f   WObjects.obj
 0001:00029760       ?GetComspecFromEnvVar@@YIPB_WPA_WKW4ComSpecBits@@@Z 1002a760 f   WObjects.obj
 0001:000299e0       ?GetComspec@@YIPA_WPBUConEmuComspec@@@Z 1002a9e0 f   WObjects.obj
 0001:00029c20       ?IsExportEnvVarAllowed@@YI_NPB_W@Z 1002ac20 f   WObjects.obj
 0001:00029c90       ?ApplyExportEnvVar@@YIXPB_W@Z 1002ac90 f   WObjects.obj
 0001:00029d10       ?CoordInSmallRect@@YI_NABU_COORD@@ABU_SMALL_RECT@@@Z 1002ad10 f   WObjects.obj
 0001:00029d80       ?GetCpFromString@@YIIPB_WPAPB_W@Z 1002ad80 f   WObjects.obj
 0001:00029ef0       ??$wcscpy_c@$0EAA@@@YIHAAY0EAA@_WPB_W@Z 1002aef0 f i WObjects.obj
 0001:00029f20       ??$wcscpy_c@$0BAA@@@YIHAAY0BAA@_WPB_W@Z 1002af20 f i WObjects.obj
 0001:00029f60       ?apiThreadHelper@@YGKPAX@Z 1002af60 f   WThreads.obj
 0001:0002a0e0       ?apiCreateThread@@YIPAXP6GKPAX@Z0PAKPBDH@Z 1002b0e0 f   WThreads.obj
 0001:0002a250       ??0ConEmuThreadStartArg@@QAE@P6GKPAX@Z0K@Z 1002b250 f i WThreads.obj
 0001:0002a290       ?apiTerminateThreadEx@@YIHPAXKPBDH@Z 1002b290 f   WThreads.obj
 0001:0002a3a0       ?SetThreadName@@YIXKPAD@Z  1002b3a0 f   WThreads.obj
 0001:0002a430       ?apiSetForegroundWindow@@YI_NPAUHWND__@@@Z 1002b430 f   WUser.obj
 0001:0002a460       ?apiShowWindow@@YI_NPAUHWND__@@H@Z 1002b460 f   WUser.obj
 0001:0002a490       ?apiShowWindowAsync@@YI_NPAUHWND__@@H@Z 1002b490 f   WUser.obj
 0001:0002a4c0       ?IsUserAdmin@@YI_NXZ       1002b4c0 f   WUser.obj
 0001:0002a5b0       ?GetLogonSID@@YI_NPAXPAPA_W@Z 1002b5b0 f   WUser.obj
 0001:0002a6d0       ?RemoveOldComSpecC@@YIXXZ  1002b6d0 f   WUser.obj
 0001:0002a800       ?DuplicateProcessHandle@@YIPAXK@Z 1002b800 f   WUser.obj
 0001:0002a870       ?FindComspec@@YIXPAUConEmuComspec@@_N@Z 1002b870 f   WUser.obj
 0001:0002b240       ?UpdateComspec@@YIXPAUConEmuComspec@@_N@Z 1002c240 f   WUser.obj
 0001:0002b580       ?SetEnvVarExpanded@@YIXPB_W0@Z 1002c580 f   WUser.obj
 0001:0002b760       _wcsrchr                   1002c760 f   libCRT:strrchr.obj
 0001:0002b790       _wcschr                    1002c790 f   libCRT:strchr.obj
 0001:0002b7c0       _strpbrk                   1002c7c0 f   libCRT:strpbrk.obj
 0001:0002b850       _wcspbrk                   1002c850 f   libCRT:strpbrk.obj
 0001:0002b8a0       _wcsncmp                   1002c8a0 f   libCRT:strncmp.obj
 0001:0002b8f0       _strrchr                   1002c8f0 f   libCRT:strrchr.obj
 0001:0002b920       _wcsstr                    1002c920 f   libCRT:strstr.obj
 0001:0002b980       _memset                    1002c980 f   libCRT:memset.obj
 0001:0002b9c0       _memmove                   1002c9c0 f   libCRT:memmove.obj
 0001:0002ba20       __aullshr                  1002ca20 f   libCRT:vc_ullshr.obj
 0001:0002ba40       _memcpy                    1002ca40 f   libCRT:memcpy.obj
 0001:0002ba70       _memcmp                    1002ca70 f   libCRT:memcmp.obj
 0001:0002bab0       _iswdigit                  1002cab0 f i libCRT:strtol.obj
 0001:0002bad0       _iswspace                  1002cad0 f i libCRT:strtol.obj
 0001:0002bc90       _wcstol                    1002cc90 f   libCRT:strtol.obj
 0001:0002bcb0       _wcstoul                   1002ccb0 f   libCRT:strtol.obj
 0001:0002bcd0       _strchr                    1002ccd0 f   libCRT:strchr.obj
 0001:0002bce6       _SetEnvironmentVariableW@8 1002cce6 f   kernel32:KERNEL32.dll
 0001:0002bcec       _lstrlenW@4                1002ccec f   kernel32:KERNEL32.dll
 0001:0002bcf2       _lstrcpynW@12              1002ccf2 f   kernel32:KERNEL32.dll
 0001:0002bcf8       _lstrcmpiW@8               1002ccf8 f   kernel32:KERNEL32.dll
 0001:0002bcfe       _lstrcmpW@8                1002ccfe f   kernel32:KERNEL32.dll
 0001:0002bd04       _GetCurrentDirectoryW@8    1002cd04 f   kernel32:KERNEL32.dll
 0001:0002bd0a       _SearchPathW@24            1002cd0a f   kernel32:KERNEL32.dll
 0001:0002bd10       _GetProcAddress@8          1002cd10 f   kernel32:KERNEL32.dll
 0001:0002bd16       _GetModuleHandleW@4        1002cd16 f   kernel32:KERNEL32.dll
 0001:0002bd1c       _GetModuleFileNameW@12     1002cd1c f   kernel32:KERNEL32.dll
 0001:0002bd22       _SetNamedPipeHandleState@16 1002cd22 f   kernel32:KERNEL32.dll
 0001:0002bd28       _GetCurrentProcessId@0     1002cd28 f   kernel32:KERNEL32.dll
 0001:0002bd2e       _Sleep@4                   1002cd2e f   kernel32:KERNEL32.dll
 0001:0002bd34       _SetLastError@4            1002cd34 f   kernel32:KERNEL32.dll
 0001:0002bd3a       _WaitNamedPipeW@8          1002cd3a f   kernel32:KERNEL32.dll
 0001:0002bd40       _WaitForSingleObject@8     1002cd40 f   kernel32:KERNEL32.dll
 0001:0002bd46       _GetLastError@0            1002cd46 f   kernel32:KERNEL32.dll
 0001:0002bd4c       _CreateFileW@28            1002cd4c f   kernel32:KERNEL32.dll
 0001:0002bd52       _GetTickCount@0            1002cd52 f   kernel32:KERNEL32.dll
 0001:0002bd58       _IsDebuggerPresent@0       1002cd58 f   kernel32:KERNEL32.dll
 0001:0002bd5e       _GetCurrentThreadId@0      1002cd5e f   kernel32:KERNEL32.dll
 0001:0002bd64       _ReadFile@20               1002cd64 f   kernel32:KERNEL32.dll
 0001:0002bd6a       _CloseHandle@4             1002cd6a f   kernel32:KERNEL32.dll
 0001:0002bd70       _TransactNamedPipe@28      1002cd70 f   kernel32:KERNEL32.dll
 0001:0002bd76       _WriteFile@20              1002cd76 f   kernel32:KERNEL32.dll
 0001:0002bd7c       _GetConsoleWindow@0        1002cd7c f   kernel32:KERNEL32.dll
 0001:0002bd82       _UnmapViewOfFile@4         1002cd82 f   kernel32:KERNEL32.dll
 0001:0002bd88       _MapViewOfFile@20          1002cd88 f   kernel32:KERNEL32.dll
 0001:0002bd8e       _OpenFileMappingW@12       1002cd8e f   kernel32:KERNEL32.dll
 0001:0002bd94       _LoadLibraryW@4            1002cd94 f   kernel32:KERNEL32.dll
 0001:0002bd9a       _CreateFileMappingW@24     1002cd9a f   kernel32:KERNEL32.dll
 0001:0002bda0       _VirtualProtect@16         1002cda0 f   kernel32:KERNEL32.dll
 0001:0002bda6       _lstrcpyW@8                1002cda6 f   kernel32:KERNEL32.dll
 0001:0002bdac       _MultiByteToWideChar@24    1002cdac f   kernel32:KERNEL32.dll
 0001:0002bdb2       _lstrcpynA@12              1002cdb2 f   kernel32:KERNEL32.dll
 0001:0002bdb8       _lstrlenA@4                1002cdb8 f   kernel32:KERNEL32.dll
 0001:0002bdbe       _WideCharToMultiByte@32    1002cdbe f   kernel32:KERNEL32.dll
 0001:0002bdc4       _lstrcpyA@8                1002cdc4 f   kernel32:KERNEL32.dll
 0001:0002bdca       _lstrcatW@8                1002cdca f   kernel32:KERNEL32.dll
 0001:0002bdd0       _GetConsoleCursorInfo@8    1002cdd0 f   kernel32:KERNEL32.dll
 0001:0002bdd6       _GetConsoleScreenBufferInfo@8 1002cdd6 f   kernel32:KERNEL32.dll
 0001:0002bddc       _GetStdHandle@4            1002cddc f   kernel32:KERNEL32.dll
 0001:0002bde2       _InterlockedIncrement@4    1002cde2 f   kernel32:KERNEL32.dll
 0001:0002bde8       _GetConsoleTitleW@8        1002cde8 f   kernel32:KERNEL32.dll
 0001:0002bdee       _DeleteFileW@4             1002cdee f   kernel32:KERNEL32.dll
 0001:0002bdf4       _Thread32Next@8            1002cdf4 f   kernel32:KERNEL32.dll
 0001:0002bdfa       _Thread32First@8           1002cdfa f   kernel32:KERNEL32.dll
 0001:0002be00       _CreateToolhelp32Snapshot@8 1002ce00 f   kernel32:KERNEL32.dll
 0001:0002be06       _GetConsoleMode@8          1002ce06 f   kernel32:KERNEL32.dll
 0001:0002be0c       _GetExitCodeProcess@8      1002ce0c f   kernel32:KERNEL32.dll
 0001:0002be12       _CreateProcessW@40         1002ce12 f   kernel32:KERNEL32.dll
 0001:0002be18       _SetConsoleMode@8          1002ce18 f   kernel32:KERNEL32.dll
 0001:0002be1e       _GetEnvironmentStringsW@0  1002ce1e f   kernel32:KERNEL32.dll
 0001:0002be24       _GetEnvironmentVariableW@12 1002ce24 f   kernel32:KERNEL32.dll
 0001:0002be2a       _WaitForMultipleObjects@16 1002ce2a f   kernel32:KERNEL32.dll
 0001:0002be30       _CreateEventW@16           1002ce30 f   kernel32:KERNEL32.dll
 0001:0002be36       _SetConsoleTitleW@4        1002ce36 f   kernel32:KERNEL32.dll
 0001:0002be3c       _CreateSemaphoreW@16       1002ce3c f   kernel32:KERNEL32.dll
 0001:0002be42       _ResetEvent@4              1002ce42 f   kernel32:KERNEL32.dll
 0001:0002be48       _TerminateProcess@8        1002ce48 f   kernel32:KERNEL32.dll
 0001:0002be4e       _GetCurrentProcess@0       1002ce4e f   kernel32:KERNEL32.dll
 0001:0002be54       _SetEvent@4                1002ce54 f   kernel32:KERNEL32.dll
 0001:0002be5a       _IsBadStringPtrW@8         1002ce5a f   kernel32:KERNEL32.dll
 0001:0002be60       _Module32NextW@8           1002ce60 f   kernel32:KERNEL32.dll
 0001:0002be66       _Module32FirstW@8          1002ce66 f   kernel32:KERNEL32.dll
 0001:0002be6c       _InterlockedDecrement@4    1002ce6c f   kernel32:KERNEL32.dll
 0001:0002be72       _ReleaseSemaphore@12       1002ce72 f   kernel32:KERNEL32.dll
 0001:0002be78       _WriteConsoleInputW@16     1002ce78 f   kernel32:KERNEL32.dll
 0001:0002be7e       _GetNumberOfConsoleInputEvents@8 1002ce7e f   kernel32:KERNEL32.dll
 0001:0002be84       _ReadConsoleInputW@16      1002ce84 f   kernel32:KERNEL32.dll
 0001:0002be8a       _PeekConsoleInputW@16      1002ce8a f   kernel32:KERNEL32.dll
 0001:0002be90       _SuspendThread@4           1002ce90 f   kernel32:KERNEL32.dll
 0001:0002be96       _ResumeThread@4            1002ce96 f   kernel32:KERNEL32.dll
 0001:0002be9c       _VerifyVersionInfoW@16     1002ce9c f   kernel32:KERNEL32.dll
 0001:0002bea2       _VerSetConditionMask@16    1002cea2 f   kernel32:KERNEL32.dll
 0001:0002bea8       _ReleaseMutex@4            1002cea8 f   kernel32:KERNEL32.dll
 0001:0002beae       _CreateMutexW@12           1002ceae f   kernel32:KERNEL32.dll
 0001:0002beb4       _SetFilePointer@16         1002ceb4 f   kernel32:KERNEL32.dll
 0001:0002beba       _GetFileInformationByHandle@8 1002ceba f   kernel32:KERNEL32.dll
 0001:0002bec0       _ReadProcessMemory@20      1002cec0 f   kernel32:KERNEL32.dll
 0001:0002bec6       _FreeLibrary@4             1002cec6 f   kernel32:KERNEL32.dll
 0001:0002becc       _ExpandEnvironmentStringsW@12 1002cecc f   kernel32:KERNEL32.dll
 0001:0002bed2       _DebugBreak@0              1002ced2 f   kernel32:KERNEL32.dll
 0001:0002bed8       _GetLargestConsoleWindowSize@4 1002ced8 f   kernel32:KERNEL32.dll
 0001:0002bede       _SetConsoleScreenBufferSize@8 1002cede f   kernel32:KERNEL32.dll
 0001:0002bee4       _VirtualAlloc@16           1002cee4 f   kernel32:KERNEL32.dll
 0001:0002beea       _HeapCreate@12             1002ceea f   kernel32:KERNEL32.dll
 0001:0002bef0       _HeapDestroy@4             1002cef0 f   kernel32:KERNEL32.dll
 0001:0002bef6       _HeapAlloc@12              1002cef6 f   kernel32:KERNEL32.dll
 0001:0002befc       _HeapReAlloc@16            1002cefc f   kernel32:KERNEL32.dll
 0001:0002bf02       _HeapFree@12               1002cf02 f   kernel32:KERNEL32.dll
 0001:0002bf08       _HeapValidate@12           1002cf08 f   kernel32:KERNEL32.dll
 0001:0002bf0e       _OpenThread@12             1002cf0e f   kernel32:KERNEL32.dll
 0001:0002bf14       _InitializeCriticalSection@4 1002cf14 f   kernel32:KERNEL32.dll
 0001:0002bf1a       _DeleteCriticalSection@4   1002cf1a f   kernel32:KERNEL32.dll
 0001:0002bf20       _EnterCriticalSection@4    1002cf20 f   kernel32:KERNEL32.dll
 0001:0002bf26       _LeaveCriticalSection@4    1002cf26 f   kernel32:KERNEL32.dll
 0001:0002bf2c       _TryEnterCriticalSection@4 1002cf2c f   kernel32:KERNEL32.dll
 0001:0002bf32       _LocalFree@4               1002cf32 f   kernel32:KERNEL32.dll
 0001:0002bf38       _LocalAlloc@8              1002cf38 f   kernel32:KERNEL32.dll
 0001:0002bf3e       _lstrcmpiA@8               1002cf3e f   kernel32:KERNEL32.dll
 0001:0002bf44       _GetExitCodeThread@8       1002cf44 f   kernel32:KERNEL32.dll
 0001:0002bf4a       _DisconnectNamedPipe@4     1002cf4a f   kernel32:KERNEL32.dll
 0001:0002bf50       _SetThreadPriority@8       1002cf50 f   kernel32:KERNEL32.dll
 0001:0002bf56       _FlushFileBuffers@4        1002cf56 f   kernel32:KERNEL32.dll
 0001:0002bf5c       _GetOverlappedResult@16    1002cf5c f   kernel32:KERNEL32.dll
 0001:0002bf62       _ConnectNamedPipe@8        1002cf62 f   kernel32:KERNEL32.dll
 0001:0002bf68       _CreateNamedPipeW@32       1002cf68 f   kernel32:KERNEL32.dll
 0001:0002bf6e       _FreeEnvironmentStringsW@4 1002cf6e f   kernel32:KERNEL32.dll
 0001:0002bf74       _SetConsoleWindowInfo@12   1002cf74 f   kernel32:KERNEL32.dll
 0001:0002bf7a       _GetConsoleOutputCP@0      1002cf7a f   kernel32:KERNEL32.dll
 0001:0002bf80       _GetFullPathNameW@16       1002cf80 f   kernel32:KERNEL32.dll
 0001:0002bf86       _FindClose@4               1002cf86 f   kernel32:KERNEL32.dll
 0001:0002bf8c       _FindFirstFileW@8          1002cf8c f   kernel32:KERNEL32.dll
 0001:0002bf92       _GetFileSize@8             1002cf92 f   kernel32:KERNEL32.dll
 0001:0002bf98       _FindNextFileW@8           1002cf98 f   kernel32:KERNEL32.dll
 0001:0002bf9e       _CreateDirectoryW@8        1002cf9e f   kernel32:KERNEL32.dll
 0001:0002bfa4       _GetFileSizeEx@8           1002cfa4 f   kernel32:KERNEL32.dll
 0001:0002bfaa       _GetPrivateProfileIntW@16  1002cfaa f   kernel32:KERNEL32.dll
 0001:0002bfb0       _WritePrivateProfileStringW@16 1002cfb0 f   kernel32:KERNEL32.dll
 0001:0002bfb6       _GetVersionExW@4           1002cfb6 f   kernel32:KERNEL32.dll
 0001:0002bfbc       _OpenProcess@12            1002cfbc f   kernel32:KERNEL32.dll
 0001:0002bfc2       _Process32NextW@8          1002cfc2 f   kernel32:KERNEL32.dll
 0001:0002bfc8       _Process32FirstW@8         1002cfc8 f   kernel32:KERNEL32.dll
 0001:0002bfce       _IsBadReadPtr@8            1002cfce f   kernel32:KERNEL32.dll
 0001:0002bfd4       _VirtualFree@12            1002cfd4 f   kernel32:KERNEL32.dll
 0001:0002bfda       _GetSystemInfo@4           1002cfda f   kernel32:KERNEL32.dll
 0001:0002bfe0       _GetWindowsDirectoryW@8    1002cfe0 f   kernel32:KERNEL32.dll
 0001:0002bfe6       _CreateThread@24           1002cfe6 f   kernel32:KERNEL32.dll
 0001:0002bfec       _TerminateThread@8         1002cfec f   kernel32:KERNEL32.dll
 0001:0002bff2       _RaiseException@16         1002cff2 f   kernel32:KERNEL32.dll
 0001:0002bff8       _DuplicateHandle@28        1002cff8 f   kernel32:KERNEL32.dll
 0001:0002bffe       _CharUpperBuffW@8          1002cffe f   user32:USER32.dll
 0001:0002c004       _MapVirtualKeyW@8          1002d004 f   user32:USER32.dll
 0001:0002c00a       _VkKeyScanW@4              1002d00a f   user32:USER32.dll
 0001:0002c010       _IsWindow@4                1002d010 f   user32:USER32.dll
 0001:0002c016       _GetWindowLongW@8          1002d016 f   user32:USER32.dll
 0001:0002c01c       _GetClassNameW@12          1002d01c f   user32:USER32.dll
 0001:0002c022       _GetWindowThreadProcessId@8 1002d022 f   user32:USER32.dll
 0001:0002c028       _FindWindowW@8             1002d028 f   user32:USER32.dll
 0001:0002c02e       _MessageBoxW@16            1002d02e f   user32:USER32.dll
 0001:0002c034       _wsprintfW                 1002d034 f   user32:USER32.dll
 0001:0002c03a       _GetParent@4               1002d03a f   user32:USER32.dll
 0001:0002c040       _RegisterWindowMessageW@4  1002d040 f   user32:USER32.dll
 0001:0002c046       _IsWindowVisible@4         1002d046 f   user32:USER32.dll
 0001:0002c04c       _PostMessageW@16           1002d04c f   user32:USER32.dll
 0001:0002c052       _GetSystemMetrics@4        1002d052 f   user32:USER32.dll
 0001:0002c058       _GetMonitorInfoW@8         1002d058 f   user32:USER32.dll
 0001:0002c05e       _MonitorFromWindow@8       1002d05e f   user32:USER32.dll
 0001:0002c064       _SetWindowPos@28           1002d064 f   user32:USER32.dll
 0001:0002c06a       _GetWindowRect@8           1002d06a f   user32:USER32.dll
 0001:0002c070       _EnableWindow@8            1002d070 f   user32:USER32.dll
 0001:0002c076       _IsWindowEnabled@4         1002d076 f   user32:USER32.dll
 0001:0002c07c       _IsRectEmpty@4             1002d07c f   user32:USER32.dll
 0001:0002c082       _EnumDisplayMonitors@16    1002d082 f   user32:USER32.dll
 0001:0002c088       _SystemParametersInfoW@16  1002d088 f   user32:USER32.dll
 0001:0002c08e       _MonitorFromRect@8         1002d08e f   user32:USER32.dll
[...]
 0003:00002b3c       ?gLastMouseReadEvent@@3U_MOUSE_EVENT_RECORD@@A 10047b3c     ConEmuPluginBase.obj
 0003:00002b4c       ?gbUngetDummyMouseEvent@@3HA 10047b4c     ConEmuPluginBase.obj
 0003:00002b50       ?gnAllowDummyMouseEvent@@3JA 10047b50     ConEmuPluginBase.obj
 0003:00002b54       ?gnDummyMouseEventFromMacro@@3JA 10047b54     ConEmuPluginBase.obj
 0003:00002b58       ?csData@@3PAVMSection@@A   10047b58     ConEmuPluginBase.obj
 0003:00002b5c       ?gpCmdRet@@3PAUCESERVER_REQ@@A 10047b5c     ConEmuPluginBase.obj
 0003:00002b60       ?gpData@@3PAEA             10047b60     ConEmuPluginBase.obj
 0003:00002b64       ?gpCursor@@3PAEA           10047b64     ConEmuPluginBase.obj
 0003:00002b68       ?gnDataSize@@3KA           10047b68     ConEmuPluginBase.obj
 0003:00002b6c       ?gpReqCommandData@@3PAXA   10047b6c     ConEmuPluginBase.obj
 0003:00002b70       ?ghReqCommandEvent@@3PAXA  10047b70     ConEmuPluginBase.obj
 0003:00002b74       ?gbReqCommandWaiting@@3HA  10047b74     ConEmuPluginBase.obj
 0003:00002b78       ?gnMsgTabChanged@@3IA      10047b78     ConEmuPluginBase.obj
 0003:00002b7c       ?csTabs@@3PAVMSection@@A   10047b7c     ConEmuPluginBase.obj
 0003:00002b80       ?gbPlugKeyChanged@@3HA     10047b80     ConEmuPluginBase.obj
 0003:00002b84       ?ghRegMonitorKey@@3PAUHKEY__@@A 10047b84     ConEmuPluginBase.obj
 0003:00002b88       ?ghRegMonitorEvt@@3PAXA    10047b88     ConEmuPluginBase.obj
 0003:00002b8c       ?ghPluginSemaphore@@3PAXA  10047b8c     ConEmuPluginBase.obj
 0003:00002b90       ?gsFarLang@@3PA_WA         10047b90     ConEmuPluginBase.obj
 0003:00002c10       ?gbNeedPostTabSend@@3HA    10047c10     ConEmuPluginBase.obj
 0003:00002c14       ?gbNeedPostEditCheck@@3HA  10047c14     ConEmuPluginBase.obj
 0003:00002c18       ?gbNeedPostReloadFarInfo@@3HA 10047c18     ConEmuPluginBase.obj
 0003:00002c1c       ?gnNeedPostTabSendTick@@3KA 10047c1c     ConEmuPluginBase.obj
 0003:00002c20       ?gpConMapInfo@@3PBUCESERVER_CONSOLE_MAPPING_HDR@@B 10047c20     ConEmuPluginBase.obj
 0003:00002c24       ?gbStartedUnderConsole2@@3HA 10047c24     ConEmuPluginBase.obj
 0003:00002c28       ?gnSelfPID@@3KA            10047c28     ConEmuPluginBase.obj
 0003:00002c2c       ?ghFarInfoMapping@@3PAXA   10047c2c     ConEmuPluginBase.obj
 0003:00002c30       ?gpFarInfo@@3PAUCEFAR_INFO_MAPPING@@A 10047c30     ConEmuPluginBase.obj
 0003:00002c34       ?gpFarInfoMapping@@3PAUCEFAR_INFO_MAPPING@@A 10047c34     ConEmuPluginBase.obj
 0003:00002c38       ?ghFarAliveEvent@@3PAXA    10047c38     ConEmuPluginBase.obj
 0003:00002c3c       ?gPanelRegLeft@@3UPanelViewRegInfo@@A 10047c3c     ConEmuPluginBase.obj
 0003:00002c54       ?gPanelRegRight@@3UPanelViewRegInfo@@A 10047c54     ConEmuPluginBase.obj
 0003:00002c6c       ?ghConEmuCtrlPressed@@3PAXA 10047c6c     ConEmuPluginBase.obj
 0003:00002c70       ?ghConEmuShiftPressed@@3PAXA 10047c70     ConEmuPluginBase.obj
 0003:00002c74       ?gbWaitConsoleInputEmpty@@3HA 10047c74     ConEmuPluginBase.obj
 0003:00002c78       ?gbWaitConsoleWrite@@3HA   10047c78     ConEmuPluginBase.obj
 0003:00002c7c       ?ghConsoleInputEmpty@@3PAXA 10047c7c     ConEmuPluginBase.obj
 0003:00002c80       ?ghConsoleWrite@@3PAXA     10047c80     ConEmuPluginBase.obj
 0003:00002c84       ?gnSynchroCount@@3HA       10047c84     ConEmuPluginBase.obj
 0003:00002c9c       ?hkFunc@@3UHkFunc@@A       10047c9c     HkFunc.obj
 0003:00002cbc       ?AssertMsgBox@@3P6IHPB_WI0PAUHWND__@@_N@ZA 10047cbc     MAssert.obj
 0003:00002cc0       ?ghHeap@@3PAXA             10047cc0     Memory.obj
 0003:00002cc4       ?gNullDesc@@3PAVMNullDesc@@A 10047cc4     MSecurity.obj
 0003:00002cc8       ?gbNeedBgActivate@@3HA     10047cc8     PluginBackground.obj
 0003:00002ccc       ?gbBgPluginsAllowed@@3HA   10047ccc     PluginBackground.obj
 0003:00002cd0       ?gpBgPlugin@@3PAVCPluginBackground@@A 10047cd0     PluginBackground.obj
 0003:00002cd8       ?gszPluginServerPipe@@3PA_WA 10047cd8     PluginSrv.obj
 0003:00002ee0       ?gpPlugServer@@3PAU?$PipeServer@UCESERVER_REQ@@@@A 10047ee0     PluginSrv.obj
 0003:00002ee4       ?ghServerTerminateEvent@@3PAXA 10047ee4     PluginSrv.obj
 0003:00002ee8       ?gbForcedServerTermination@@3_NA 10047ee8     PluginSrv.obj
 0003:00002ef0       ?gpConsoleInfoStr@@3PAU_CONSOLE_INFO@@A 10047ef0     WConsole.obj
 0003:00002ef4       ?ghConsoleSection@@3PAXA   10047ef4     WConsole.obj
 0003:00002ef8       ?g_LastSetConsoleFont@@3UMY_CONSOLE_FONT_INFOEX@@A 10047ef8     WConsole.obj
 0003:00002f64       ?gfnSearchAppPaths@@3P6I_NPB_WAAUCmdArg@@_NPAU1@@ZA 10047f64     WObjects.obj
 0003:0000a7c0       ?g_ThreadsIdx@@3JA         1004f7c0     WThreads.obj
 0003:0000a7cc       __aenvptr                  1004f7cc     LIBCMT:dllcrt0.obj
 0003:0000a7d0       __wenvptr                  1004f7d0     LIBCMT:dllcrt0.obj
 0003:0000a7d4       ___error_mode              1004f7d4     LIBCMT:dllcrt0.obj
 0003:0000a7d8       ___app_type                1004f7d8     LIBCMT:dllcrt0.obj
 0003:0000a868       __umaskval                 1004f868     LIBCMT:crt0dat.obj
 0003:0000a86c       __osplatform               1004f86c     LIBCMT:crt0dat.obj
 0003:0000a870       __osver                    1004f870     LIBCMT:crt0dat.obj
 0003:0000a874       __winver                   1004f874     LIBCMT:crt0dat.obj
 0003:0000a878       __winmajor                 1004f878     LIBCMT:crt0dat.obj
 0003:0000a87c       __winminor                 1004f87c     LIBCMT:crt0dat.obj
 0003:0000a880       ___argc                    1004f880     LIBCMT:crt0dat.obj
 0003:0000a884       ___argv                    1004f884     LIBCMT:crt0dat.obj
 0003:0000a888       ___wargv                   1004f888     LIBCMT:crt0dat.obj
 0003:0000a88c       __environ                  1004f88c     LIBCMT:crt0dat.obj
 0003:0000a890       ___initenv                 1004f890     LIBCMT:crt0dat.obj
 0003:0000a894       __wenviron                 1004f894     LIBCMT:crt0dat.obj
 0003:0000a898       ___winitenv                1004f898     LIBCMT:crt0dat.obj
 0003:0000a89c       __pgmptr                   1004f89c     LIBCMT:crt0dat.obj
 0003:0000a8a0       __wpgmptr                  1004f8a0     LIBCMT:crt0dat.obj
 0003:0000a8a4       __exitflag                 1004f8a4     LIBCMT:crt0dat.obj
 0003:0000a8a8       __C_Termination_Done       1004f8a8     LIBCMT:crt0dat.obj
 0003:0000a8ac       __C_Exit_Done              1004f8ac     LIBCMT:crt0dat.obj
 0003:0000a8b0       _gpFlsAlloc                1004f8b0     LIBCMT:tidtable.obj
 0003:0000a8b4       _gpFlsGetValue             1004f8b4     LIBCMT:tidtable.obj
 0003:0000a8b8       _gpFlsSetValue             1004f8b8     LIBCMT:tidtable.obj
 0003:0000a8bc       _gpFlsFree                 1004f8bc     LIBCMT:tidtable.obj
 0003:0000a9cc       __crtheap                  1004f9cc     LIBCMT:heapinit.obj
 0003:0000ae38       ?__pInconsistency@@3P6AXXZA 1004fe38     LIBCMT:hooks.obj
 0003:0000ae58       ?_pnhHeap@@3P6AHI@ZA       1004fe58     LIBCMT:handler.obj
 0003:0000ae5c       ___locale_changed          1004fe5c     LIBCMT:setlocal.obj
 0003:0000ae60       ___lc_handle               1004fe60     LIBCMT:nlsdata2.obj
 0003:0000ae78       ___lc_codepage             1004fe78     LIBCMT:nlsdata2.obj
 0003:0000ae7c       ___lc_collate_cp           1004fe7c     LIBCMT:nlsdata2.obj
 0003:0000ae84       ___mbulinfo                1004fe84     LIBCMT:mbctype.obj
 0003:0000ae90       ___mbcodepage              1004fe90     LIBCMT:mbctype.obj
 0003:0000ae94       ___ismbcodepage            1004fe94     LIBCMT:mbctype.obj
 0003:0000ae98       ___mblcid                  1004fe98     LIBCMT:mbctype.obj
 0003:0000ae9c       __maxwait                  1004fe9c     LIBCMT:crtheap.obj
 0003:0000aea0       ___sbh_pHeaderDefer        1004fea0     LIBCMT:sbheap.obj
 0003:0000aea4       __newmode                  1004fea4     LIBCMT:_newmode.obj
 0003:0000b1d8       ___lconv_static_null       100501d8     LIBCMT:lconv.obj
 0003:0000b1dc       ___lconv_static_W_null     100501dc     LIBCMT:lconv.obj
 0003:0000b2ac       ___sbh_initialized         100502ac     <common>
 0003:0000b2b0       ___sbh_cntHeaderList       100502b0     <common>
 0003:0000b2b4       ___sbh_pHeaderList         100502b4     <common>
 0003:0000b2b8       ___sbh_threshold           100502b8     <common>
 0003:0000b2bc       ___sbh_pHeaderScan         100502bc     <common>
 0003:0000b2c0       ___sbh_sizeHeaderList      100502c0     <common>
 0003:0000b2c4       ___sbh_indGroupDefer       100502c4     <common>
 0003:0000b2c8       ___setlc_active            100502c8     <common>
 0003:0000b2cc       ___unguarded_readlc_active 100502cc     <common>
 0003:0000b2d0       ___active_heap             100502d0     <common>
 0003:0000b2d4       __nhandle                  100502d4     <common>
 0003:0000b2e0       ___pioinfo                 100502e0     <common>
 0003:0000b3e0       ___env_initialized         100503e0     <common>
 0003:0000b3e4       ___onexitend               100503e4     <common>
 0003:0000b3e8       ___onexitbegin             100503e8     <common>
 0003:0000b3ec       ___mbctype_initialized     100503ec     <common>
 0003:0000b3f0       __FPinit                   100503f0     <common>
 0003:0000b3f4       ___initenv_end             100503f4     <common>
 0003:0000b3f8       ___winitenv_end            100503f8     <common>
 0003:0000b3fc       ___dyn_tls_init_callback   100503fc     <common>
 0003:0000b400       __pDestructExceptionObject 10050400     <common>
 0003:0000b404       ___sse2_available          10050404     <common>
 0003:0000b408       __acmdln                   10050408     <common>
 0003:0000b40c       __pRawDllMain              1005040c     <common>

 entry point at        0001:0002c8a5

 Static symbols

 0001:00000490       ?StringValidateDestW@@YGJPB_WII@Z 10001490 f   CmdArg.obj
 0001:000004c0       ?StringCopyWorkerW@@YGJPA_WIPAIPB_WI@Z 100014c0 f   CmdArg.obj
 0001:00003a00       ?StringValidateDestW@@YGJPB_WII@Z 10004a00 f   ConEmuCheck.obj
 0001:00003a30       ?StringCopyWorkerW@@YGJPA_WIPAIPB_WI@Z 10004a30 f   ConEmuCheck.obj
 0001:00005570       ?StringValidateDestW@@YGJPB_WII@Z 10006570 f   ConEmuCheckEx.obj
 0001:000055a0       ?StringCopyWorkerW@@YGJPA_WIPAIPB_WI@Z 100065a0 f   ConEmuCheckEx.obj
 0001:00005730       ?StringValidateDestAndLengthW@@YGJPB_WIPAII@Z 10006730 f   ConEmuCheckEx.obj
 0001:00005780       ?StringLengthWorkerW@@YGJPB_WIPAI@Z 10006780 f   ConEmuCheckEx.obj
 0001:00005da0       ?StringValidateDestW@@YGJPB_WII@Z 10006da0 f   ConEmuInjects.obj
 0001:00005dd0       ?StringCopyWorkerW@@YGJPA_WIPAIPB_WI@Z 10006dd0 f   ConEmuInjects.obj
 0001:00006830       ?ChangeExports@@YI_NPBUExportFunc@@PAUHINSTANCE__@@@Z 10007830 f   ConEmuPlugin.obj
 0001:00009570       ?GetFarSetting@@YIHPAXIPB_W@Z 1000a570 f   ConEmuPlugin1900.obj
 0001:00009810       ?CallGuiMacroProc@@YIXXZ   1000a810 f   ConEmuPlugin1900.obj
 0001:00009be0       ?CallGuiMacroDlg@@YGHPAXHH0@Z 1000abe0 f   ConEmuPlugin1900.obj
 0001:0000a100       ?MAKEFARVERSION@@YI?AUVersionInfo@@KKKKW4VERSION_STAGE@@@Z 1000b100 f   ConEmuPlugin2800.obj
 0001:0000b840       ?WExists@@YIHABUWindowInfo@@ABV?$MArray@UWindowInfo@@@@@Z 1000c840 f   ConEmuPlugin2800.obj
 0001:0000c6d0       ?GetFarSetting@@YIHPAXIPB_W@Z 1000d6d0 f   ConEmuPlugin2800.obj
 0001:0000c980       ?CallGuiMacroProc@@YIXXZ   1000d980 f   ConEmuPlugin2800.obj
 0001:0000cce0       ?CallGuiMacroDlg@@YGHPAXHH0@Z 1000dce0 f   ConEmuPlugin2800.obj
 0001:0000d130       ?FreeMacroResult@@YGXPAXPAUFarMacroValue@@I@Z 1000e130 f   ConEmuPlugin2800.obj
 0001:0000f160       ?CallGuiMacroProc@@YIXXZ   10010160 f   ConEmuPlugin995.obj
 0001:0000f4c0       ?CallGuiMacroDlg@@YGJPAXHHJ@Z 100104c0 f   ConEmuPlugin995.obj
 0001:000110f0       ?CallGuiMacroProc@@YIXXZ   100120f0 f   ConEmuPluginA.obj
 0001:000114a0       ?CallGuiMacroDlg@@YGJPAXHHJ@Z 100124a0 f   ConEmuPluginA.obj
 0001:00011ed0       ?LoadFarVersion@@YI_NAAUFarVersion@@AAY0CAA@_W@Z 10012ed0 f   ConEmuPluginBase.obj
 0001:00011f70       ?SetDefaultFarVersion@@YIXAAUFarVersion@@@Z 10012f70 f   ConEmuPluginBase.obj
 0001:00011fc0       ?LoadFarVersion@@YI_NPB_WAAUFarVersion@@AAY0CAA@_W@Z 10012fc0 f   ConEmuPluginBase.obj
 0001:00012020       ?LoadAppVersion@@YI_NPB_WAAUtagVS_FIXEDFILEINFO@@AAY0CAA@_W@Z 10013020 f   ConEmuPluginBase.obj
 0001:00012210       ?ConvertVersionToFarVersion@@YIXABUtagVS_FIXEDFILEINFO@@AAUFarVersion@@@Z 10013210 f   ConEmuPluginBase.obj
 0001:0001a610       ?StringValidateDestW@@YGJPB_WII@Z 1001b610 f   ConEmuPluginBase.obj
 0001:0001a640       ?StringValidateDestAndLengthW@@YGJPB_WIPAII@Z 1001b640 f   ConEmuPluginBase.obj
 0001:0001a690       ?StringLengthWorkerW@@YGJPB_WIPAI@Z 1001b690 f   ConEmuPluginBase.obj
 0001:0001a700       ?StringCopyWorkerW@@YGJPA_WIPAIPB_WI@Z 1001b700 f   ConEmuPluginBase.obj
 0001:0001c150       ?StringValidateDestW@@YGJPB_WII@Z 1001d150 f   Execute.obj
 0001:0001c180       ?StringCopyWorkerW@@YGJPA_WIPAIPB_WI@Z 1001d180 f   Execute.obj
 0001:0001c8e0       ?StringValidateDestA@@YGJPBDII@Z 1001d8e0 f   Memory.obj
 0001:0001c910       ?StringCopyWorkerA@@YGJPADIPAIPBDI@Z 1001d910 f   Memory.obj
 0001:0001ca30       ?StringValidateDestW@@YGJPB_WII@Z 1001da30 f   Memory.obj
 0001:0001ca60       ?StringCopyWorkerW@@YGJPA_WIPAIPB_WI@Z 1001da60 f   Memory.obj
 0001:00022080       ?StringValidateDestW@@YGJPB_WII@Z 10023080 f   PluginBackground.obj
 0001:000220b0       ?StringCopyWorkerW@@YGJPA_WIPAIPB_WI@Z 100230b0 f   PluginBackground.obj
 0001:00024770       ?StringValidateDestW@@YGJPB_WII@Z 10025770 f   PluginSrv.obj
 0001:000247a0       ?StringCopyWorkerW@@YGJPA_WIPAIPB_WI@Z 100257a0 f   PluginSrv.obj
 0001:00028000       ?StringValidateDestW@@YGJPB_WII@Z 10029000 f   WObjects.obj
 0001:00028030       ?StringCopyWorkerW@@YGJPA_WIPAIPB_WI@Z 10029030 f   WObjects.obj
 0001:00028580       ?CheckRegKeyExist@@YI_NPAURegKeyExistArg@@@Z 10029580 f   WObjects.obj
 0001:00029920       ?StringValidateDestAndLengthW@@YGJPB_WIPAII@Z 1002a920 f   WObjects.obj
 0001:00029970       ?StringLengthWorkerW@@YGJPB_WIPAI@Z 1002a970 f   WObjects.obj
 0001:0002b680       ?StringValidateDestW@@YGJPB_WII@Z 1002c680 f   WUser.obj
 0001:0002b6b0       ?StringCopyWorkerW@@YGJPA_WIPAIPB_WI@Z 1002c6b0 f   WUser.obj
 0001:0002baf0       ?strtoxl@@YAKPB_WPAPA_WHH@Z 1002caf0 f   libCRT:strtol.obj
 0001:0002c65a       ___DllMainCRTStartup@12    1002d65a f   LIBCMT:dllcrt0.obj
 0001:0002c8bb       _has_osfxsr_set            1002d8bb f   LIBCMT:cpu_disp.obj
 0001:0002c9d4       __unwind_handler           1002d9d4 f   LIBCMT:exsup.obj
 0001:0002caf0       _ValidateScopeTableHandlers 1002daf0 f   LIBCMT:eh3valid.obj
 0001:0002cf19       _xcptlookup                1002df19 f   LIBCMT:winxfltr.obj
 0001:0002d170       __initterm                 1002e170 f   LIBCMT:crt0dat.obj
 0001:0002d2d3       _doexit                    1002e2d3 f   LIBCMT:crt0dat.obj
 0001:0002e080       _parse_cmdline             1002f080 f   LIBCMT:stdargv.obj
 0001:0002e6c0       _ValidateLocalCookies      1002f6c0 f   LIBCMT:chandler4.obj
 0001:0002efde       _ctrlevent_capture@4       1002ffde f   LIBCMT:winsig.obj
 0001:0002f079       _siglookup                 10030079 f   LIBCMT:winsig.obj
 0001:0002f5e4       ___crtInitCritSecNoSpinCount@8 100305e4 f   LIBCMT:initcrit.obj
 0001:0002f9e1       __copytlocinfo_nolock      100309e1 f   LIBCMT:setlocal.obj
 0001:0002fa07       __updatetlocinfoEx_nolock  10030a07 f   LIBCMT:setlocal.obj
 0001:0002fb2a       _sync_legacy_variables_lk  10030b2a f   LIBCMT:setlocal.obj
 0001:0002fe84       __setlocale_get_all        10030e84 f   LIBCMT:setlocal.obj
 0001:00030267       __setlocale_set_cat        10031267 f   LIBCMT:setlocal.obj
 0001:00030565       __setlocale_nolock         10031565 f   LIBCMT:setlocal.obj
 0001:00030a59       ?CPtoLCID@@YAHH@Z          10031a59 f   LIBCMT:mbctype.obj
 0001:00030a88       ?setSBCS@@YAXPAUthreadmbcinfostruct@@@Z 10031a88 f   LIBCMT:mbctype.obj
 0001:00030aec       ?setSBUpLow@@YAXPAUthreadmbcinfostruct@@@Z 10031aec f   LIBCMT:mbctype.obj
 0001:00030dcb       ?getSystemCP@@YAHH@Z       10031dcb f   LIBCMT:mbctype.obj
 0001:00032409       ?x_ismbbtype_l@@YAHPAUlocaleinfo_struct@@IHH@Z 10033409 f   LIBCMT:ismbbyte.obj
 0001:000329cc       __unwind_handler4          100339cc f   LIBCMT:exsup4.obj
 0001:00032e7f       __get_lc_time              10033e7f f   LIBCMT:inittime.obj
 0001:00033a70       _fix_grouping              10034a70 f   LIBCMT:initnum.obj
 0001:00033cff       _fix_grouping              10034cff f   LIBCMT:initmon.obj
 0001:00034c36       ?_store_str@@YAXPADPAPADPAI@Z 10035c36 f   LIBCMT:_strftime.obj
 0001:00034c56       ?_store_number@@YAXHPAPADPAI@Z 10035c56 f   LIBCMT:_strftime.obj
 0001:00034c8c       ?_store_num@@YAXHHPAPADPAII@Z 10035c8c f   LIBCMT:_strftime.obj
 0001:00034d07       ?_expandtime@@YAHPAUlocaleinfo_struct@@DPBUtm@@PAPADPAIPAU__lc_time_data@@I@Z 10035d07 f   LIBCMT:_strftime.obj
 0001:000350bb       ?_store_winword@@YAHPAUlocaleinfo_struct@@HPBUtm@@PAPADPAIPAU__lc_time_data@@@Z 100360bb f   LIBCMT:_strftime.obj
 0001:0003585b       _TranslateName             1003685b f   LIBCMT:getqloc.obj
 0001:000358bd       _GetLcidFromDefault        100368bd f   LIBCMT:getqloc.obj
 0001:000358d1       _ProcessCodePage           100368d1 f   LIBCMT:getqloc.obj
 0001:0003594d       _TestDefaultCountry        1003694d f   LIBCMT:getqloc.obj
 0001:00035971       _LcidFromHexString         10036971 f   LIBCMT:getqloc.obj
 0001:000359a5       _GetPrimaryLen             100369a5 f   LIBCMT:getqloc.obj
 0001:000359c0       _CountryEnumProc@4         100369c0 f   LIBCMT:getqloc.obj
 0001:00035a58       _TestDefaultLanguage       10036a58 f   LIBCMT:getqloc.obj
 0001:00035acf       _LangCountryEnumProc@4     10036acf f   LIBCMT:getqloc.obj
 0001:00035cd5       _LanguageEnumProc@4        10036cd5 f   LIBCMT:getqloc.obj
 0001:00035d96       _GetLcidFromCountry        10036d96 f   LIBCMT:getqloc.obj
 0001:00035dc8       _GetLcidFromLangCountry    10036dc8 f   LIBCMT:getqloc.obj
 0001:00035e3d       _GetLcidFromLanguage       10036e3d f   LIBCMT:getqloc.obj
 0001:0003607f       ?__crtGetStringTypeA_stat@@YAHPAUlocaleinfo_struct@@KPBDHPAGHHH@Z 1003707f f   LIBCMT:_a_str.obj
 0001:0003633b       ?strncnt@@YAHPBDH@Z        1003733b f   LIBCMT:_a_map.obj
 0001:00036359       ?__crtLCMapStringA_stat@@YAHPAUlocaleinfo_struct@@KKPBDHPADHHH@Z 10037359 f   LIBCMT:_a_map.obj
 0001:00036ea6       __tzset_nolock             10037ea6 f   LIBCMT:tzset.obj
 0001:0003720c       _cvtdate                   1003820c f   LIBCMT:tzset.obj
 0001:00037403       __isindst_nolock           10038403 f   LIBCMT:tzset.obj
 0001:00037cff       _xtoa_s@20                 10038cff f   LIBCMT:xtoas.obj
 0001:00037e43       @x64toa_s@24               10038e43 f   LIBCMT:xtoas.obj
 0001:00038357       ?__crtGetLocaleInfoA_stat@@YAHPAUlocaleinfo_struct@@KKPADHH@Z 10039357 f   LIBCMT:_a_loc.obj
 0001:00038565       __getenv_s_helper          10039565 f   LIBCMT:getenv.obj
 0001:000385ff       __dupenv_s_helper          100395ff f   LIBCMT:getenv.obj
 0001:00038b0b       ?strtoxlX@@YAKPAUlocaleinfo_struct@@PBDPAPBDHHH@Z 10039b0b f   LIBCMT:_strtol.obj
 0001:00038d74       ?strtoxl@@YAKPAUlocaleinfo_struct@@PBDPAPBDHH@Z 10039d74 f   LIBCMT:_strtol.obj
 0001:00038e25       ?strtoxq@@YA_KPAUlocaleinfo_struct@@PBDPAPBDHH@Z 10039e25 f   LIBCMT:_strtoq.obj
 0001:00039404       ?__crtGetStringTypeW_stat@@YAHPAUlocaleinfo_struct@@KPBGHPAGHH@Z 1003a404 f   LIBCMT:_w_str.obj
 0001:000397f4       ?strncnt@@YAHPBDH@Z        1003a7f4 f   LIBCMT:_a_cmp.obj
 0001:00039812       ?__crtCompareStringA_stat@@YAHPAUlocaleinfo_struct@@KKPBDH1HH@Z 1003a812 f   LIBCMT:_a_cmp.obj
 0001:00039ce7       _findenv                   1003ace7 f   LIBCMT:setenv.obj
 0001:00039d39       _copy_environ              1003ad39 f   LIBCMT:setenv.obj
 0001:0003a250       ??__EhkFunc@@YAXXZ         1003b250 f   HkFunc.obj
